/sbin/sh: exec: line 1: logcat: not found
/sbin/sh: exec: line 1: logcat: not found
/sbin/sh: exec: line 1: logcat: not found
--------- beginning of main
11-21 15:51:21.372   153   153 W auditd  : type=2000 audit(0.0:1): initialized
11-21 15:51:23.780   153   153 I auditd  : type=1403 audit(0.0:2): policy loaded auid=4294967295 ses=4294967295
11-21 15:51:23.790     1     1 I chatty  : uid=0(root) /init expire 2 lines
11-21 15:51:23.850   115   115 I chatty  : uid=0(root) /sbin/ueventd expire 1 line
11-21 15:51:24.460   126   126 W e2fsck  : type=1400 audit(0.0:6): avc: denied { module_request } for kmod="personality-8" scontext=u:r:fsck:s0 tcontext=u:r:kernel:s0 tclass=system
11-21 15:51:24.510   126   126 W e2fsck  : type=1400 audit(0.0:7): avc: denied { read } for name="mmcblk0p7" dev="tmpfs" ino=2438 scontext=u:r:fsck:s0 tcontext=u:object_r:block_device:s0 tclass=blk_file
11-21 15:51:24.510   126   126 W e2fsck  : type=1400 audit(0.0:8): avc: denied { open } for name="mmcblk0p7" dev="tmpfs" ino=2438 scontext=u:r:fsck:s0 tcontext=u:object_r:block_device:s0 tclass=blk_file
11-21 15:51:24.510   126   126 W e2fsck  : type=1400 audit(0.0:9): avc: denied { write } for name="mmcblk0p7" dev="tmpfs" ino=2438 scontext=u:r:fsck:s0 tcontext=u:object_r:block_device:s0 tclass=blk_file
11-21 15:51:24.510   126   126 W e2fsck  : type=1400 audit(0.0:10): avc: denied { ioctl } for path="/dev/block/mmcblk0p7" dev="tmpfs" ino=2438 scontext=u:r:fsck:s0 tcontext=u:object_r:block_device:s0 tclass=blk_file
11-21 15:51:25.020   154   154 W mknod   : type=1400 audit(0.0:13): avc: denied { create } for name="wmtWifi" scontext=u:r:init:s0 tcontext=u:object_r:device:s0 tclass=chr_file
11-21 15:51:25.250   182   182 I chatty  : uid=0(root) /system/bin/vold expire 1 line
--------- beginning of system
11-21 15:51:25.361   182   182 I vold    : Vold 3.0 (the awakening) firing up
11-21 15:51:25.362   182   182 V vold    : Detected support for: exfat ext4 ntfs vfat
11-21 15:51:25.627   182   187 V vold    : /system/bin/sgdisk
11-21 15:51:25.627   182   187 V vold    :     --android-dump
11-21 15:51:25.627   182   187 V vold    :     /dev/block/vold/disk:179_96
11-21 15:51:25.670   190   190 I chatty  : uid=0(root) sh expire 1 line
11-21 15:51:25.709   182   187 V vold    : DISK mbr
11-21 15:51:25.709   182   187 V vold    : PART 1 c
11-21 15:51:25.790   195   195 W tzdatacheck: type=1400 audit(0.0:16): avc: denied { module_request } for kmod="personality-8" scontext=u:r:tzdatacheck:s0 tcontext=u:r:kernel:s0 tclass=system
11-21 15:51:25.820   198   198 I chatty  : uid=0(root) /system/bin/sh expire 1 line
11-21 15:51:25.824   195   195 I /system/bin/tzdatacheck: tzdata file /data/misc/zoneinfo/current/tzdata does not exist. No action required.
11-21 15:51:25.850   204   204 I chatty  : uid=0(root) /sbin/healthd expire 1 line
11-21 15:51:25.870   205   205 I chatty  : uid=0(root) /system/bin/lmkd expire 2 lines
11-21 15:51:25.870   210   210 I chatty  : uid=0(root) /system/bin/surfaceflinger expire 6 lines
11-21 15:51:25.870   208   208 W servicemanager: type=1400 audit(0.0:21): avc: denied { module_request } for kmod="personality-8" scontext=u:r:servicemanager:s0 tcontext=u:r:kernel:s0 tclass=system
11-21 15:51:25.880   235   235 W sh      : type=1400 audit(0.0:22): avc: denied { module_request } for kmod="personality-8" scontext=u:r:shell:s0 tcontext=u:r:kernel:s0 tclass=system
--------- beginning of crash
11-21 15:51:25.881   216   216 F libc    : page record for 0xb6f6001c was not found (block_size=16)
11-21 15:51:25.890   247   247 I chatty  : uid=0(root) /system/bin/logwrapper expire 4 lines
11-21 15:51:25.890   254   254 I chatty  : uid=0(root) /system/bin/mtk_agpsd expire 14 lines
11-21 15:51:25.920   263   263 I chatty  : uid=0(root) /sbin/adbd expire 1 line
11-21 15:51:26.020   239   239 I chatty  : uid=0(root) /system/bin/debuggerd expire 2 lines
11-21 15:51:26.020   242   242 W drmserver: type=1400 audit(0.0:28): avc: denied { module_request } for kmod="personality-8" scontext=u:r:drmserver:s0 tcontext=u:r:kernel:s0 tclass=system
11-21 15:51:26.020   261   261 W gatekeeperd: type=1400 audit(0.0:29): avc: denied { module_request } for kmod="personality-8" scontext=u:r:gatekeeperd:s0 tcontext=u:r:kernel:s0 tclass=system
11-21 15:51:26.020   244   244 I chatty  : uid=0(root) /system/bin/installd expire 2 lines
11-21 15:51:26.030   246   246 W keystore: type=1400 audit(0.0:31): avc: denied { module_request } for kmod="personality-8" scontext=u:r:keystore:s0 tcontext=u:r:kernel:s0 tclass=system
11-21 15:51:26.050   253   253 I chatty  : uid=0(root) /system/bin/msensord expire 13 lines
11-21 15:51:26.050   260   260 W 6620_launcher: type=1400 audit(0.0:33): avc: denied { getattr } for path="/dev/pts/0" dev="devpts" ino=3 scontext=u:r:init:s0 tcontext=u:object_r:devpts:s0 tclass=chr_file
11-21 15:51:26.050   260   260 W 6620_launcher: type=1400 audit(0.0:34): avc: denied { ioctl } for path="/dev/pts/0" dev="devpts" ino=3 scontext=u:r:init:s0 tcontext=u:object_r:devpts:s0 tclass=chr_file
11-21 15:51:26.059   211   211 I 6620_launcher: Can't open device node(/dev/stpwmt) 
11-21 15:51:26.060   294   294 I chatty  : uid=0(root) /system/bin/sh expire 1 line
11-21 15:51:26.063   209   209 I chatty  : uid=0(root) /system/bin/log expire 1 line
11-21 15:51:26.090   256   256 I chatty  : uid=0(root) /system/bin/wifi2agps expire 7 lines
11-21 15:51:26.100   262   262 I chatty  : uid=0(root) /system/xbin/perfprofd expire 4 lines
11-21 15:51:26.100   307   307 W getprop : type=1400 audit(0.0:43): avc: denied { module_request } for kmod="personality-8" scontext=u:r:shell:s0 tcontext=u:r:kernel:s0 tclass=system
11-21 15:51:26.101   258   258 I chatty  : uid=0(root) /system/bin/permission_check expire 5 lines
11-21 15:51:26.132   212   212 I chatty  : uid=0(root) /system/bin/ccci_fsd expire 5 lines
11-21 15:51:26.135   306   306 I chatty  : uid=0(root) log expire 1 line
11-21 15:51:26.137   257   257 I chatty  : uid=0(root) /system/xbin/BGW expire 9 lines
11-21 15:51:26.138   257   322 I chatty  : uid=0(root) /system/xbin/BGW expire 1 line
11-21 15:51:26.141   213   213 I chatty  : uid=0(root) /system/bin/ccci_fsd expire 1 line
11-21 15:51:26.162   255   255 I chatty  : uid=0(root) /system/xbin/mnld expire 34 lines
11-21 15:51:26.167   252   252 I chatty  : uid=0(root) /system/bin/nvram_daemon expire 12 lines
11-21 15:51:26.179   321   321 I chatty  : uid=0(root) log expire 1 line
11-21 15:51:26.184   246   246 I keystore: Found keymaster0 module Keymaster OpenSSL HAL, version 2
11-21 15:51:26.184   246   246 I SoftKeymaster: system/keymaster/soft_keymaster_device.cpp, Line 122: Creating device
11-21 15:51:26.184   246   246 D SoftKeymaster: system/keymaster/soft_keymaster_device.cpp, Line 123: Device address: 0xb6ba4000
11-21 15:51:26.184   246   246 I keystore: Keymaster0 module is software-only.  Using SoftKeymasterDevice instead.
11-21 15:51:26.184   246   246 I SoftKeymaster: system/keymaster/soft_keymaster_device.cpp, Line 122: Creating device
11-21 15:51:26.184   246   246 D SoftKeymaster: system/keymaster/soft_keymaster_device.cpp, Line 123: Device address: 0xb6ba4180
11-21 15:51:26.203   261   261 I gatekeeperd: Starting gatekeeperd...
11-21 15:51:26.204   261   261 W gatekeeperd: falling back to software GateKeeper
11-21 15:51:26.214   329   329 I chatty  : uid=0(root) log expire 1 line
11-21 15:51:26.220   254   338 I chatty  : uid=0(root) /system/bin/mtk_agpsd expire 18 lines
11-21 15:51:26.225   254   355 I chatty  : uid=0(root) /system/bin/mtk_agpsd expire 2 lines
11-21 15:51:26.225   238   238 I chatty  : uid=0(root) /system/bin/netd expire 3 lines
11-21 15:51:26.228   254   354 I chatty  : uid=0(root) /system/bin/mtk_agpsd expire 2 lines
11-21 15:51:26.270   376   376 W nvram_daemon: type=1400 audit(0.0:44): avc: denied { write } for name="mmcblk0" dev="tmpfs" ino=2415 scontext=u:r:init:s0 tcontext=u:object_r:block_device:s0 tclass=blk_file
11-21 15:51:26.277   252   372 I chatty  : uid=0(root) /system/bin/nvram_daemon expire 1 line
11-21 15:51:26.278   252   375 I chatty  : uid=0(root) /system/bin/nvram_daemon expire 15 lines
11-21 15:51:26.279   252   370 I chatty  : uid=0(root) /system/bin/nvram_daemon expire 18 lines
11-21 15:51:26.280   252   376 I chatty  : uid=0(root) /system/bin/nvram_daemon expire 8 lines
11-21 15:51:26.281   252   373 I chatty  : uid=0(root) /system/bin/nvram_daemon expire 18 lines
11-21 15:51:26.281   252   369 I chatty  : uid=0(root) /system/bin/nvram_daemon expire 18 lines
11-21 15:51:26.282   252   374 I chatty  : uid=0(root) /system/bin/nvram_daemon expire 3 lines
11-21 15:51:26.282   252   371 I chatty  : uid=0(root) /system/bin/nvram_daemon expire 11 lines
11-21 15:51:26.290   215   215 I chatty  : uid=0(root) /system/bin/ccci_mdinit expire 1 line
11-21 15:51:26.300   338   338 I chatty  : uid=0(root) /system/bin/mtk_agpsd expire 1 line
11-21 15:51:26.303   248   248 I chatty  : uid=0(root) /system/bin/drvbd expire 1 line
11-21 15:51:26.310   365   365 I chatty  : uid=0(root) log expire 1 line
11-21 15:51:26.317   252   369 I chatty  : uid=0(root) /system/bin/nvram_daemon expire 18 lines
11-21 15:51:26.317   252   371 I chatty  : uid=0(root) /system/bin/nvram_daemon expire 37 lines
11-21 15:51:26.317   252   375 I chatty  : uid=0(root) /system/bin/nvram_daemon expire 12 lines
11-21 15:51:26.318   252   373 I chatty  : uid=0(root) /system/bin/nvram_daemon expire 9 lines
11-21 15:51:26.323   252   370 I chatty  : uid=0(root) /system/bin/nvram_daemon expire 19 lines
11-21 15:51:26.333   254   338 I chatty  : uid=0(root) /system/bin/mtk_agpsd expire 10 lines
11-21 15:51:26.335   252   252 I chatty  : uid=0(root) /system/bin/nvram_daemon expire 1 line
11-21 15:51:26.340   398   398 I chatty  : uid=0(root) arch_worker expire 1 line
11-21 15:51:26.345   210   398 I chatty  : uid=0(root) arch_worker expire 1 line
11-21 15:51:26.347   392   392 I chatty  : uid=0(root) /system/bin/log expire 1 line
11-21 15:51:26.359   210   210 I chatty  : uid=0(root) /system/bin/surfaceflinger expire 55 lines
11-21 15:51:26.359   211   211 I 6620_launcher: open device node succeed.(Node:/dev/stpwmt, fd:3) 
11-21 15:51:26.359   211   211 I 6620_launcher: key:(persist.mtk.wcn.combo.chipid)-value:(0x6592),chipId:0x6592
11-21 15:51:26.359   211   211 I 6620_launcher: chip id is 0x6592
11-21 15:51:26.359   211   211 I 6620_launcher: chiId:0x6592, setting to property(persist.mtk.wcn.combo.chipid)
11-21 15:51:26.367   211   211 I 6620_launcher: set property(persist.mtk.wcn.combo.chipid) to 0x6592 succeed.
11-21 15:51:26.367   211   211 I 6620_launcher: chipIdProp:key(persist.mtk.wcn.combo.chipid)value(0x6592)
11-21 15:51:26.367   211   211 I 6620_launcher: chiId:0x6592
11-21 15:51:26.367   211   211 I 6620_launcher: run SOC chip flow
11-21 15:51:26.384   210   410 I chatty  : uid=0(root) VSyncThreadHWC expire 1 line
11-21 15:51:26.385   210   412 I chatty  : uid=0(root) UEventThreadHWC expire 1 line
11-21 15:51:26.385   210   413 I chatty  : uid=0(root) UIComposeThread expire 1 line
11-21 15:51:26.385   210   414 I chatty  : uid=0(root) MMComposeThread expire 1 line
11-21 15:51:26.386   210   415 I chatty  : uid=0(root) HWCDispatchThre expire 1 line
11-21 15:51:26.420   421   421 W bootanimation: type=1400 audit(0.0:49): avc: denied { module_request } for kmod="personality-8" scontext=u:r:bootanim:s0 tcontext=u:r:kernel:s0 tclass=system
11-21 15:51:26.421   411   411 I chatty  : uid=0(root) /system/bin/log expire 1 line
11-21 15:51:26.462   212   212 I chatty  : uid=0(root) /system/bin/ccci_fsd expire 589 lines
11-21 15:51:26.490   210   210 I chatty  : uid=0(root) /system/bin/surfaceflinger expire 1 line
11-21 15:51:26.501   243   243 I chatty  : uid=0(root) /system/bin/mediaserver expire 13 lines
11-21 15:51:26.509   212   212 I chatty  : uid=0(root) /system/bin/ccci_fsd expire 446 lines
11-21 15:51:26.560   243   243 I chatty  : uid=0(root) /system/bin/mediaserver expire 22 lines
11-21 15:51:26.655   462   462 I chatty  : uid=0(root) /system/bin/gsm0710muxd expire 33 lines
11-21 15:51:26.764   210   210 I chatty  : uid=0(root) /system/bin/surfaceflinger expire 1 line
11-21 15:51:26.772   421   476 D libEGL  : loaded /system/lib/egl/libEGL_mali.so
11-21 15:51:26.776   421   476 D libEGL  : loaded /system/lib/egl/libGLESv1_CM_mali.so
11-21 15:51:26.793   421   476 D libEGL  : loaded /system/lib/egl/libGLESv2_mali.so
11-21 15:51:26.804   212   212 I chatty  : uid=0(root) /system/bin/ccci_fsd expire 95 lines
11-21 15:51:26.806   255   255 I chatty  : uid=0(root) /system/xbin/mnld expire 1 line
11-21 15:51:26.821   421   483 E cutils-trace: Error opening trace file: No such file or directory (2)
11-21 15:51:26.827   243   243 I chatty  : uid=0(root) /system/bin/mediaserver expire 159 lines
11-21 15:51:26.836   421   476 I MaliEGL : [Mali]window_type=1, is_framebuffer=0, errnum = 0
11-21 15:51:26.836   421   476 I MaliEGL : [Mali]surface->num_buffers=4, surface->num_frames=3, win_min_undequeued=1
11-21 15:51:26.836   421   476 I MaliEGL : [Mali]max_allowed_dequeued_buffers=3
11-21 15:51:26.839   421   476 E         : appName=/system/bin/bootanimation, acAppName=/system/bin/surfaceflinger
11-21 15:51:26.839   421   476 E         : 0
11-21 15:51:26.853   421   476 E BootAnimation: couldn't find audio_conf.txt
11-21 15:51:26.966   421   476 I [MALI][Gralloc]: dlopen libsec_mem.so fail
11-21 15:51:27.159   212   212 I chatty  : uid=0(root) /system/bin/ccci_fsd expire 1223 lines
11-21 15:51:27.306   255   255 I chatty  : uid=0(root) /system/xbin/mnld expire 1 line
11-21 15:51:27.357   243   243 I chatty  : uid=0(root) /system/bin/mediaserver expire 206 lines
11-21 15:51:27.369   212   212 I chatty  : uid=0(root) /system/bin/ccci_fsd expire 93 lines
11-21 15:51:27.420   544   544 I chatty  : uid=0(root) /system/bin/mediaserver expire 1 line
11-21 15:51:27.423   243   544 I chatty  : uid=0(root) /system/bin/mediaserver expire 2 lines
11-21 15:51:27.423   243   545 I chatty  : uid=0(root) /system/bin/mediaserver expire 1 line
11-21 15:51:27.425   462   462 I chatty  : uid=0(root) /system/bin/gsm0710muxd expire 42 lines
11-21 15:51:27.430   243   243 I chatty  : uid=0(root) /system/bin/mediaserver expire 157 lines
11-21 15:51:27.432   212   212 I chatty  : uid=0(root) /system/bin/ccci_fsd expire 57 lines
11-21 15:51:27.465   243   548 I chatty  : uid=0(root) /system/bin/mediaserver expire 23 lines
11-21 15:51:27.467   243   243 I chatty  : uid=0(root) /system/bin/mediaserver expire 222 lines
11-21 15:51:27.470   212   212 I chatty  : uid=0(root) /system/bin/ccci_fsd expire 30 lines
11-21 15:51:27.481   243   243 I chatty  : uid=0(root) /system/bin/mediaserver expire 229 lines
11-21 15:51:27.488   243   554 I chatty  : uid=0(root) /system/bin/mediaserver expire 2 lines
11-21 15:51:27.496   243   555 I chatty  : uid=0(root) /system/bin/mediaserver expire 6 lines
11-21 15:51:27.498   243   243 I chatty  : uid=0(root) /system/bin/mediaserver expire 210 lines
11-21 15:51:27.498   243   553 I chatty  : uid=0(root) /system/bin/mediaserver expire 3 lines
11-21 15:51:27.499   243   554 I chatty  : uid=0(root) /system/bin/mediaserver expire 4 lines
11-21 15:51:27.503   212   212 I chatty  : uid=0(root) /system/bin/ccci_fsd expire 30 lines
11-21 15:51:27.511   243   544 I chatty  : uid=0(root) /system/bin/mediaserver expire 2 lines
11-21 15:51:27.512   243   545 I chatty  : uid=0(root) /system/bin/mediaserver expire 2 lines
11-21 15:51:27.515   243   548 I chatty  : uid=0(root) /system/bin/mediaserver expire 3 lines
11-21 15:51:27.520   546   546 I chatty  : uid=0(root) /system/xbin/supolicy expire 2 lines
11-21 15:51:27.526   243   243 I chatty  : uid=0(root) /system/bin/mediaserver expire 165 lines
11-21 15:51:27.531   212   212 I chatty  : uid=0(root) /system/bin/ccci_fsd expire 87 lines
11-21 15:51:27.620   565   565 I chatty  : uid=0(root) /system/bin/mediaserver expire 1 line
11-21 15:51:27.630   243   565 I chatty  : uid=0(root) /system/bin/mediaserver expire 2 lines
11-21 15:51:27.630   243   243 I chatty  : uid=0(root) /system/bin/mediaserver expire 219 lines
11-21 15:51:27.630   243   566 I chatty  : uid=0(root) /system/bin/mediaserver expire 1 line
11-21 15:51:27.631   212   212 I chatty  : uid=0(root) /system/bin/ccci_fsd expire 30 lines
11-21 15:51:27.664   243   570 I chatty  : uid=0(root) /system/bin/mediaserver expire 4 lines
11-21 15:51:27.667   243   243 I chatty  : uid=0(root) /system/bin/mediaserver expire 243 lines
11-21 15:51:27.669   212   212 I chatty  : uid=0(root) /system/bin/ccci_fsd expire 42 lines
11-21 15:51:27.678   243   243 I chatty  : uid=0(root) /system/bin/mediaserver expire 208 lines
11-21 15:51:27.680   243   575 I chatty  : uid=0(root) /system/bin/mediaserver expire 6 lines
11-21 15:51:27.684   243   576 I chatty  : uid=0(root) /system/bin/mediaserver expire 6 lines
11-21 15:51:27.690   243   574 I chatty  : uid=0(root) /system/bin/mediaserver expire 3 lines
11-21 15:51:27.701   243   565 I chatty  : uid=0(root) /system/bin/mediaserver expire 2 lines
11-21 15:51:27.702   243   243 I chatty  : uid=0(root) /system/bin/mediaserver expire 179 lines
11-21 15:51:27.702   243   566 I chatty  : uid=0(root) /system/bin/mediaserver expire 2 lines
11-21 15:51:27.704   243   570 I chatty  : uid=0(root) /system/bin/mediaserver expire 3 lines
11-21 15:51:27.706   212   212 I chatty  : uid=0(root) /system/bin/ccci_fsd expire 70 lines
11-21 15:51:27.760   186   186 I auditd  : type=1403 audit(0.0:68): policy loaded auid=4294967295 ses=4294967295
11-21 15:51:27.770   583   583 I chatty  : uid=0(root) /system/xbin/daemonsu expire 1 line
11-21 15:51:27.770   212   212 I chatty  : uid=0(root) /system/bin/ccci_fsd expire 251 lines
11-21 15:51:27.806   255   255 I chatty  : uid=0(root) /system/xbin/mnld expire 1 line
11-21 15:51:27.820   259   259 I chatty  : uid=0(root) /system/bin/app_process expire 1 line
11-21 15:51:28.090   617   617 I chatty  : uid=0(root) supolicy expire 2 lines
11-21 15:51:28.093   208   208 I SELinux : SELinux: Loaded service_contexts from /service_contexts.
11-21 15:51:28.209   212   212 I chatty  : uid=0(root) /system/bin/ccci_fsd expire 54 lines
11-21 15:51:28.300   382   382 I chatty  : uid=0(root) POSIX timer 18 expire 1 line
11-21 15:51:28.306   255   255 I chatty  : uid=0(root) /system/xbin/mnld expire 1 line
11-21 15:51:28.308   254   382 I chatty  : uid=0(root) POSIX timer 18 expire 1 line
11-21 15:51:28.308   254   338 I chatty  : uid=0(root) /system/bin/mtk_agpsd expire 1 line
11-21 15:51:28.310   186   186 I auditd  : type=1403 audit(0.0:74): policy loaded auid=4294967295 ses=4294967295
11-21 15:51:28.320   641   641 I chatty  : uid=0(root) mount expire 1 line
11-21 15:51:28.450   462   462 I chatty  : uid=0(root) /system/bin/gsm0710muxd expire 108 lines
11-21 15:51:28.459   462   674 I chatty  : uid=0(root) /system/bin/gsm0710muxd expire 1 line
11-21 15:51:28.461   462   676 I chatty  : uid=0(root) /system/bin/gsm0710muxd expire 1 line
11-21 15:51:28.461   462   672 I chatty  : uid=0(root) /system/bin/gsm0710muxd expire 20 lines
11-21 15:51:28.461   462   671 I chatty  : uid=0(root) /system/bin/gsm0710muxd expire 63 lines
11-21 15:51:28.466   462   673 I chatty  : uid=0(root) /system/bin/gsm0710muxd expire 1 line
11-21 15:51:28.470   462   675 I chatty  : uid=0(root) /system/bin/gsm0710muxd expire 1 line
11-21 15:51:28.474   462   681 I chatty  : uid=0(root) /system/bin/gsm0710muxd expire 1 line
11-21 15:51:28.475   462   462 I chatty  : uid=0(root) /system/bin/gsm0710muxd expire 66 lines
11-21 15:51:28.475   462   682 I chatty  : uid=0(root) /system/bin/gsm0710muxd expire 1 line
11-21 15:51:28.476   462   683 I chatty  : uid=0(root) /system/bin/gsm0710muxd expire 1 line
11-21 15:51:28.493   462   672 I chatty  : uid=0(root) /system/bin/gsm0710muxd expire 28 lines
11-21 15:51:28.493   462   671 I chatty  : uid=0(root) /system/bin/gsm0710muxd expire 155 lines
11-21 15:51:28.493   462   678 I chatty  : uid=0(root) /system/bin/gsm0710muxd expire 1 line
11-21 15:51:28.498   462   686 I chatty  : uid=0(root) /system/bin/gsm0710muxd expire 1 line
11-21 15:51:28.498   462   690 I chatty  : uid=0(root) /system/bin/gsm0710muxd expire 1 line
11-21 15:51:28.498   462   689 I chatty  : uid=0(root) /system/bin/gsm0710muxd expire 1 line
11-21 15:51:28.502   462   671 I chatty  : uid=0(root) /system/bin/gsm0710muxd expire 36 lines
11-21 15:51:28.510   462   462 I chatty  : uid=0(root) /system/bin/gsm0710muxd expire 35 lines
11-21 15:51:28.516   462   694 I chatty  : uid=0(root) /system/bin/gsm0710muxd expire 1 line
11-21 15:51:28.518   462   695 I chatty  : uid=0(root) /system/bin/gsm0710muxd expire 1 line
11-21 15:51:28.520   697   697 I chatty  : uid=0(root) /init expire 2 lines
11-21 15:51:28.521   462   672 I chatty  : uid=0(root) /system/bin/gsm0710muxd expire 8 lines
11-21 15:51:28.522   462   462 E MUXD    : [gsm0710muxd] 3166:watchdog(): muxd switch to user radio
11-21 15:51:28.522   462   462 I MUXD    : [gsm0710muxd] 3557:main(): Frames received/dropped: 16/0
11-21 15:51:28.540     1     1 I chatty  : uid=0(root) /init expire 1 line
11-21 15:51:28.544   697   697 F libc    : page record for 0xb6ec801c was not found (block_size=16)
11-21 15:51:28.722   208   208 I SELinux : SELinux: Loaded service_contexts from /service_contexts.
11-21 15:51:28.722   243   243 I chatty  : uid=0(root) /system/bin/mediaserver expire 3 lines
11-21 15:51:28.807   255   255 I chatty  : uid=0(root) /system/xbin/mnld expire 5 lines
11-21 15:51:28.851   259   259 I chatty  : uid=0(root) /system/bin/app_process expire 161 lines
11-21 15:51:30.309   254   382 I chatty  : uid=0(root) POSIX timer 18 expire 1 line
11-21 15:51:30.309   254   338 I chatty  : uid=0(root) /system/bin/mtk_agpsd expire 1 line
11-21 15:51:30.970   923   923 W idmap   : type=1400 audit(0.0:81): avc: denied { module_request } for kmod="personality-8" scontext=u:r:zygote:s0 tcontext=u:r:kernel:s0 tclass=system
11-21 15:51:31.011   923   923 D idmap   : error: no read access to /vendor/overlay: No such file or directory
11-21 15:51:31.305   259   259 I chatty  : uid=0(root) /system/bin/app_process expire 254 lines
11-21 15:51:31.308   255   255 I chatty  : uid=0(root) /system/xbin/mnld expire 3 lines
11-21 15:51:31.624   259   259 I chatty  : uid=0(root) /system/bin/app_process expire 194 lines
11-21 15:51:31.723   243   243 I chatty  : uid=0(root) /system/bin/mediaserver expire 39 lines
11-21 15:51:32.080   259   787 I chatty  : uid=0(root) /system/bin/app_process expire 1 line
11-21 15:51:32.152  1025  1025 I InstallerConnection: connecting...
11-21 15:51:32.154   244   244 I chatty  : uid=0(root) /system/bin/installd expire 8 lines
11-21 15:51:32.176  1025  1025 I InstallerConnection: disconnecting...
11-21 15:51:32.224  1025  1025 I SystemServer: Entered the Android system server!
11-21 15:51:32.272   213   213 I chatty  : uid=0(root) /system/bin/ccci_fsd expire 1 line
11-21 15:51:32.309   254   382 I chatty  : uid=0(root) POSIX timer 18 expire 1 line
11-21 15:51:32.309   254   338 I chatty  : uid=0(root) /system/bin/mtk_agpsd expire 1 line
11-21 15:51:32.339  1025  1025 I SystemServiceManager: Starting com.android.server.pm.Installer
11-21 15:51:32.345  1025  1025 I Installer: Waiting for installd to be ready.
11-21 15:51:32.345  1025  1025 I InstallerConnection: connecting...
11-21 15:51:32.346  1025  1025 I SystemServiceManager: Starting com.android.server.am.ActivityManagerService$Lifecycle
11-21 15:51:32.366  1025  1025 I ActivityManager: choosing minFree values for 32 Bit
11-21 15:51:32.366  1025  1025 I ActivityManager: choosing minFree values for 32 Bit
11-21 15:51:32.366  1025  1025 I ActivityManager: choosing minFree values for 32 Bit
11-21 15:51:32.366  1025  1025 I ActivityManager: choosing minFree values for 32 Bit
11-21 15:51:32.366  1025  1025 I ActivityManager: choosing minFree values for 32 Bit
11-21 15:51:32.366  1025  1025 I ActivityManager: choosing minFree values for 32 Bit
11-21 15:51:32.382  1025  1025 I ActivityManager: Memory class: 96
11-21 15:51:32.413  1025  1025 D BatteryStatsImpl: Reading daily items from /data/system/batterystats-daily.xml
11-21 15:51:32.426  1025  1025 I AppOps  : No existing app ops /data/system/appops.xml; starting empty
11-21 15:51:32.450   215   215 I chatty  : uid=0(root) /system/bin/ccci_mdinit expire 1 line
11-21 15:51:32.462  1025  1025 W ProcessCpuTracker: Skipping unknown process pid 215
11-21 15:51:32.475  1025  1025 W ProcessCpuTracker: Skipping unknown process pid 1063
11-21 15:51:32.489  1025  1025 I IntentFirewall: Read new rules (A:0 B:0 S:0)
11-21 15:51:32.505   208   208 I SELinux : avc:  received policyload notice (seqno=2)
11-21 15:51:32.505   208   208 I SELinux : avc:  received policyload notice (seqno=3)
11-21 15:51:32.506  1025  1025 D AppOps  : AppOpsService published
11-21 15:51:32.506  1025  1025 I SystemServiceManager: Starting com.android.server.power.PowerManagerService
11-21 15:51:32.518  1025  1025 I libsuspend: Selected early suspend
11-21 15:51:32.518  1025  1025 I libsuspend: Starting early suspend unblocker thread
11-21 15:51:32.524  1025  1025 I SystemServiceManager: Starting com.android.server.lights.LightsService
11-21 15:51:32.529  1025  1025 I SystemServiceManager: Starting com.android.server.display.DisplayManagerService
11-21 15:51:32.537  1025  1025 I SystemServiceManager: Starting phase 100
11-21 15:51:32.550   210   490 I chatty  : uid=0(root) Binder_3 expire 1 line
11-21 15:51:32.553  1025  1074 I DisplayManagerService: Display device added: DisplayDeviceInfo{"Built-in Screen": uniqueId="local:0", 720 x 1280, modeId 1, defaultModeId 1, supportedModes [{id=1, width=720, height=1280, fps=55.94}], colorTransformId 1, defaultColorTransformId 1, supportedColorTransforms [{id=1, colorTransform=0}], density 320, 320.0 x 320.0 dpi, appVsyncOff 0, presDeadline 18876296, touch INTERNAL, rotation 0, type BUILT_IN, state UNKNOWN, FLAG_DEFAULT_DISPLAY, FLAG_ROTATES_WITH_CONTENT, FLAG_SECURE, FLAG_SUPPORTS_PROTECTED_BUFFERS}
11-21 15:51:32.555   210   210 I chatty  : uid=0(root) /system/bin/surfaceflinger expire 2 lines
11-21 15:51:32.555  1025  1074 D lights  : write_int open fd=39
11-21 15:51:32.555  1025  1074 D lights  : write_int open fd=39
11-21 15:51:32.556  1025  1025 I SystemServer: Package Manager
11-21 15:51:32.556  1025  1074 I DisplayManagerService: Display device changed state: "Built-in Screen", ON
11-21 15:51:32.576  1025  1025 I art     : Rejecting re-init on previously-failed class java.lang.Class<com.android.org.conscrypt.OpenSSLMessageDigestJDK$SHA1>
11-21 15:51:32.577  1025  1025 I art     : Rejecting re-init on previously-failed class java.lang.Class<com.android.org.conscrypt.OpenSSLMessageDigestJDK$SHA1>
11-21 15:51:32.577  1025  1025 E System  : ******************************************
11-21 15:51:32.583  1025  1025 E System  : ************ Failure starting system services
11-21 15:51:32.583  1025  1025 E System  : java.lang.RuntimeException: java.security.NoSuchAlgorithmException: MessageDigest SHA-1 implementation not found: java.lang.ClassNotFoundException: com.android.org.conscrypt.OpenSSLMessageDigestJDK$SHA1
11-21 15:51:32.583  1025  1025 E System  : 	at com.android.server.pm.SELinuxMMAC.returnHash(SELinuxMMAC.java:452)
11-21 15:51:32.583  1025  1025 E System  : 	at com.android.server.pm.SELinuxMMAC.shouldRestorecon(SELinuxMMAC.java:382)
11-21 15:51:32.583  1025  1025 E System  : 	at com.android.server.pm.PackageManagerService.<init>(PackageManagerService.java:576)
11-21 15:51:32.583  1025  1025 E System  : 	at com.android.server.pm.PackageManagerService.main(PackageManagerService.java:1872)
11-21 15:51:32.583  1025  1025 E System  : 	at com.android.server.SystemServer.startBootstrapServices(SystemServer.java:387)
11-21 15:51:32.583  1025  1025 E System  : 	at com.android.server.SystemServer.run(SystemServer.java:289)
11-21 15:51:32.583  1025  1025 E System  : 	at com.android.server.SystemServer.main(SystemServer.java:176)
11-21 15:51:32.583  1025  1025 E System  : 	at java.lang.reflect.Method.invoke(Native Method)
11-21 15:51:32.583  1025  1025 E System  : 	at com.android.internal.os.ZygoteInit$MethodAndArgsCaller.run(ZygoteInit.java:726)
11-21 15:51:32.583  1025  1025 E System  : 	at com.android.internal.os.ZygoteInit.main(ZygoteInit.java:616)
11-21 15:51:32.583  1025  1025 E System  : Caused by: java.security.NoSuchAlgorithmException: MessageDigest SHA-1 implementation not found: java.lang.ClassNotFoundException: com.android.org.conscrypt.OpenSSLMessageDigestJDK$SHA1
11-21 15:51:32.583  1025  1025 E System  : 	at java.security.Provider$Service.newInstance(Provider.java:1075)
11-21 15:51:32.583  1025  1025 E System  : 	at org.apache.harmony.security.fortress.Engine.getInstance(Engine.java:141)
11-21 15:51:32.583  1025  1025 E System  : 	at java.security.MessageDigest.getInstance(MessageDigest.java:91)
11-21 15:51:32.583  1025  1025 E System  : 	at com.android.server.pm.SELinuxMMAC.returnHash(SELinuxMMAC.java:450)
11-21 15:51:32.583  1025  1025 E System  : 	... 9 more
11-21 15:51:32.584  1025  1025 D AndroidRuntime: Shutting down VM
11-21 15:51:32.584  1025  1025 E AndroidRuntime: *** FATAL EXCEPTION IN SYSTEM PROCESS: main
11-21 15:51:32.584  1025  1025 E AndroidRuntime: java.lang.RuntimeException: java.security.NoSuchAlgorithmException: MessageDigest SHA-1 implementation not found: java.lang.ClassNotFoundException: com.android.org.conscrypt.OpenSSLMessageDigestJDK$SHA1
11-21 15:51:32.584  1025  1025 E AndroidRuntime: 	at com.android.server.pm.SELinuxMMAC.returnHash(SELinuxMMAC.java:452)
11-21 15:51:32.584  1025  1025 E AndroidRuntime: 	at com.android.server.pm.SELinuxMMAC.shouldRestorecon(SELinuxMMAC.java:382)
11-21 15:51:32.584  1025  1025 E AndroidRuntime: 	at com.android.server.pm.PackageManagerService.<init>(PackageManagerService.java:576)
11-21 15:51:32.584  1025  1025 E AndroidRuntime: 	at com.android.server.pm.PackageManagerService.main(PackageManagerService.java:1872)
11-21 15:51:32.584  1025  1025 E AndroidRuntime: 	at com.android.server.SystemServer.startBootstrapServices(SystemServer.java:387)
11-21 15:51:32.584  1025  1025 E AndroidRuntime: 	at com.android.server.SystemServer.run(SystemServer.java:289)
11-21 15:51:32.584  1025  1025 E AndroidRuntime: 	at com.android.server.SystemServer.main(SystemServer.java:176)
11-21 15:51:32.584  1025  1025 E AndroidRuntime: 	at java.lang.reflect.Method.invoke(Native Method)
11-21 15:51:32.584  1025  1025 E AndroidRuntime: 	at com.android.internal.os.ZygoteInit$MethodAndArgsCaller.run(ZygoteInit.java:726)
11-21 15:51:32.584  1025  1025 E AndroidRuntime: 	at com.android.internal.os.ZygoteInit.main(ZygoteInit.java:616)
11-21 15:51:32.584  1025  1025 E AndroidRuntime: Caused by: java.security.NoSuchAlgorithmException: MessageDigest SHA-1 implementation not found: java.lang.ClassNotFoundException: com.android.org.conscrypt.OpenSSLMessageDigestJDK$SHA1
11-21 15:51:32.584  1025  1025 E AndroidRuntime: 	at java.security.Provider$Service.newInstance(Provider.java:1075)
11-21 15:51:32.584  1025  1025 E AndroidRuntime: 	at org.apache.harmony.security.fortress.Engine.getInstance(Engine.java:141)
11-21 15:51:32.584  1025  1025 E AndroidRuntime: 	at java.security.MessageDigest.getInstance(MessageDigest.java:91)
11-21 15:51:32.584  1025  1025 E AndroidRuntime: 	at com.android.server.pm.SELinuxMMAC.returnHash(SELinuxMMAC.java:450)
11-21 15:51:32.584  1025  1025 E AndroidRuntime: 	... 9 more
11-21 15:51:32.585  1025  1025 E AndroidRuntime: Error reporting crash
11-21 15:51:32.585  1025  1025 E AndroidRuntime: java.lang.NullPointerException: Attempt to invoke interface method 'void android.app.IActivityManager.handleApplicationCrash(android.os.IBinder, android.app.ApplicationErrorReport$CrashInfo)' on a null object reference
11-21 15:51:32.585  1025  1025 E AndroidRuntime: 	at com.android.internal.os.RuntimeInit$UncaughtHandler.uncaughtException(RuntimeInit.java:95)
11-21 15:51:32.585  1025  1025 E AndroidRuntime: 	at java.lang.ThreadGroup.uncaughtException(ThreadGroup.java:693)
11-21 15:51:32.585  1025  1025 E AndroidRuntime: 	at java.lang.ThreadGroup.uncaughtException(ThreadGroup.java:690)
11-21 15:51:32.585  1025  1025 I Process : Sending signal. PID: 1025 SIG: 9
11-21 15:51:32.597   208   208 I ServiceManager: service 'batterystats' died
11-21 15:51:32.597   208   208 I ServiceManager: service 'appops' died
11-21 15:51:32.597   208   208 I ServiceManager: service 'power' died
11-21 15:51:32.597   208   208 I ServiceManager: service 'display' died
11-21 15:51:32.720  1100  1100 I chatty  : uid=0(root) /system/bin/mediaserver expire 2 lines
11-21 15:51:32.720  1099  1099 I chatty  : uid=0(root) /system/bin/mediaserver expire 2 lines
11-21 15:51:32.784   243   243 I chatty  : uid=0(root) /system/bin/mediaserver expire 191 lines
11-21 15:51:32.793   259   259 I chatty  : uid=0(root) /system/bin/app_process expire 1 line
11-21 15:51:32.800  1111  1111 I chatty  : uid=0(root) /system/bin/mediaserver expire 1 line
11-21 15:51:32.808   243  1111 I chatty  : uid=0(root) /system/bin/mediaserver expire 3 lines
11-21 15:51:32.808   243  1112 I chatty  : uid=0(root) /system/bin/mediaserver expire 58 lines
11-21 15:51:32.809   255   255 I chatty  : uid=0(root) /system/xbin/mnld expire 1 line
11-21 15:51:32.815   243   243 D NVRAM   : NVM_CheckVerFile: 1
11-21 15:51:32.815   243   243 D NVRAM   : NVM_GetCfgFileTable : file_lid = 39
11-21 15:51:32.815   243   243 D NVRAM   : NVM_CheckFileSize:stat_size:583,size in table:581
11-21 15:51:32.816   243   243 D NVRAM   : NVM_ProtectUserData
11-21 15:51:32.816   243   243 D NVRAM   : NVM_ProtectUserData:Check File
11-21 15:51:32.817   243   243 D NVRAM   : NVM_CheckFile: File is correct!
11-21 15:51:32.817   243   243 D NVRAM   : NVM_ProtectUserData:Check Success
11-21 15:51:32.817   243   243 D NVRAM   : NVM_GetFileDesc ProtectDataFile Check Success!!
11-21 15:51:32.817   243  1112 D NVRAM   : NVM_CheckFile: File is correct!
11-21 15:51:32.817   243   243 D NVRAM   : NVM_GetFileDesc --
11-21 15:51:32.817   243  1112 D NVRAM   : NVM_ProtectUserData:Check Success
11-21 15:51:32.817   243  1112 D NVRAM   : NVM_GetFileDesc ProtectDataFile Check Success!!
11-21 15:51:32.817   243   243 D AudioYusuParam: GetVolumeVer1ParamFromNV audio_nvram_fd = 21 rec_size = 39 rec_num = -1300228607
11-21 15:51:32.817   243  1112 D NVRAM   : NVM_GetFileDesc --
11-21 15:51:32.817   243  1112 D AudioYusuParam: +GetDualMicSpeechParamFromNVRam audio_nvram_fd = 20
11-21 15:51:32.817   243  1112 D AudioYusuParam: GetDualMicSpeechParamFromNVRam, rec_size=936, rec_num=1
11-21 15:51:32.817   243  1112 D AudioYusuParam: -GetDualMicSpeechParamFromNVRam
11-21 15:51:32.817   243   243 D NVRAM   : no need to enc/dnc
11-21 15:51:32.817   243  1112 D NVRAM   : no need to enc/dnc
11-21 15:51:32.817   243   243 D NVRAM   : NVM_CloseFileDesc: Open by Readonly, no need to check when close
11-21 15:51:32.817   243  1112 D NVRAM   : NVM_CloseFileDesc: Open by Readonly, no need to check when close
11-21 15:51:32.817   243   243 D AudioSpeechEnhanceInfo: AudioSpeechEnhanceInfo getInstance()
11-21 15:51:32.817   243  1112 D SpeechDriverLAD: SetDualMicSpeechParameters()
11-21 15:51:32.817   243   243 D AudioParamTuning: AudioYusuParamTuning: default mic gain-mormal:160;handsfree:188, receiver gain:132, headset Gain:96
11-21 15:51:32.817   243   243 D AudioParamTuning: create AudioParamTuning instance ++
11-21 15:51:32.817   243   243 D AudioResourceManager: EnableAudioClock AudioClockType = 1 bEnable = 0
11-21 15:51:32.817   243   243 D AudioResourceManager: EnableAudioClock AudioClockType = 4 bEnable = 0
11-21 15:51:32.817   243   243 D AudioMTKHardware: HardwareInit -
11-21 15:51:32.817   243   243 D AudioMTKHardware: AudioMTKHardware create -
11-21 15:51:32.818   243   243 D AudioMTKHardware: AudioMTKHardware initCheck
11-21 15:51:32.818   243   243 D AudioMTKHardware: AudioMTKHardware setMasterVolume volume = 1.000000
11-21 15:51:32.818   243   243 I AudioFlinger: loadHwModule() Loaded primary audio interface from MTK Audio HW HAL (audio) handle 1
11-21 15:51:32.818   243   243 I AudioFlinger: openOutput(), module 1 Device 2, SamplingRate 44100, Format 0x000001, Channels 3, flags 2
11-21 15:51:32.818   243   243 D AudioMTKStreamManager: openOutputStream, devices = 0x2 format=0x1 ,channels=0x3, rate=44100
11-21 15:51:32.818   243   243 D AudioBTCVSDControl: AudioBTCVSDControl getInstance()
11-21 15:51:32.818   243   243 D AudioBTCVSDControl: BT_SCO_SET_TXState state=0
11-21 15:51:32.819   243   243 D AudioBTCVSDControl: BT_SCO_SET_RXState state=16
11-21 15:51:32.819   243   243 D AudioStreamAttribute: AudioStreamAttribute constructor 
11-21 15:51:32.819   243   243 D AudioSpeechEnhanceInfo: AudioSpeechEnhanceInfo getInstance()
11-21 15:51:32.819   243   243 W AudioSpeechEnhanceInfo: SetStreamOutPointer mStreamOut=0xb5fcd400
11-21 15:51:32.819   243   243 D AudioVIBSPKControl: getInstance()
11-21 15:51:32.819   243   243 D AudioCompFltCustParam: Get nvram restore ready retry cc=1
11-21 15:51:32.819   243   243 D NVRAM   : NVM_GetFileDesc ++
11-21 15:51:32.819   243   243 D NVRAM   : NVM_GetCfgFileTable : file_lid = 44
11-21 15:51:32.819   243   243 D NVRAM   : NVM_GetCfgFileTable done
11-21 15:51:32.819   243   243 D NVRAM   : Open /data/nvram/APCFG/APRDCL/VibSpk_CompFlt,LID:44
11-21 15:51:32.819   243   243 D NVRAM   : NVM_CmpFileVerNo 44  
11-21 15:51:32.819   243   243 D NVRAM   : NVM_GetCfgFileTable : file_lid = 44
11-21 15:51:32.819   243   243 D NVRAM   : Check if FILE_VER exists before openning it!
11-21 15:51:32.819   243   243 D NVRAM   : NVM_CheckVerFile: 1
11-21 15:51:32.819   243   243 D NVRAM   : New version info file
11-21 15:51:32.819   243   243 D NVRAM   : Load File Version: 001, NvRam File Version: 001
11-21 15:51:32.819   243   243 D NVRAM   : no need to enc/dnc
11-21 15:51:32.819   243   243 D NVRAM   : NVM_CheckFileSize : 44 ++
11-21 15:51:32.819   243   243 D NVRAM   : iCustomBeginLID = 26
11-21 15:51:32.819   243   243 D NVRAM   : NVM_CheckVerFile: 1
11-21 15:51:32.819   243   243 D NVRAM   : NVM_GetCfgFileTable : file_lid = 44
11-21 15:51:32.819   243   243 D NVRAM   : NVM_CheckFileSize:stat_size:1042,size in table:1040
11-21 15:51:32.819   243   243 D NVRAM   : NVM_ProtectUserData
11-21 15:51:32.819   243   243 D NVRAM   : NVM_ProtectUserData:Check File
11-21 15:51:32.820   243  1111 D SpeechMessengerCCCI: AddSpeechParamAckCount(0), NB(1)/DMNR(0)/WB(0)
11-21 15:51:32.820   243  1111 D SpeechMessengerCCCI: A2MBufUnLock()
11-21 15:51:32.820   243  1112 D SpeechMessengerCCCI: A2MBufLock()
11-21 15:51:32.820   243  1111 D SpeechMessengerCCCI: --SetNBSpeechParameters Ack done(0xaf710000)
11-21 15:51:32.820   243  1112 D SpeechMessengerCCCI: SendMessageInQueue(), mModemIndex = 0, need ack message: 0x2f7201e6, reserved param: 0x68a
11-21 15:51:32.820   243  1112 D SpeechMessengerCCCI: SendMessageInQueue(), Send message(0x2f7201e6) to queue, count(2)
11-21 15:51:32.820   243  1112 D AudioYusuParam: Get nvram restore ready retry cc=1
11-21 15:51:32.820   243  1111 D SpeechMessengerCCCI: ConsumeMessageInQueue(), need ack message: 0x2f7201e6, count: 1
11-21 15:51:32.820   243  1112 D NVRAM   : NVM_GetFileDesc ++
11-21 15:51:32.820   243  1112 D NVRAM   : NVM_GetCfgFileTable : file_lid = 35
11-21 15:51:32.820   243  1112 D NVRAM   : NVM_GetCfgFileTable done
11-21 15:51:32.820   243  1112 D NVRAM   : Open /data/nvram/APCFG/APRDCL/Audio_Wb_Sph,LID:35
11-21 15:51:32.820   243  1112 D NVRAM   : NVM_CmpFileVerNo 35  
11-21 15:51:32.820   243  1112 D NVRAM   : NVM_GetCfgFileTable : file_lid = 35
11-21 15:51:32.820   243  1112 D NVRAM   : Check if FILE_VER exists before openning it!
11-21 15:51:32.820   243  1112 D NVRAM   : NVM_CheckVerFile: 1
11-21 15:51:32.820   243  1112 D NVRAM   : New version info file
11-21 15:51:32.820   243  1112 D NVRAM   : Load File Version: 001, NvRam File Version: 001
11-21 15:51:32.820   243  1112 D NVRAM   : no need to enc/dnc
11-21 15:51:32.820   243  1112 D NVRAM   : NVM_CheckFileSize : 35 ++
11-21 15:51:32.820   243  1112 D NVRAM   : iCustomBeginLID = 26
11-21 15:51:32.820   243  1112 D NVRAM   : NVM_CheckVerFile: 1
11-21 15:51:32.820   243  1112 D NVRAM   : NVM_GetCfgFileTable : file_lid = 35
11-21 15:51:32.820   243  1112 D NVRAM   : NVM_CheckFileSize:stat_size:2418,size in table:2416
11-21 15:51:32.820   243  1112 D NVRAM   : NVM_ProtectUserData
11-21 15:51:32.820   243  1112 D NVRAM   : NVM_ProtectUserData:Check File
11-21 15:51:32.823   243   243 D NVRAM   : NVM_CheckFile: File is correct!
11-21 15:51:32.823   243   243 D NVRAM   : NVM_ProtectUserData:Check Success
11-21 15:51:32.823   243   243 D NVRAM   : NVM_GetFileDesc ProtectDataFile Check Success!!
11-21 15:51:32.823   243   243 D NVRAM   : NVM_GetFileDesc --
11-21 15:51:32.824   243   243 D NVRAM   : no need to enc/dnc
11-21 15:51:32.824   243   243 D NVRAM   : NVM_CloseFileDesc: Open by Readonly, no need to check when close
11-21 15:51:32.824   243   243 D AudioVIBSPKControl: setParameters:ac44 9c f 5
11-21 15:51:32.824   243   243 D AudioVIBSPKControl: VsgGenInit
11-21 15:51:32.824   243   243 D AudioCompFltCustParam: Get nvram restore ready retry cc=1
11-21 15:51:32.824   243   243 D NVRAM   : NVM_GetFileDesc ++
11-21 15:51:32.824   243   243 D NVRAM   : NVM_GetCfgFileTable : file_lid = 28
11-21 15:51:32.824   243   243 D NVRAM   : NVM_GetCfgFileTable done
11-21 15:51:32.824   243   243 D NVRAM   : Open /data/nvram/APCFG/APRDCL/Audio_CompFlt,LID:28
11-21 15:51:32.824   243   243 D NVRAM   : NVM_CmpFileVerNo 28  
11-21 15:51:32.824   243   243 D NVRAM   : NVM_GetCfgFileTable : file_lid = 28
11-21 15:51:32.824   243   243 D NVRAM   : Check if FILE_VER exists before openning it!
11-21 15:51:32.824   243   243 D NVRAM   : NVM_CheckVerFile: 1
11-21 15:51:32.824   243   243 D NVRAM   : New version info file
11-21 15:51:32.824   243   243 D NVRAM   : Load File Version: 001, NvRam File Version: 001
11-21 15:51:32.824   243   243 D NVRAM   : no need to enc/dnc
11-21 15:51:32.824   243   243 D NVRAM   : NVM_CheckFileSize : 28 ++
11-21 15:51:32.824   243   243 D NVRAM   : iCustomBeginLID = 26
11-21 15:51:32.824   243   243 D NVRAM   : NVM_CheckVerFile: 1
11-21 15:51:32.824   243   243 D NVRAM   : NVM_GetCfgFileTable : file_lid = 28
11-21 15:51:32.824   243   243 D NVRAM   : NVM_CheckFileSize:stat_size:1042,size in table:1040
11-21 15:51:32.824   243   243 D NVRAM   : NVM_ProtectUserData
11-21 15:51:32.824   243   243 D NVRAM   : NVM_ProtectUserData:Check File
11-21 15:51:32.825   243  1112 D NVRAM   : NVM_CheckFile: File is correct!
11-21 15:51:32.825   243  1112 D NVRAM   : NVM_ProtectUserData:Check Success
11-21 15:51:32.825   243  1112 D NVRAM   : NVM_GetFileDesc ProtectDataFile Check Success!!
11-21 15:51:32.825   243  1112 D NVRAM   : NVM_GetFileDesc --
11-21 15:51:32.825   243  1112 D AudioYusuParam: GetWBSpeechParamFromNVRam audio_nvram_fd = 23
11-21 15:51:32.825   243  1112 D AudioYusuParam: GetWBSpeechParamFromNVRam rec_size = 2416 rec_num = 1
11-21 15:51:32.825   243  1112 D NVRAM   : no need to enc/dnc
11-21 15:51:32.826   243  1112 D NVRAM   : NVM_CloseFileDesc: Open by Readonly, no need to check when close
11-21 15:51:32.826   243  1112 D SpeechDriverLAD: SetWBSpeechParameters()
11-21 15:51:32.826   243  1111 D SpeechMessengerCCCI: AddSpeechParamAckCount(1), NB(1)/DMNR(1)/WB(0)
11-21 15:51:32.826   243  1111 D SpeechMessengerCCCI: A2MBufUnLock()
11-21 15:51:32.826   243  1112 D SpeechMessengerCCCI: A2MBufLock()
11-21 15:51:32.826   243  1111 D SpeechMessengerCCCI: --SetDualMicSpeechParameters Ack done(0xaf720000)
11-21 15:51:32.826   243  1112 D SpeechMessengerCCCI: SendMessageInQueue(), mModemIndex = 0, need ack message: 0x2f730976, reserved param: 0x68a
11-21 15:51:32.826   243  1112 D SpeechMessengerCCCI: SendMessageInQueue(), Send message(0x2f730976) to queue, count(2)
11-21 15:51:32.826   243  1112 D SpeechDriverLAD: SetSpeechEnhancementMask(), main_func = 0xffff, dynamic_func = 0xffffffff
11-21 15:51:32.826   243  1111 D SpeechMessengerCCCI: ConsumeMessageInQueue(), need ack message: 0x2f730976, count: 1
11-21 15:51:32.826   243  1112 D SpeechMessengerCCCI: SendMessageInQueue(), Send message(0x2f24ffff) to queue, count(2)
11-21 15:51:32.827   243   243 D NVRAM   : NVM_CheckFile: File is correct!
11-21 15:51:32.827   243   243 D NVRAM   : NVM_ProtectUserData:Check Success
11-21 15:51:32.827   243   243 D NVRAM   : NVM_GetFileDesc ProtectDataFile Check Success!!
11-21 15:51:32.827   243   243 D NVRAM   : NVM_GetFileDesc --
11-21 15:51:32.827   243   243 D NVRAM   : no need to enc/dnc
11-21 15:51:32.827   243   243 D NVRAM   : NVM_CloseFileDesc: Open by Readonly, no need to check when close
11-21 15:51:32.827   243   243 D AudioCompFltCustParam: Get nvram restore ready retry cc=1
11-21 15:51:32.827   243   243 D NVRAM   : NVM_GetFileDesc ++
11-21 15:51:32.827   243   243 D NVRAM   : NVM_GetCfgFileTable : file_lid = 37
11-21 15:51:32.827   243   243 D NVRAM   : NVM_GetCfgFileTable done
11-21 15:51:32.827   243   243 D NVRAM   : Open /data/nvram/APCFG/APRDCL/Headphone_CompFlt,LID:37
11-21 15:51:32.827   243   243 D NVRAM   : NVM_CmpFileVerNo 37  
11-21 15:51:32.827   243   243 D NVRAM   : NVM_GetCfgFileTable : file_lid = 37
11-21 15:51:32.827   243   243 D NVRAM   : Check if FILE_VER exists before openning it!
11-21 15:51:32.827   243   243 D NVRAM   : NVM_CheckVerFile: 1
11-21 15:51:32.827   243   243 D NVRAM   : New version info file
11-21 15:51:32.827   243   243 D NVRAM   : Load File Version: 001, NvRam File Version: 001
11-21 15:51:32.827   243   243 D NVRAM   : no need to enc/dnc
11-21 15:51:32.827   243   243 D NVRAM   : NVM_CheckFileSize : 37 ++
11-21 15:51:32.827   243   243 D NVRAM   : iCustomBeginLID = 26
11-21 15:51:32.827   243   243 D NVRAM   : NVM_CheckVerFile: 1
11-21 15:51:32.828   243   243 D NVRAM   : NVM_GetCfgFileTable : file_lid = 37
11-21 15:51:32.828   243   243 D NVRAM   : NVM_CheckFileSize:stat_size:1042,size in table:1040
11-21 15:51:32.828   243   243 D NVRAM   : NVM_ProtectUserData
11-21 15:51:32.828   243   243 D NVRAM   : NVM_ProtectUserData:Check File
11-21 15:51:32.830   243   243 D NVRAM   : NVM_CheckFile: File is correct!
11-21 15:51:32.830   243   243 D NVRAM   : NVM_ProtectUserData:Check Success
11-21 15:51:32.830   243   243 D NVRAM   : NVM_GetFileDesc ProtectDataFile Check Success!!
11-21 15:51:32.830   243   243 D NVRAM   : NVM_GetFileDesc --
11-21 15:51:32.830   243   243 D NVRAM   : no need to enc/dnc
11-21 15:51:32.830   243   243 D NVRAM   : NVM_CloseFileDesc: Open by Readonly, no need to check when close
11-21 15:51:32.830   243   243 D AudioYusuParam: Get nvram restore ready retry cc=1
11-21 15:51:32.830   243   243 D NVRAM   : NVM_GetFileDesc ++
11-21 15:51:32.830   243   243 D NVRAM   : NVM_GetCfgFileTable : file_lid = 16
11-21 15:51:32.831   243   243 D NVRAM   : NVM_GetCfgFileTable done
11-21 15:51:32.831   243   243 D NVRAM   : Open /data/nvram/APCFG/APRDCL/Audio_AudEnh_Control_Opt,LID:16
11-21 15:51:32.831   243   243 D NVRAM   : NVM_CmpFileVerNo 16  
11-21 15:51:32.831   243   243 D NVRAM   : NVM_GetCfgFileTable : file_lid = 16
11-21 15:51:32.831   243   243 D NVRAM   : Check if FILE_VER exists before openning it!
11-21 15:51:32.831   243   243 D NVRAM   : NVM_CheckVerFile: 1
11-21 15:51:32.831   243   243 D NVRAM   : New version info file
11-21 15:51:32.831   243   243 D NVRAM   : Load File Version: 000, NvRam File Version: 000
11-21 15:51:32.831   243   243 D NVRAM   : no need to enc/dnc
11-21 15:51:32.831   243   243 D NVRAM   : NVM_CheckFileSize : 16 ++
11-21 15:51:32.831   243   243 D NVRAM   : iCustomBeginLID = 26
11-21 15:51:32.831   243   243 D NVRAM   : NVM_CheckVerFile: 1
11-21 15:51:32.831   243   243 D NVRAM   : NVM_GetCfgFileTable : file_lid = 16
11-21 15:51:32.831   243   243 D NVRAM   : NVM_CheckFileSize:stat_size:6,size in table:4
11-21 15:51:32.831   243   243 D NVRAM   : NVM_ProtectUserData
11-21 15:51:32.831   243   243 D NVRAM   : NVM_ProtectUserData:Check File
11-21 15:51:32.831   243   243 D NVRAM   : NVM_CheckFile: File is correct!
11-21 15:51:32.831   243   243 D NVRAM   : NVM_ProtectUserData:Check Success
11-21 15:51:32.831   243   243 D NVRAM   : NVM_GetFileDesc ProtectDataFile Check Success!!
11-21 15:51:32.831   243   243 D NVRAM   : NVM_GetFileDesc --
11-21 15:51:32.831   243   243 D AudioYusuParam: GetAudEnhControlOptionParamFromNV audio_nvram_fd = 22 rec_size = 16 rec_num = 1
11-21 15:51:32.831   243   243 D NVRAM   : no need to enc/dnc
11-21 15:51:32.831   243   243 D NVRAM   : NVM_CloseFileDesc: Open by Readonly, no need to check when close
11-21 15:51:32.831   243   243 D AudioCompFltCustParam: Get nvram restore ready retry cc=1
11-21 15:51:32.831   243   243 D NVRAM   : NVM_GetFileDesc ++
11-21 15:51:32.832   243   243 D NVRAM   : NVM_GetCfgFileTable : file_lid = 44
11-21 15:51:32.832   243   243 D NVRAM   : NVM_GetCfgFileTable done
11-21 15:51:32.832   243  1111 D SpeechMessengerCCCI: AddSpeechParamAckCount(2), NB(1)/DMNR(1)/WB(1)
11-21 15:51:32.832   243   243 D NVRAM   : Open /data/nvram/APCFG/APRDCL/VibSpk_CompFlt,LID:44
11-21 15:51:32.832   243  1111 D SpeechMessengerCCCI: A2MBufUnLock()
11-21 15:51:32.832   243  1112 D SpeechMessengerCCCI: A2MBufLock()
11-21 15:51:32.832   243  1111 D SpeechMessengerCCCI: --SetWBSpeechParameters Ack done(0xaf730000)
11-21 15:51:32.832   243   243 D NVRAM   : NVM_CmpFileVerNo 44  
11-21 15:51:32.832   243  1112 D SpeechMessengerCCCI: A2MBufUnLock()
11-21 15:51:32.832   243   243 D NVRAM   : NVM_GetCfgFileTable : file_lid = 44
11-21 15:51:32.832   243  1111 D SpeechMessengerCCCI: ConsumeMessageInQueue(), no need ack message: 0x2f24ffff, count: 1
11-21 15:51:32.832   243  1112 D SpeechMessengerCCCI: SpeechParamUnLock()
11-21 15:51:32.832   243   243 D NVRAM   : Check if FILE_VER exists before openning it!
11-21 15:51:32.832   243   243 D NVRAM   : NVM_CheckVerFile: 1
