11-21 15:51:32.832   243   243 D NVRAM   : New version info file
11-21 15:51:32.832   243   243 D NVRAM   : Load File Version: 001, NvRam File Version: 001
11-21 15:51:32.832   243   243 D NVRAM   : no need to enc/dnc
11-21 15:51:32.832   243   243 D NVRAM   : NVM_CheckFileSize : 44 ++
11-21 15:51:32.832   243   243 D NVRAM   : iCustomBeginLID = 26
11-21 15:51:32.832   243   243 D NVRAM   : NVM_CheckVerFile: 1
11-21 15:51:32.832   243   243 D NVRAM   : NVM_GetCfgFileTable : file_lid = 44
11-21 15:51:32.832   243   243 D NVRAM   : NVM_CheckFileSize:stat_size:1042,size in table:1040
11-21 15:51:32.832   243   243 D NVRAM   : NVM_ProtectUserData
11-21 15:51:32.832   243   243 D NVRAM   : NVM_ProtectUserData:Check File
11-21 15:51:32.834   243   243 D NVRAM   : NVM_CheckFile: File is correct!
11-21 15:51:32.834   243   243 D NVRAM   : NVM_ProtectUserData:Check Success
11-21 15:51:32.834   243   243 D NVRAM   : NVM_GetFileDesc ProtectDataFile Check Success!!
11-21 15:51:32.835   243   243 D NVRAM   : NVM_GetFileDesc --
11-21 15:51:32.835   243   243 D NVRAM   : no need to enc/dnc
11-21 15:51:32.835   243   243 D NVRAM   : NVM_CloseFileDesc: Open by Readonly, no need to check when close
11-21 15:51:32.838   243  1111 D SpeechMessengerCCCI: Read modem message(0xaf24ffff), don't care. (or no such message)
11-21 15:51:32.839   243   243 I AudioFlinger: AudioStreamOut::open(), mHalFormatIsLinearPcm = 1
11-21 15:51:32.839   243   243 I AudioFlinger: HAL output buffer size 1024 frames, normal sink buffer size 1024 frames
11-21 15:51:32.856  1113  1113 F libc    : page record for 0xb6f2b01c was not found (block_size=16)
11-21 15:51:32.859   243   243 I BufferProvider: found effect "Multichannel Downmix To Stereo" from The Android Open Source Project
11-21 15:51:32.860   243   243 I AudioFlinger: Using module 1 has the primary audio interface
11-21 15:51:32.860   243  1119 I AudioFlinger: AudioFlinger's thread 0xb2480000 ready to run
11-21 15:51:32.860   243   243 D AudioMTKHardware: +setMode(), mode = 0
11-21 15:51:32.860   243   243 E AudioMTKHardware: Newmode and Oldmode is the same!!!!
11-21 15:51:32.860   243  1119 D AudioFMController: AudioFMController()
11-21 15:51:32.860   243  1119 D AudioResourceManager: +AudioResourceManager()
11-21 15:51:32.860   243  1119 D AudioResourceManager: -AudioResourceManager(), already init
11-21 15:51:32.860   243  1119 D AudioFMResourceManager: AudioFMResourceManager()
11-21 15:51:32.861   243  1119 D WCNChipController: WCNChipController()
11-21 15:51:32.861   243  1119 D AudioResourceManager: setDlOutputDevice(), new_device = 0x2
11-21 15:51:32.861   243  1119 E AudioFlinger: no wake lock to update!
11-21 15:51:32.861   243  1100 D AudioMTKHardware: AudioMTKHardware setVoiceVolume volume = 1.000000
11-21 15:51:32.862   243   243 D AudioMTKHardware: openInputStream, devices = 0x80000004 format=0x1 ,channels=0xc, rate=48000 acoustics = 0x0
11-21 15:51:32.862   243   243 D AudioMTKStreamManager: openInputStream, devices = 0x80000004 format=0x1 ,channels=0xc, rate=48000 acoustics = 0x0
11-21 15:51:32.862   243   243 D AudioYusuParam: Get nvram restore ready retry cc=1
11-21 15:51:32.862   243   243 D NVRAM   : NVM_GetFileDesc ++
11-21 15:51:32.862   243   243 D NVRAM   : NVM_GetCfgFileTable : file_lid = 26
11-21 15:51:32.862   243   243 D NVRAM   : NVM_GetCfgFileTable done
11-21 15:51:32.862   243   243 D NVRAM   : Open /data/nvram/APCFG/APRDCL/Audio_Sph,LID:26
11-21 15:51:32.862   243   243 D NVRAM   : NVM_CmpFileVerNo 26  
11-21 15:51:32.862   243   243 D NVRAM   : NVM_GetCfgFileTable : file_lid = 26
11-21 15:51:32.862   243   243 D NVRAM   : Check if FILE_VER exists before openning it!
11-21 15:51:32.862   243   243 D NVRAM   : NVM_CheckVerFile: 1
11-21 15:51:32.862   243   243 D NVRAM   : New version info file
11-21 15:51:32.862   243   243 D NVRAM   : Load File Version: 001, NvRam File Version: 001
11-21 15:51:32.862   243   243 D NVRAM   : no need to enc/dnc
11-21 15:51:32.862   243   243 D NVRAM   : NVM_CheckFileSize : 26 ++
11-21 15:51:32.862   243   243 D NVRAM   : iCustomBeginLID = 26
11-21 15:51:32.862   243   243 D NVRAM   : NVM_CheckVerFile: 1
11-21 15:51:32.862   243   243 D NVRAM   : NVM_GetCfgFileTable : file_lid = 26
11-21 15:51:32.863   243   243 D NVRAM   : NVM_CheckFileSize:stat_size:1446,size in table:1444
11-21 15:51:32.863   243   243 D NVRAM   : NVM_ProtectUserData
11-21 15:51:32.863   243   243 D NVRAM   : NVM_ProtectUserData:Check File
11-21 15:51:32.865   243   243 D NVRAM   : NVM_CheckFile: File is correct!
11-21 15:51:32.865   243   243 D NVRAM   : NVM_ProtectUserData:Check Success
11-21 15:51:32.865   243   243 D NVRAM   : NVM_GetFileDesc ProtectDataFile Check Success!!
11-21 15:51:32.865   243   243 D NVRAM   : NVM_GetFileDesc --
11-21 15:51:32.865   243   243 D AudioYusuParam: GetNBSpeechParamFromNVRam audio_nvram_fd = 22
11-21 15:51:32.865   243   243 D AudioYusuParam: GetNBSpeechParamFromNVRam rec_size = 1444 rec_num = 1
11-21 15:51:32.865   243   243 D AudioYusuParam: GetNBSpeechParamFromNVRam uMicbiasVolt = 1900
11-21 15:51:32.865   243   243 D NVRAM   : no need to enc/dnc
11-21 15:51:32.865   243   243 D NVRAM   : NVM_CloseFileDesc: Open by Readonly, no need to check when close
11-21 15:51:32.865   243   243 D AudioStreamAttribute: AudioStreamAttribute constructor 
11-21 15:51:32.865   243   243 D AudioMTKStreamIn: AudioMTKStreamIn contructor 
11-21 15:51:32.865   243   243 D AudioMTKStreamInManager: +AudioMTKStreamInManager
11-21 15:51:32.865   243   243 D AudioMTKStreamInManager: AudioMTKStreamInManager constructor
11-21 15:51:32.866   243   243 D AudioSpeechEnhanceInfo: AudioSpeechEnhanceInfo getInstance()
11-21 15:51:32.866   243   243 D AudioMTKStreamInManager: PreLoadHDRecParams+++
11-21 15:51:32.866   243   243 D AudioYusuParam: Get nvram restore ready retry cc=1
11-21 15:51:32.866   243   243 D NVRAM   : NVM_GetFileDesc ++
11-21 15:51:32.866   243   243 D NVRAM   : NVM_GetCfgFileTable : file_lid = 41
11-21 15:51:32.866   243   243 D NVRAM   : NVM_GetCfgFileTable done
11-21 15:51:32.866   243   243 D NVRAM   : Open /data/nvram/APCFG/APRDCL/Audio_Hd_Record_Scene_Table,LID:41
11-21 15:51:32.866   243   243 D NVRAM   : NVM_CmpFileVerNo 41  
11-21 15:51:32.866   243   243 D NVRAM   : NVM_GetCfgFileTable : file_lid = 41
11-21 15:51:32.866   243   243 D NVRAM   : Check if FILE_VER exists before openning it!
11-21 15:51:32.866   243   243 D NVRAM   : NVM_CheckVerFile: 1
11-21 15:51:32.866   243   243 D NVRAM   : New version info file
11-21 15:51:32.866   243   243 D NVRAM   : Load File Version: 001, NvRam File Version: 001
11-21 15:51:32.866   243   243 D NVRAM   : no need to enc/dnc
11-21 15:51:32.866   243   243 D NVRAM   : NVM_CheckFileSize : 41 ++
11-21 15:51:32.866   243   243 D NVRAM   : iCustomBeginLID = 26
11-21 15:51:32.866   243   243 D NVRAM   : NVM_CheckVerFile: 1
11-21 15:51:32.866   243   243 D NVRAM   : NVM_GetCfgFileTable : file_lid = 41
11-21 15:51:32.866   243   243 D NVRAM   : NVM_CheckFileSize:stat_size:137,size in table:135
11-21 15:51:32.866   243   243 D NVRAM   : NVM_ProtectUserData
11-21 15:51:32.866   243   243 D NVRAM   : NVM_ProtectUserData:Check File
11-21 15:51:32.867   243   243 D NVRAM   : NVM_CheckFile: File is correct!
11-21 15:51:32.867   243   243 D NVRAM   : NVM_ProtectUserData:Check Success
11-21 15:51:32.867   243   243 D NVRAM   : NVM_GetFileDesc ProtectDataFile Check Success!!
11-21 15:51:32.867   243   243 D NVRAM   : NVM_GetFileDesc --
11-21 15:51:32.867   243   243 D AudioYusuParam: GetHdRecordSceneTableFromNV audio_nvram_fd = 22 rec_size = 41 rec_num = -1225618175
11-21 15:51:32.867   243   243 D NVRAM   : no need to enc/dnc
11-21 15:51:32.867   243   243 D NVRAM   : NVM_CloseFileDesc: Open by Readonly, no need to check when close
11-21 15:51:32.867   243   243 D AudioYusuParam: GetHdRecordSceneTableFromNV result = 135
11-21 15:51:32.867   243   243 D AudioYusuParam: Get nvram restore ready retry cc=1
11-21 15:51:32.867   243   243 D NVRAM   : NVM_GetFileDesc ++
11-21 15:51:32.867   243   243 D NVRAM   : NVM_GetCfgFileTable : file_lid = 40
11-21 15:51:32.867   243   243 D NVRAM   : NVM_GetCfgFileTable done
11-21 15:51:32.867   243   243 D NVRAM   : Open /data/nvram/APCFG/APRDCL/Audio_Hd_Record_Param,LID:40
11-21 15:51:32.867   243   243 D NVRAM   : NVM_CmpFileVerNo 40  
11-21 15:51:32.867   243   243 D NVRAM   : NVM_GetCfgFileTable : file_lid = 40
11-21 15:51:32.867   243   243 D NVRAM   : Check if FILE_VER exists before openning it!
11-21 15:51:32.868   243   243 D NVRAM   : NVM_CheckVerFile: 1
11-21 15:51:32.868   243   243 D NVRAM   : New version info file
11-21 15:51:32.868   243   243 D NVRAM   : Load File Version: 001, NvRam File Version: 001
11-21 15:51:32.868   243   243 D NVRAM   : no need to enc/dnc
11-21 15:51:32.868   243   243 D NVRAM   : NVM_CheckFileSize : 40 ++
11-21 15:51:32.868   243   243 D NVRAM   : iCustomBeginLID = 26
11-21 15:51:32.868   243   243 D NVRAM   : NVM_CheckVerFile: 1
11-21 15:51:32.868   243   243 D NVRAM   : NVM_GetCfgFileTable : file_lid = 40
11-21 15:51:32.868   243   243 D NVRAM   : NVM_CheckFileSize:stat_size:4056,size in table:4054
11-21 15:51:32.868   243   243 D NVRAM   : NVM_ProtectUserData
11-21 15:51:32.868   243   243 D NVRAM   : NVM_ProtectUserData:Check File
11-21 15:51:32.884   208   208 I ServiceManager: service 'media.audio_flinger' died
11-21 15:51:32.884   208   208 I ServiceManager: service 'media.player' died
11-21 15:51:32.884   208   208 I ServiceManager: service 'media.resource_manager' died
11-21 15:51:32.884   208   208 I ServiceManager: service 'media.camera' died
11-21 15:51:32.943  1121  1121 I Netd    : Netd 1.0 starting
11-21 15:51:32.943  1121  1121 I QtiConnectivityAdapter: Failed to open libconnctrl, some features may not be present.
11-21 15:51:32.943  1121  1121 D TetherController: Setting IP forward enable = 0
11-21 15:51:33.299  1126  1126 V MediaUtils: physMem: 2065031168
11-21 15:51:33.299  1126  1126 V MediaUtils: requested limit: 1342270215
11-21 15:51:33.299  1126  1126 V MediaUtils: actual limit: 1342270215
11-21 15:51:33.299  1126  1126 V MediaUtils: original limits: 4294967295/4294967295
11-21 15:51:33.299  1126  1126 V MediaUtils: new limits: 1342270215/4294967295
11-21 15:51:33.300  1126  1126 I mediaserver: ServiceManager: 0xb604e120
11-21 15:51:33.300  1126  1126 I AudioFlinger: Using default 3000 mSec as standby time.
11-21 15:51:33.301  1126  1126 E BatteryNotifier: batterystats service unavailable!
11-21 15:51:33.301  1126  1126 E BatteryNotifier: batterystats service unavailable!
11-21 15:51:33.302  1126  1126 I CameraService: CameraService started (pid=1126)
11-21 15:51:33.302  1126  1126 I CameraService: CameraService process starting
11-21 15:51:33.302  1126  1126 E BatteryNotifier: batterystats service unavailable!
11-21 15:51:33.302  1126  1126 E BatteryNotifier: batterystats service unavailable!
11-21 15:51:33.309   255   255 D mnl_linux: mtk_gps_sys_init: nvram_init_val not Ready,sleep 500ms
11-21 15:51:33.320  1126  1126 W mediaserver: type=1400 audit(0.0:92): avc: denied { ipc_lock } for capability=14 scontext=u:r:mediaserver:s0 tcontext=u:r:mediaserver:s0 tclass=capability
11-21 15:51:33.322  1126  1126 I IspDrv  : {IspDrv} [IspDrvImp] getpid[0x00000466],gettid[0x00000466]
11-21 15:51:33.323  1126  1126 D MtkCam/module: [instantiate_camera_module]
11-21 15:51:33.323  1126  1126 D MtkCam/Utils/Property: [clear] pid/tid=1126/1126
11-21 15:51:33.323  1126  1126 E cutils-trace: Error opening trace file: No such file or directory (2)
11-21 15:51:33.323  1126  1126 D MtkCam/MtkCamUtils: [CamDevMetaInfoMap::clear] pid/tid=1126/1126
11-21 15:51:33.323  1126  1126 D SensorHal: [getInstance][SensorHalImp] getInstance 
11-21 15:51:33.323  1126  1126 D SensorHal: [createImp][createImp]: 0 
11-21 15:51:33.323  1126  1126 D SeninfDrvImp: [getInstance][getInstance] 
11-21 15:51:33.323  1126  1126 D SeninfDrvImp: [SeninfDrvImp][SeninfDrvImp] 
11-21 15:51:33.323  1126  1126 D SeninfDrvImp: [init][init]: 0 
11-21 15:51:33.324  1126  1126 I IspDrv  : {IspDrv} [createInstance] fgIsGdmaMode: 0.
11-21 15:51:33.324  1126  1126 I IspDrv  : {IspDrv} [getInstance] singleton[0xb48b4b88]. fgIsGdmaMode: 0.
11-21 15:51:33.324  1126  1126 I IspDrv  : {IspDrv} [init] +,mInitCount(0),m_fgIsGdmaMode(0)
11-21 15:51:33.324  1126  1126 I IspDrv  : {IspDrv} [ProfilingPrint] [Event_IspDrv_Init] mpIspDrvRegMap malloc:(0-th) ===> [start-->now: 0.182000 ms]
11-21 15:51:33.325  1126  1126 I IspDrv  : {IspDrv} [ProfilingPrint] [Event_IspDrv_Init] 1st open(ISP_DRV_DEV_NAME, O_RDWR):(1-th) ===> [start-->now: 0.349000 ms] [last-->now: 0.167000 ms]
11-21 15:51:33.325  1126  1126 I IspDrv  : {IspDrv} [ProfilingPrint] [Event_IspDrv_Init] mpIspHwRegAddr mmap():(2-th) ===> [start-->now: 0.643000 ms] [last-->now: 0.294000 ms]
11-21 15:51:33.325  1126  1126 I IspDrv  : {IspDrv} [ProfilingPrint] [Event_IspDrv_Init] m_pRTBufTbl mmap():(3-th) ===> [start-->now: 0.835000 ms] [last-->now: 0.192000 ms]
11-21 15:51:33.325  1126  1126 I IspDrv  : {IspDrv} [reset] ISP SW RESET[0x00000007]
11-21 15:51:33.325  1126  1126 I IspDrv  : {IspDrv} [init] ISP Global Count: 1.
11-21 15:51:33.325  1126  1126 I IspDrv  : {IspDrv} [ProfilingPrint] [Event_IspDrv_Init] kRefCntCtrl and ISP reset():(4-th) ===> [start-->now: 1.141000 ms] [last-->now: 0.306000 ms]
11-21 15:51:33.325  1126  1126 I IspDrv  : {IspDrv} [ProfilingPrint] [Event_IspDrv_Init] IMemDrv::createInstance():(5-th) ===> [start-->now: 1.231000 ms] [last-->now: 0.090000 ms]
11-21 15:51:33.326  1126  1126 I M4U_L   : MTKM4UDrv fd = 10, obj=0xb604a078
11-21 15:51:33.326  1126  1126 I Drv/IMem: Drv/IMem[init] open ion id(11).
11-21 15:51:33.326  1126  1126 I IspDrv  : {IspDrv} [ProfilingPrint] [Event_IspDrv_Init] m_pIMemDrv->init():(6-th) ===> [start-->now: 1.806000 ms] [last-->now: 0.575000 ms]
11-21 15:51:33.326  1126  1126 I IspDrv  : {IspDrv} [init] m_ispVirRegBufInfo.size(2097156)
11-21 15:51:33.328  1126  1126 I IspDrv  : {IspDrv} [ProfilingPrint] [Event_IspDrv_Init] m_pIMemDrv->allocVirtBuf(m_ispVirRegBufInfo):(7-th) ===> [start-->now: 3.330000 ms] [last-->now: 1.524000 ms]
11-21 15:51:33.328  1126  1126 I Drv/IMem: Drv/IMem[mapPhyAddr] mID(0xc),size(0x200004),VA(xb40a3000),PA(0x900000),S/C(0/0)
11-21 15:51:33.328  1126  1126 I IspDrv  : {IspDrv} [ProfilingPrint] [Event_IspDrv_Init] m_pIMemDrv->mapPhyAddr():(8-th) ===> [start-->now: 3.647000 ms] [last-->now: 0.317000 ms]
11-21 15:51:33.331  1126  1126 I IspDrv  : {IspDrv} [ProfilingPrint] [Event_IspDrv_Init] memset(mpIspVirRegBuffer):(9-th) ===> [start-->now: 6.609000 ms] [last-->now: 2.962000 ms]
11-21 15:51:33.331  1126  1126 I IspDrv  : {IspDrv} [ProfilingPrint] [Event_IspDrv_Init] m_pIMemDrv->allocVirtBuf(m_ispCQDescBufInfo):(10-th) ===> [start-->now: 6.788000 ms] [last-->now: 0.179000 ms]
11-21 15:51:33.331  1126  1126 I Drv/IMem: Drv/IMem[mapPhyAddr] mID(0xd),size(0x818),VA(xb6b84000),PA(0xc00000),S/C(0/0)
11-21 15:51:33.331  1126  1126 I IspDrv  : {IspDrv} [ProfilingPrint] [Event_IspDrv_Init] m_pIMemDrv->mapPhyAddr(m_ispCQDescBufInfo):(11-th) ===> [start-->now: 7.017000 ms] [last-->now: 0.229000 ms]
11-21 15:51:33.331  1126  1126 I IspDrv  : {IspDrv} [ProfilingPrint] [Event_IspDrv_Init] memcpy(mpIspCQDescriptorVirt[i]):(12-th) ===> [start-->now: 7.067000 ms] [last-->now: 0.050000 ms]
11-21 15:51:33.331  1126  1126 I IspDrv  : {IspDrv} [ProfilingPrint] [Event_IspDrv_Init] memset(mpIspCQDescriptorVirt[CQ0C]):(13-th) ===> [start-->now: 7.105000 ms] [last-->now: 0.038000 ms]
11-21 15:51:33.331  1126  1126 I IspDrv  : {IspDrv} [ProfilingPrint] [Event_IspDrv_Init] memset(tdriMgrInfoCq1):(14-th) ===> [start-->now: 7.141000 ms] [last-->now: 0.036000 ms]
11-21 15:51:33.331  1126  1126 I IspDrv  : {IspDrv} [ProfilingPrint] [Event_IspDrv_Init] memset(tdriMgrInfoCq2):(15-th) ===> [start-->now: 7.179000 ms] [last-->now: 0.038000 ms]
11-21 15:51:33.331  1126  1126 I IspDrv  : {IspDrv} [ProfilingPrint] [Event_IspDrv_Init] atomic_inc:(16-th) ===> [start-->now: 7.218000 ms] [last-->now: 0.039000 ms]
11-21 15:51:33.331  1126  1126 I IspDrv  : {IspDrv} [init] -,ret(1),mInitCount(1)
11-21 15:51:33.331  1126  1126 I IspDrv  : {IspDrv} [ProfilingPrint] [Event_IspDrv_Init] Exit:(17-th) ===> [start-->now: 7.279000 ms] [last-->now: 0.061000 ms]
11-21 15:51:33.332  1126  1126 D SeninfDrvImp: [init][init]: X 
11-21 15:51:33.332  1126  1126 D SeninfDrvImp: [setTg1PhaseCounter][setTg1PhaseCounter] pcEn(1) clkPol(1)
11-21 15:51:33.333  1126  1126 D ImgSensorDrv: [getInstance][ImgSensorDrv] getInstance 
11-21 15:51:33.333  1126  1126 D ImgSensorDrv: [impSearchSensor]SENSOR search start 
11-21 15:51:33.333  1126  1126 D ImgSensorDrv: [impSearchSensor][impSearchSensor] m_fdSensor = 14  
11-21 15:51:33.333  1126  1126 D ImgSensorDrv: [impSearchSensor]impSearchSensor search to sub
11-21 15:51:33.333  1126  1126 D ImgSensorDrv: [impSearchSensor]set sensor driver id =10000
11-21 15:51:33.375  1126  1126 D ImgSensorDrv: [impSearchSensor][impSearchSensor] Err-ctrlCode (I/O error) 
11-21 15:51:33.375  1126  1126 D ImgSensorDrv: [getCurrentSensorType][getCurrentSensorType] 
11-21 15:51:33.375  1126  1126 D ImgSensorDrv: [getInfo][getInfo] 
11-21 15:51:33.375  1126  1126 D ImgSensorDrv: [getSocketPosition][getSocketPosition]:[1][1] 
11-21 15:51:33.375  1126  1126 D ImgSensorDrv: [impSearchSensor]sensor ID mismatch
11-21 15:51:33.375  1126  1126 D ImgSensorDrv: [impSearchSensor]set sensor driver id =10001
11-21 15:51:33.416  1126  1126 D ImgSensorDrv: [impSearchSensor][impSearchSensor] Err-ctrlCode (I/O error) 
11-21 15:51:33.416  1126  1126 D ImgSensorDrv: [getCurrentSensorType][getCurrentSensorType] 
11-21 15:51:33.416  1126  1126 D ImgSensorDrv: [getInfo][getInfo] 
11-21 15:51:33.416  1126  1126 D ImgSensorDrv: [getSocketPosition][getSocketPosition]:[1][1] 
11-21 15:51:33.416  1126  1126 D ImgSensorDrv: [impSearchSensor]sensor ID mismatch
11-21 15:51:33.416  1126  1126 D ImgSensorDrv: [impSearchSensor]set sensor driver id =10002
11-21 15:51:33.462  1126  1126 D ImgSensorDrv: [impSearchSensor][impSearchSensor] Err-ctrlCode (I/O error) 
11-21 15:51:33.462  1126  1126 D ImgSensorDrv: [getCurrentSensorType][getCurrentSensorType] 
11-21 15:51:33.462  1126  1126 D ImgSensorDrv: [getInfo][getInfo] 
11-21 15:51:33.462  1126  1126 D ImgSensorDrv: [getSocketPosition][getSocketPosition]:[1][1] 
11-21 15:51:33.462  1126  1126 D ImgSensorDrv: [impSearchSensor]sensor ID mismatch
11-21 15:51:33.462  1126  1126 D ImgSensorDrv: [impSearchSensor]set sensor driver id =10003
11-21 15:51:33.502  1126  1126 D ImgSensorDrv: [getCurrentSensorType][getCurrentSensorType] 
11-21 15:51:33.502  1126  1126 D ImgSensorDrv: [getInfo][getInfo] 
11-21 15:51:33.502  1126  1126 D ImgSensorDrv: [getSocketPosition][getSocketPosition]:[1][1] 
11-21 15:51:33.502  1126  1126 D ImgSensorDrv: [impSearchSensor]found <0x119/imx219mipiraw/SENSOR_DRVNAME_IMX219_MIPI_RAW>
11-21 15:51:33.502  1126  1126 D ImgSensorDrv: [impSearchSensor]MAIN sensor found:[3]/[0x10003]/[0]/[1] 
11-21 15:51:33.502  1126  1126 D ImgSensorDrv: [impSearchSensor]m_pstSensorInitFunc[i].getCameraDefault is NULL: 4 
11-21 15:51:33.502  1126  1126 D ImgSensorDrv: [impSearchSensor]impSearchSensor search to sub
11-21 15:51:33.502  1126  1126 D ImgSensorDrv: [impSearchSensor]set sensor driver id =20000
11-21 15:51:33.522   462   462 D MUXD    : [gsm0710muxd] 3068:watchdog(): Enter
11-21 15:51:33.522   462   462 D MUXD    : [gsm0710muxd] 3071:watchdog(): Serial state is 4
11-21 15:51:33.522   462   462 I MUXD    : [gsm0710muxd] 3557:main(): Frames received/dropped: 16/0
11-21 15:51:33.543  1126  1126 D ImgSensorDrv: [getCurrentSensorType][getCurrentSensorType] 
11-21 15:51:33.543  1126  1126 D ImgSensorDrv: [getInfo][getInfo] 
11-21 15:51:33.543  1126  1126 D ImgSensorDrv: [getSocketPosition][getSocketPosition]:[2][-1] 
11-21 15:51:33.543  1126  1126 D ImgSensorDrv: [impSearchSensor]found <0x5648/ov5648mipi/SENSOR_DRVNAME_OV5648_MIPI_RAW>
11-21 15:51:33.543  1126  1126 D ImgSensorDrv: [impSearchSensor]SUB sensor found:[0]/[0x20000]/[0]/[-1] 
11-21 15:51:33.543  1126  1126 D ImgSensorDrv: [impSearchSensor]set sensor driver id =20001
11-21 15:51:33.583  1126  1126 D ImgSensorDrv: [impSearchSensor][impSearchSensor] Err-ctrlCode (I/O error) 
11-21 15:51:33.583  1126  1126 D ImgSensorDrv: [getCurrentSensorType][getCurrentSensorType] 
11-21 15:51:33.583  1126  1126 D ImgSensorDrv: [getInfo][getInfo] 
11-21 15:51:33.583  1126  1126 D ImgSensorDrv: [getSocketPosition][getSocketPosition]:[2][-1] 
11-21 15:51:33.584  1126  1126 D ImgSensorDrv: [impSearchSensor]sensor ID mismatch
11-21 15:51:33.584  1126  1126 D ImgSensorDrv: [impSearchSensor]set sensor driver id =20002
11-21 15:51:33.629  1126  1126 D ImgSensorDrv: [impSearchSensor][impSearchSensor] Err-ctrlCode (I/O error) 
11-21 15:51:33.630  1126  1126 D ImgSensorDrv: [getCurrentSensorType][getCurrentSensorType] 
11-21 15:51:33.630  1126  1126 D ImgSensorDrv: [getInfo][getInfo] 
11-21 15:51:33.630  1126  1126 D ImgSensorDrv: [getSocketPosition][getSocketPosition]:[2][-1] 
11-21 15:51:33.630  1126  1126 D ImgSensorDrv: [impSearchSensor]sensor ID mismatch
11-21 15:51:33.630  1126  1126 D ImgSensorDrv: [impSearchSensor]set sensor driver id =20003
11-21 15:51:33.672  1126  1126 D ImgSensorDrv: [impSearchSensor][impSearchSensor] Err-ctrlCode (I/O error) 
11-21 15:51:33.672  1126  1126 D ImgSensorDrv: [getCurrentSensorType][getCurrentSensorType] 
11-21 15:51:33.672  1126  1126 D ImgSensorDrv: [getInfo][getInfo] 
11-21 15:51:33.672  1126  1126 D ImgSensorDrv: [getSocketPosition][getSocketPosition]:[2][-1] 
11-21 15:51:33.672  1126  1126 D ImgSensorDrv: [impSearchSensor]sensor ID mismatch
11-21 15:51:33.672  1126  1126 D ImgSensorDrv: [impSearchSensor]m_pstSensorInitFunc[i].getCameraDefault is NULL: 4 
11-21 15:51:33.672  1126  1126 D ImgSensorDrv: [impSearchSensor]SENSOR search end: 0x7 /[0x119][3]/[0x5648][0]
11-21 15:51:33.672  1126  1126 D ImgSensorDrv: [getInstance][ImgSensorDrv] getInstance 
11-21 15:51:33.672  1126  1126 D ImgSensorDrv: [init][init] mUsers = 0
11-21 15:51:33.673  1126  1126 D ImgSensorDrv: [init][init] m_fdSensor = 14  
11-21 15:51:33.673  1126  1126 D ImgSensorDrv: [init][init]: m_LineTimeInus[0] = 20
11-21 15:51:33.673  1126  1126 D SensorHal: [getSensorInfo][getSensorInfo]
11-21 15:51:33.673  1126  1126 D ImgSensorDrv: [getInfo][getInfo] 
11-21 15:51:33.673  1126  1126 D ImgSensorDrv: [getCurrentSensorType][getCurrentSensorType] 
11-21 15:51:33.673  1126  1126 D ImgSensorDrv: [getInfo][getInfo] 
11-21 15:51:33.673  1126  1126 D SensorHal: [getSensorInfo][getSensorInfo]
11-21 15:51:33.673  1126  1126 D ImgSensorDrv: [getInfo][getInfo] 
11-21 15:51:33.673  1126  1126 D ImgSensorDrv: [getCurrentSensorType][getCurrentSensorType] 
11-21 15:51:33.673  1126  1126 D ImgSensorDrv: [getInfo][getInfo] 
11-21 15:51:33.673  1126  1126 D SensorHal: [getSensorInfo][getSensorInfo]
11-21 15:51:33.673  1126  1126 D ImgSensorDrv: [getInfo][getInfo] 
11-21 15:51:33.673  1126  1126 D ImgSensorDrv: [getCurrentSensorType][getCurrentSensorType] 
11-21 15:51:33.674  1126  1126 D ImgSensorDrv: [getInfo][getInfo] 
11-21 15:51:33.675  1126  1126 D SensorHal: [getSensorInfo][getSensorInfo]
11-21 15:51:33.675  1126  1126 D ImgSensorDrv: [getInfo][getInfo] 
11-21 15:51:33.675  1126  1126 D ImgSensorDrv: [getCurrentSensorType][getCurrentSensorType] 
11-21 15:51:33.675  1126  1126 D ImgSensorDrv: [getInfo][getInfo] 
11-21 15:51:33.675  1126  1126 D SensorHal: [getSensorInfo][getSensorInfo]
11-21 15:51:33.675  1126  1126 D ImgSensorDrv: [getInfo][getInfo] 
11-21 15:51:33.675  1126  1126 D ImgSensorDrv: [getCurrentSensorType][getCurrentSensorType] 
11-21 15:51:33.675  1126  1126 D ImgSensorDrv: [getInfo][getInfo] 
11-21 15:51:33.675  1126  1126 D SensorHal: [getSensorInfo][getSensorInfo]
11-21 15:51:33.675  1126  1126 D ImgSensorDrv: [getInfo][getInfo] 
11-21 15:51:33.675  1126  1126 D ImgSensorDrv: [getCurrentSensorType][getCurrentSensorType] 
11-21 15:51:33.675  1126  1126 D ImgSensorDrv: [getInfo][getInfo] 
11-21 15:51:33.675  1126  1126 D SensorHal: [getSensorInfo][getSensorInfo]
11-21 15:51:33.675  1126  1126 D ImgSensorDrv: [getInfo][getInfo] 
11-21 15:51:33.675  1126  1126 D ImgSensorDrv: [getCurrentSensorType][getCurrentSensorType] 
11-21 15:51:33.675  1126  1126 D ImgSensorDrv: [getInfo][getInfo] 
11-21 15:51:33.675  1126  1126 D SensorHal: [getSensorInfo][getSensorInfo]
11-21 15:51:33.675  1126  1126 D ImgSensorDrv: [getInfo][getInfo] 
11-21 15:51:33.675  1126  1126 D ImgSensorDrv: [getCurrentSensorType][getCurrentSensorType] 
11-21 15:51:33.675  1126  1126 D ImgSensorDrv: [getInfo][getInfo] 
11-21 15:51:33.675  1126  1126 D ImgSensorDrv: [uninit][uninit] mUsers = 1
11-21 15:51:33.675  1126  1126 D ImgSensorDrv: [init][init] mUsers = 0
11-21 15:51:33.675  1126  1126 D ImgSensorDrv: [init][init] m_fdSensor = 14  
11-21 15:51:33.676  1126  1126 D ImgSensorDrv: [init][init]: m_LineTimeInus[1] = 34
11-21 15:51:33.676  1126  1126 D SensorHal: [getSensorInfo][getSensorInfo]
11-21 15:51:33.676  1126  1126 D ImgSensorDrv: [getInfo][getInfo] 
11-21 15:51:33.676  1126  1126 D ImgSensorDrv: [getCurrentSensorType][getCurrentSensorType] 
11-21 15:51:33.676  1126  1126 D ImgSensorDrv: [getInfo][getInfo] 
11-21 15:51:33.676  1126  1126 D SensorHal: [getSensorInfo][getSensorInfo]
11-21 15:51:33.676  1126  1126 D ImgSensorDrv: [getInfo][getInfo] 
11-21 15:51:33.676  1126  1126 D ImgSensorDrv: [getCurrentSensorType][getCurrentSensorType] 
11-21 15:51:33.676  1126  1126 D ImgSensorDrv: [getInfo][getInfo] 
11-21 15:51:33.676  1126  1126 D SensorHal: [getSensorInfo][getSensorInfo]
11-21 15:51:33.676  1126  1126 D ImgSensorDrv: [getInfo][getInfo] 
11-21 15:51:33.676  1126  1126 D ImgSensorDrv: [getCurrentSensorType][getCurrentSensorType] 
11-21 15:51:33.676  1126  1126 D ImgSensorDrv: [getInfo][getInfo] 
11-21 15:51:33.676  1126  1126 D SensorHal: [getSensorInfo][getSensorInfo]
11-21 15:51:33.676  1126  1126 D ImgSensorDrv: [getInfo][getInfo] 
11-21 15:51:33.676  1126  1126 D ImgSensorDrv: [getCurrentSensorType][getCurrentSensorType] 
11-21 15:51:33.676  1126  1126 D ImgSensorDrv: [getInfo][getInfo] 
11-21 15:51:33.676  1126  1126 D SensorHal: [getSensorInfo][getSensorInfo]
11-21 15:51:33.676  1126  1126 D ImgSensorDrv: [getInfo][getInfo] 
11-21 15:51:33.676  1126  1126 D ImgSensorDrv: [getCurrentSensorType][getCurrentSensorType] 
11-21 15:51:33.676  1126  1126 D ImgSensorDrv: [getInfo][getInfo] 
11-21 15:51:33.676  1126  1126 D SensorHal: [getSensorInfo][getSensorInfo]
11-21 15:51:33.676  1126  1126 D ImgSensorDrv: [getInfo][getInfo] 
11-21 15:51:33.676  1126  1126 D ImgSensorDrv: [getCurrentSensorType][getCurrentSensorType] 
11-21 15:51:33.676  1126  1126 D ImgSensorDrv: [getInfo][getInfo] 
11-21 15:51:33.676  1126  1126 D SensorHal: [getSensorInfo][getSensorInfo]
11-21 15:51:33.676  1126  1126 D ImgSensorDrv: [getInfo][getInfo] 
11-21 15:51:33.676  1126  1126 D ImgSensorDrv: [getCurrentSensorType][getCurrentSensorType] 
11-21 15:51:33.676  1126  1126 D ImgSensorDrv: [getInfo][getInfo] 
11-21 15:51:33.676  1126  1126 D SensorHal: [getSensorInfo][getSensorInfo]
11-21 15:51:33.676  1126  1126 D ImgSensorDrv: [getInfo][getInfo] 
11-21 15:51:33.676  1126  1126 D ImgSensorDrv: [getCurrentSensorType][getCurrentSensorType] 
11-21 15:51:33.676  1126  1126 D ImgSensorDrv: [getInfo][getInfo] 
11-21 15:51:33.676  1126  1126 D ImgSensorDrv: [uninit][uninit] mUsers = 1
11-21 15:51:33.676  1126  1126 D SensorHal: [querySensorInfo][querySensorInfo] mSensorDev = SENSOR_NONE
11-21 15:51:33.677  1126  1126 D AtvSensorDrv: [getInstance][AtvSensorDrv] getInstance 
11-21 15:51:33.677  1126  1126 D SensorHal: [getSensorInfo][getSensorInfo]
11-21 15:51:33.677  1126  1126 D SensorHal: [getSensorInfo][getSensorInfo]
11-21 15:51:33.677  1126  1126 D SensorHal: [getSensorInfo][getSensorInfo]
11-21 15:51:33.677  1126  1126 D SensorHal: [getSensorInfo][getSensorInfo]
11-21 15:51:33.677  1126  1126 D SensorHal: [getSensorInfo][getSensorInfo]
11-21 15:51:33.677  1126  1126 D SensorHal: [getSensorInfo][getSensorInfo]
11-21 15:51:33.677  1126  1126 D SensorHal: [getSensorInfo][getSensorInfo]
11-21 15:51:33.677  1126  1126 D SensorHal: [getSensorInfo][getSensorInfo]
11-21 15:51:33.677  1126  1126 D SeninfDrvImp: [uninit][uninit]: 1 
11-21 15:51:33.677  1126  1126 D SeninfDrvImp: [setTg1PhaseCounter][setTg1PhaseCounter] pcEn(0) clkPol(0)
11-21 15:51:33.678  1126  1126 I IspDrv  : {IspDrv} [ClockOverDriveEnable] EnableLevel(0)
11-21 15:51:33.678  1126  1126 I IspDrv  : {IspDrv} [uninit] +,mInitCount(1)
11-21 15:51:33.678  1126  1126 I IspDrv  : {IspDrv} [ProfilingPrint] [Event_IspDrv_Uninit] atomic_dec:(0-th) ===> [start-->now: 0.030000 ms]
11-21 15:51:33.678  1126  1126 I IspDrv  : {IspDrv} [ProfilingPrint] [Event_IspDrv_Uninit] munmap(mpIspHwRegAddr):(1-th) ===> [start-->now: 0.085000 ms] [last-->now: 0.055000 ms]
11-21 15:51:33.678  1126  1126 I IspDrv  : {IspDrv} [ProfilingPrint] [Event_IspDrv_Uninit] munmap(m_pRTBufTbl):(2-th) ===> [start-->now: 0.132000 ms] [last-->now: 0.047000 ms]
11-21 15:51:33.678  1126  1126 I IspDrv  : {IspDrv} [ProfilingPrint] [Event_IspDrv_Uninit] m_pIMemDrv->unmapPhyAddr(m_ispVirRegBufInfo):(3-th) ===> [start-->now: 0.170000 ms] [last-->now: 0.038000 ms]
11-21 15:51:33.678  1126  1126 I Drv/IMem: Drv/IMem[freeVirtBuf] mID[0xc]/size[0x200004]/VA[0xb40a3000]/PA[0x900000]
11-21 15:51:33.679  1126  1126 I IspDrv  : {IspDrv} [ProfilingPrint] [Event_IspDrv_Uninit] m_pIMemDrv->freeVirtBuf(m_ispVirRegBufInfo):(4-th) ===> [start-->now: 0.496000 ms] [last-->now: 0.326000 ms]
11-21 15:51:33.679  1126  1126 I IspDrv  : {IspDrv} [ProfilingPrint] [Event_IspDrv_Uninit] m_pIMemDrv->unmapPhyAddr(m_ispCQDescBufInfo):(5-th) ===> [start-->now: 0.548000 ms] [last-->now: 0.052000 ms]
11-21 15:51:33.679  1126  1126 I Drv/IMem: Drv/IMem[freeVirtBuf] mID[0xd]/size[0x818]/VA[0xb6b84000]/PA[0xc00000]
11-21 15:51:33.679  1126  1126 I IspDrv  : {IspDrv} [ProfilingPrint] [Event_IspDrv_Uninit] m_pIMemDrv->freeVirtBuf(m_ispCQDescBufInfo):(6-th) ===> [start-->now: 0.730000 ms] [last-->now: 0.182000 ms]
11-21 15:51:33.679  1126  1126 I Drv/IMem: Drv/IMem[uninit] close ion id(11).
11-21 15:51:33.679  1126  1126 I M4U_L   : ~MTKM4UDrv close m4u fd=10, obj=0xb604a078
11-21 15:51:33.679  1126  1126 I IspDrv  : {IspDrv} [ProfilingPrint] [Event_IspDrv_Uninit] m_pIMemDrv->uninit():(7-th) ===> [start-->now: 1.223000 ms] [last-->now: 0.493000 ms]
11-21 15:51:33.679  1126  1126 I IspDrv  : {IspDrv} [ProfilingPrint] [Event_IspDrv_Uninit] m_pIMemDrv->destroyInstance():(8-th) ===> [start-->now: 1.275000 ms] [last-->now: 0.052000 ms]
11-21 15:51:33.679  1126  1126 I IspDrv  : {IspDrv} [ProfilingPrint] [Event_IspDrv_Uninit] memset(tdriMgrInfoCq1):(9-th) ===> [start-->now: 1.310000 ms] [last-->now: 0.035000 ms]
11-21 15:51:33.679  1126  1126 I IspDrv  : {IspDrv} [ProfilingPrint] [Event_IspDrv_Uninit] memset(tdriMgrInfoCq2):(10-th) ===> [start-->now: 1.346000 ms] [last-->now: 0.036000 ms]
11-21 15:51:33.679  1126  1126 I IspDrv  : {IspDrv} [uninit] ISP Global Count: 0.
11-21 15:51:33.680  1126  1126 I IspDrv  : {IspDrv} [ProfilingPrint] [Event_IspDrv_Uninit] close isp mFd:(11-th) ===> [start-->now: 1.493000 ms] [last-->now: 0.147000 ms]
11-21 15:51:33.680  1126  1126 I IspDrv  : {IspDrv} [ProfilingPrint] [Event_IspDrv_Uninit] free(mpIspDrvRegMap):(12-th) ===> [start-->now: 1.535000 ms] [last-->now: 0.042000 ms]
11-21 15:51:33.680  1126  1126 I IspDrv  : {IspDrv} [uninit] -,ret(1),mInitCount(0)
11-21 15:51:33.680  1126  1126 I IspDrv  : {IspDrv} [ProfilingPrint] [Event_IspDrv_Uninit] Exit:(13-th) ===> [start-->now: 1.590000 ms] [last-->now: 0.055000 ms]
11-21 15:51:33.680  1126  1126 D SensorHal: [searchSensor][searchSensor] sensorDevs = 0x7
11-21 15:51:33.680  1126  1126 D ImgSensorDrv: [getInstance][ImgSensorDrv] getInstance 
11-21 15:51:33.680  1126  1126 D ImgSensorDrv: [getInstance][ImgSensorDrv] getInstance 
11-21 15:51:33.680  1126  1126 D ImgSensorDrv: [getInstance][ImgSensorDrv] getInstance 
11-21 15:51:33.680  1126  1126 D MtkCam/MtkCamUtils: [CamDevMetaInfoMap::add] pid/tid=1126/1126 size:1, OpenId:0
11-21 15:51:33.680  1126  1126 D ImgSensorDrv: [getInstance][ImgSensorDrv] getInstance 
11-21 15:51:33.680  1126  1126 D ImgSensorDrv: [getInstance][ImgSensorDrv] getInstance 
11-21 15:51:33.680  1126  1126 D ImgSensorDrv: [getInstance][ImgSensorDrv] getInstance 
11-21 15:51:33.680  1126  1126 W MtkCam/devicemgr: [enumDeviceLocked] Fake orientation:270 instead of 270, facing=1 HalSensorDev=0x2
11-21 15:51:33.680  1126  1126 D MtkCam/MtkCamUtils: [CamDevMetaInfoMap::add] pid/tid=1126/1126 size:2, OpenId:1
11-21 15:51:33.680  1126  1126 D MtkCam/MtkCamUtils: [CamDevMetaInfoMap::add] pid/tid=1126/1126 size:3, OpenId:255
11-21 15:51:33.680  1126  1126 D SensorHal: [deleteImp][deleteImp]: 1 
11-21 15:51:33.680  1126  1126 D SensorHal: [uninit][uninit]: 0 
11-21 15:51:33.680  1126  1126 I MtkCam/devicemgr: [enumDeviceLocked] iSensorsList=0x00000007, i4DeviceNum=2
11-21 15:51:33.680  1126  1126 I MtkCam/devicemgr: [enumDeviceLocked] [0x00] orientation(wanted/setup)=(90/90) facing:0 metadata:0x0 DeviceVersion:0x100
11-21 15:51:33.680  1126  1126 I MtkCam/devicemgr: [enumDeviceLocked] [0x01] orientation(wanted/setup)=(270/270) facing:1 metadata:0x0 DeviceVersion:0x100
11-21 15:51:33.680  1126  1126 I MtkCam/devicemgr: [enumDeviceLocked] [0xff] orientation(wanted/setup)=(0/270) facing:0 metadata:0x0 DeviceVersion:0x100
11-21 15:51:33.680  1126  1126 I MtkCam/Utils/Profile: {CamProfile}[CamDeviceManagerImp::enumDeviceLocked] : (0-th) ===> [start-->now: 357 ms]
11-21 15:51:33.681  1126  1126 I MtkCam/Utils/Profile: {CamProfile}[CamDeviceManagerBase::getNumberOfDevices] : (0-th) ===> [start-->now: 357 ms]
11-21 15:51:33.681  1126  1126 I CameraService: Loaded "MediaTek Camera Module" camera module
11-21 15:51:33.681  1126  1126 D MtkCam/devicemgr: [getNumberOfDevices] #devices:2
11-21 15:51:33.681  1126  1126 D MtkCam/devicemgr: [getNumberOfDevices] #devices:2
11-21 15:51:33.681  1126  1126 D MtkCam/devicemgr: [getDeviceInfo] deviceId:0 device_version:100 facing:0 orientation:90
11-21 15:51:33.681  1126  1126 I CameraFlashlight: Opening camera 0
11-21 15:51:33.681  1126  1126 D MtkCam/devicemgr: [getDeviceInfo] deviceId:0 device_version:100 facing:0 orientation:90
11-21 15:51:33.681  1126  1126 D MtkCam/Utils/Property: [set] pid/tid=1126/1126 (client.appmode)=()
11-21 15:51:33.681  1126  1126 D MtkCam/devicemgr: [openDeviceLocked] + mOpenMap.size:0 mEnumMap.size:3
11-21 15:51:33.809   255   255 D mnl_linux: mtk_gps_sys_init: nvram_init_val not Ready,sleep 500ms
11-21 15:51:33.824  1120  1120 D AndroidRuntime: >>>>>> START com.android.internal.os.ZygoteInit uid 0 <<<<<<
11-21 15:51:33.832  1120  1120 D AndroidRuntime: CheckJNI is OFF
11-21 15:51:33.832  1120  1120 E cutils-trace: Error opening trace file: No such file or directory (2)
11-21 15:51:33.832  1120  1120 I art     : option[0]=-Xzygote
11-21 15:51:33.832  1120  1120 I art     : option[1]=-Xstacktracefile:/data/anr/traces.txt
11-21 15:51:33.832  1120  1120 I art     : option[2]=exit
11-21 15:51:33.833  1120  1120 I art     : option[3]=vfprintf
11-21 15:51:33.833  1120  1120 I art     : option[4]=sensitiveThread
11-21 15:51:33.833  1120  1120 I art     : option[5]=-verbose:gc
11-21 15:51:33.833  1120  1120 I art     : option[6]=-Xms8m
11-21 15:51:33.833  1120  1120 I art     : option[7]=-Xmx256m
11-21 15:51:33.833  1120  1120 I art     : option[8]=-XX:HeapGrowthLimit=96m
11-21 15:51:33.833  1120  1120 I art     : option[9]=-XX:HeapMinFree=2m
11-21 15:51:33.833  1120  1120 I art     : option[10]=-XX:HeapMaxFree=8m
11-21 15:51:33.833  1120  1120 I art     : option[11]=-XX:HeapTargetUtilization=0.75
11-21 15:51:33.833  1120  1120 I art     : option[12]=-agentlib:jdwp=transport=dt_android_adb,suspend=n,server=y
11-21 15:51:33.833  1120  1120 I art     : option[13]=-Xlockprofthreshold:500
11-21 15:51:33.833  1120  1120 I art     : option[14]=-Ximage-compiler-option
11-21 15:51:33.833  1120  1120 I art     : option[15]=--runtime-arg
11-21 15:51:33.833  1120  1120 I art     : option[16]=-Ximage-compiler-option
11-21 15:51:33.833  1120  1120 I art     : option[17]=-Xms64m
11-21 15:51:33.833  1120  1120 I art     : option[18]=-Ximage-compiler-option
11-21 15:51:33.833  1120  1120 I art     : option[19]=--runtime-arg
11-21 15:51:33.833  1120  1120 I art     : option[20]=-Ximage-compiler-option
11-21 15:51:33.833  1120  1120 I art     : option[21]=-Xmx64m
11-21 15:51:33.833  1120  1120 I art     : option[22]=-Ximage-compiler-option
11-21 15:51:33.833  1120  1120 I art     : option[23]=--image-classes=/system/etc/preloaded-classes
11-21 15:51:33.833  1120  1120 I art     : option[24]=-Xcompiler-option
11-21 15:51:33.833  1120  1120 I art     : option[25]=--runtime-arg
11-21 15:51:33.833  1120  1120 I art     : option[26]=-Xcompiler-option
11-21 15:51:33.833  1120  1120 I art     : option[27]=-Xms64m
11-21 15:51:33.833  1120  1120 I art     : option[28]=-Xcompiler-option
11-21 15:51:33.833  1120  1120 I art     : option[29]=--runtime-arg
11-21 15:51:33.833  1120  1120 I art     : option[30]=-Xcompiler-option
11-21 15:51:33.833  1120  1120 I art     : option[31]=-Xmx512m
11-21 15:51:33.833  1120  1120 I art     : option[32]=-Ximage-compiler-option
11-21 15:51:33.833  1120  1120 I art     : option[33]=--instruction-set-variant=cortex-a7
11-21 15:51:33.833  1120  1120 I art     : option[34]=-Xcompiler-option
11-21 15:51:33.833  1120  1120 I art     : option[35]=--instruction-set-variant=cortex-a7
11-21 15:51:33.833  1120  1120 I art     : option[36]=-Ximage-compiler-option
11-21 15:51:33.833  1120  1120 I art     : option[37]=--instruction-set-features=default
11-21 15:51:33.833  1120  1120 I art     : option[38]=-Xcompiler-option
11-21 15:51:33.833  1120  1120 I art     : option[39]=--instruction-set-features=default
11-21 15:51:33.833  1120  1120 I art     : option[40]=-Duser.locale=en-US
11-21 15:51:33.833  1120  1120 I art     : option[41]=--cpu-abilist=armeabi-v7a,armeabi
11-21 15:51:33.834  1120  1120 I art     : option[42]=-Xfingerprint:Cubot/cm_cubotx9/cubotx9:6.0.1/MOB31K/da517ae173:userdebug/test-keys
11-21 15:51:33.916  1120  1120 D ICU     : No timezone override file found: /data/misc/zoneinfo/current/icu/icu_tzdata.dat
11-21 15:51:33.975  1120  1120 E memtrack: Couldn't load memtrack module (No such file or directory)
11-21 15:51:33.976  1120  1120 E android.os.Debug: failed to load memtrack module: -2
11-21 15:51:33.976  1126  1126 D FlashlightDrv: getInstance line=140
11-21 15:51:33.976  1126  1126 D FlashlightDrv: FlashlightDrv()
11-21 15:51:33.976  1126  1126 D FlashlightDrv: 
11-21 15:51:33.976  1126  1126 D FlashlightDrv: getInstance line=140
11-21 15:51:33.976  1126  1126 D FlashlightDrv: getPartId dev=1 id=1 line=1078
11-21 15:51:33.977  1126  1126 D FlashlightDrv: getPartId dev=2 id=1 line=1078
11-21 15:51:33.977  1126  1126 D ae_mgr  : [AeMgr]
11-21 15:51:33.978  1126  1126 D MtkATV/State: (StatePreCapture)[StatePreCapture] +
11-21 15:51:33.978  1126  1126 D MtkATV/State: (StateCapturePreview)[StateCapturePreview] 
11-21 15:51:33.979  1126  1126 D MtkCam/PlatformEntry: [getHandleToPlatform] 0xb42c2004
11-21 15:51:33.979  1126  1126 D MtkCam/devicemgr: [getPlatform] getHandleToPlatform():0xb42bf9b5 return 0xb42c2004 in /system/lib/libcam_platform.so
11-21 15:51:33.979  1126  1126 I MtkCam/Cam1DeviceFactory: (1126)[createCam1Device] + OpenID:0
11-21 15:51:33.979  1126  1126 D MtkCam/Cam1Device: (1126)[Cam1Device] ctor
11-21 15:51:33.979  1126  1126 D MtkCam/Cam1Device: (1126)(Default:0)[Cam1DeviceBase::Cam1DeviceBase] 
11-21 15:51:33.979  1126  1126 D MtkCam/Cam1Device: (1126)(Default:0)[onInit] +
11-21 15:51:33.979  1126  1126 D MtkCam/ResManager: [open] DefaultCam1Device
11-21 15:51:33.979  1126  1126 D MtkCam/ResManager: [init] First user(0)
11-21 15:51:33.979  1126  1126 D ResMgrDrv: [Init]First user(0)
11-21 15:51:33.979  1126  1126 D ResMgrDrv: [SetMode]ScenSw(1),ScenHw(0),Dev(0),HSVR(0)
11-21 15:51:33.979  1126  1126 D ResMgrDrv: [GetMode]ScenSw(0),ScenHw(0),Dev(0)
11-21 15:51:33.979  1126  1126 D ResMgrDrv: [SetMode]OK
11-21 15:51:33.980  1126  1126 I         : [BWC INFO](1126): [bwc.mm.SensorSize] Get : 
11-21 15:51:33.980  1126  1126 I         : [BWC INFO](1126): [bwc.mm.VideoRecordSize] Get : 
11-21 15:51:33.980  1126  1126 I         : [BWC INFO](1126): [bwc.mm.DisplaySize] Get : 
11-21 15:51:33.980  1126  1126 I         : [BWC INFO](1126): [bwc.mm.TvOutSize] Get : 
11-21 15:51:33.980  1126  1126 I         : [BWC INFO](1126): [bwc.mm.Fps] Get : 
11-21 15:51:33.980  1126  1126 I         : [BWC INFO](1126): [bwc.mm.VideoEncodeCodec] Get : 
11-21 15:51:33.980  1126  1126 I         : [BWC INFO](1126): [bwc.mm.VideoDecodeCodec] Get : 
11-21 15:51:33.980  1126  1126 I         : [BWC INFO](1126): BWC_SETTING::DumpInfo-------
11-21 15:51:33.980  1126  1126 I         : 
11-21 15:51:33.980  1126  1126 I         : [BWC INFO](1126):          sensor_size =      0 x      0
11-21 15:51:33.980  1126  1126 I         : [BWC INFO](1126):              vr_size =      0 x      0
11-21 15:51:33.980  1126  1126 I         : [BWC INFO](1126):            disp_size =      0 x      0
11-21 15:51:33.980  1126  1126 I         : [BWC INFO](1126):              tv_size =      0 x      0
11-21 15:51:33.980  1126  1126 I         : [BWC INFO](1126):                  fps =      0
11-21 15:51:33.980  1126  1126 I         : [BWC INFO](1126):      venc_codec_type =      0
11-21 15:51:33.980  1126  1126 I         : [BWC INFO](1126):      vdec_codec_type =      0
11-21 15:51:33.980  1126  1126 I         : [BWC INFO](1126): ----------------------------
11-21 15:51:33.980  1126  1126 I         : 
11-21 15:51:33.980  1126  1126 I         : [BWC INFO](1126): Read DDR type string:LPDDR3
11-21 15:51:33.980  1126  1126 I         : [BWC INFO](1126): DDR Type = 2
11-21 15:51:33.980  1126  1126 I         : [BWC INFO](1126): smi_bw_ctrl_set: scen 1, turn off
11-21 15:51:33.980  1126  1126 I         : [BWC INFO](1126): emi_bw_ctrl_set: CON_SCE_NORMAL OFF
11-21 15:51:33.981  1126  1126 I         : [BWC INFO](1126): [bwc.mm._Profile] Get : 0
11-21 15:51:33.981  1126  1126 I         : [BWC INFO](1126): [bwc.mm._Profile] Set : 0
11-21 15:51:33.982  1126  1126 I         : [BWC INFO](1126): [bwc.mm._Profile] Get : 0
11-21 15:51:33.982  1126  1126 I         : [BWC INFO](1126): Profile_Change:[BWCPT_CAMERA_PREVIEW]:OFF,current concurrency is 0x0
11-21 15:51:33.982  1126  1126 D ResMgrDrv: [CloseHdmi]En(1)
11-21 15:51:33.982  1126  1126 W ResMgrDrv: [CloseHdmi]WRN(  391):HDMITX kernel open fail, errno(2):No such file or directory
11-21 15:51:33.982  1126  1126 I MtkCam/MtkCamUtils: {CamProfile}[DefaultCam1Device::onInit] Resource -: (0-th) ===> [start-->now: 2 ms]
11-21 15:51:33.982  1126  1126 D MtkCam/Cam1Device: (1126)(Default:0)[onInit] SensorHal::createInstance(), iHalSensorDevId:0x1
11-21 15:51:33.982  1126  1126 D SensorHal: [getInstance][SensorHalImp] getInstance 
11-21 15:51:33.982  1126  1126 D SensorHal: [createImp][createImp]: 0 
11-21 15:51:33.982  1126  1126 D SeninfDrvImp: [getInstance][getInstance] 
11-21 15:51:33.982  1126  1126 D ImgSensorDrv: [getInstance][ImgSensorDrv] getInstance 
11-21 15:51:33.982  1126  1126 D SensorHal: [sendCommand]  Sensor Dev: 1 
11-21 15:51:33.982  1126  1126 D SeninfDrvImp: [sendCommand][sendCommand] cmd: 0x1000 
11-21 15:51:33.982  1126  1126 D SensorHal: [init][init]: 0 
11-21 15:51:33.982  1126  1126 D ImgSensorDrv: [getInstance][ImgSensorDrv] getInstance 
11-21 15:51:33.982  1126  1126 D SeninfDrvImp: [init][init]: 0 
11-21 15:51:33.983  1126  1126 I IspDrv  : {IspDrv} [createInstance] fgIsGdmaMode: 0.
11-21 15:51:33.983  1126  1126 I IspDrv  : {IspDrv} [getInstance] singleton[0xb48b4b88]. fgIsGdmaMode: 0.
11-21 15:51:33.983  1126  1126 I IspDrv  : {IspDrv} [init] +,mInitCount(0),m_fgIsGdmaMode(0)
11-21 15:51:33.983  1126  1126 I IspDrv  : {IspDrv} [ProfilingPrint] [Event_IspDrv_Init] mpIspDrvRegMap malloc:(0-th) ===> [start-->now: 0.040000 ms]
11-21 15:51:33.983  1126  1126 I IspDrv  : {IspDrv} [ProfilingPrint] [Event_IspDrv_Init] 1st open(ISP_DRV_DEV_NAME, O_RDWR):(1-th) ===> [start-->now: 0.179000 ms] [last-->now: 0.139000 ms]
11-21 15:51:33.983  1126  1126 I IspDrv  : {IspDrv} [ProfilingPrint] [Event_IspDrv_Init] mpIspHwRegAddr mmap():(2-th) ===> [start-->now: 0.355000 ms] [last-->now: 0.176000 ms]
11-21 15:51:33.983  1126  1126 I IspDrv  : {IspDrv} [ProfilingPrint] [Event_IspDrv_Init] m_pRTBufTbl mmap():(3-th) ===> [start-->now: 0.516000 ms] [last-->now: 0.161000 ms]
11-21 15:51:33.983  1126  1126 I IspDrv  : {IspDrv} [reset] ISP SW RESET[0x00000008]
11-21 15:51:33.983  1126  1126 I IspDrv  : {IspDrv} [init] ISP Global Count: 1.
11-21 15:51:33.983  1126  1126 I IspDrv  : {IspDrv} [ProfilingPrint] [Event_IspDrv_Init] kRefCntCtrl and ISP reset():(4-th) ===> [start-->now: 0.802000 ms] [last-->now: 0.286000 ms]
11-21 15:51:33.984  1126  1126 I IspDrv  : {IspDrv} [ProfilingPrint] [Event_IspDrv_Init] IMemDrv::createInstance():(5-th) ===> [start-->now: 0.862000 ms] [last-->now: 0.060000 ms]
11-21 15:51:33.984  1126  1126 I M4U_L   : MTKM4UDrv fd = 11, obj=0xb604a078
11-21 15:51:33.984  1126  1126 I Drv/IMem: Drv/IMem[init] open ion id(12).
11-21 15:51:33.984  1126  1126 I IspDrv  : {IspDrv} [ProfilingPrint] [Event_IspDrv_Init] m_pIMemDrv->init():(6-th) ===> [start-->now: 1.420000 ms] [last-->now: 0.558000 ms]
11-21 15:51:33.984  1126  1126 I IspDrv  : {IspDrv} [init] m_ispVirRegBufInfo.size(2097156)
11-21 15:51:33.984  1120  1120 I Radio-JNI: register_android_hardware_Radio DONE
11-21 15:51:33.986  1126  1126 I IspDrv  : {IspDrv} [ProfilingPrint] [Event_IspDrv_Init] m_pIMemDrv->allocVirtBuf(m_ispVirRegBufInfo):(7-th) ===> [start-->now: 3.054000 ms] [last-->now: 1.634000 ms]
11-21 15:51:33.986  1126  1126 I Drv/IMem: Drv/IMem[mapPhyAddr] mID(0xd),size(0x200004),VA(xb2b3d000),PA(0x900000),S/C(0/0)
11-21 15:51:33.987  1126  1126 I IspDrv  : {IspDrv} [ProfilingPrint] [Event_IspDrv_Init] m_pIMemDrv->mapPhyAddr():(8-th) ===> [start-->now: 4.033000 ms] [last-->now: 0.979000 ms]
11-21 15:51:33.990  1126  1126 I IspDrv  : {IspDrv} [ProfilingPrint] [Event_IspDrv_Init] memset(mpIspVirRegBuffer):(9-th) ===> [start-->now: 7.690000 ms] [last-->now: 3.657000 ms]
11-21 15:51:33.991  1126  1126 I IspDrv  : {IspDrv} [ProfilingPrint] [Event_IspDrv_Init] m_pIMemDrv->allocVirtBuf(m_ispCQDescBufInfo):(10-th) ===> [start-->now: 7.910000 ms] [last-->now: 0.220000 ms]
11-21 15:51:33.991  1126  1126 I Drv/IMem: Drv/IMem[mapPhyAddr] mID(0xe),size(0x818),VA(xb6aa3000),PA(0xc00000),S/C(0/0)
11-21 15:51:33.991  1126  1126 I IspDrv  : {IspDrv} [ProfilingPrint] [Event_IspDrv_Init] m_pIMemDrv->mapPhyAddr(m_ispCQDescBufInfo):(11-th) ===> [start-->now: 8.188000 ms] [last-->now: 0.278000 ms]
11-21 15:51:33.991  1126  1126 I IspDrv  : {IspDrv} [ProfilingPrint] [Event_IspDrv_Init] memcpy(mpIspCQDescriptorVirt[i]):(12-th) ===> [start-->now: 8.247000 ms] [last-->now: 0.059000 ms]
11-21 15:51:33.991  1126  1126 I IspDrv  : {IspDrv} [ProfilingPrint] [Event_IspDrv_Init] memset(mpIspCQDescriptorVirt[CQ0C]):(13-th) ===> [start-->now: 8.295000 ms] [last-->now: 0.048000 ms]
11-21 15:51:33.991  1126  1126 I IspDrv  : {IspDrv} [ProfilingPrint] [Event_IspDrv_Init] memset(tdriMgrInfoCq1):(14-th) ===> [start-->now: 8.347000 ms] [last-->now: 0.052000 ms]
11-21 15:51:33.991  1126  1126 I IspDrv  : {IspDrv} [ProfilingPrint] [Event_IspDrv_Init] memset(tdriMgrInfoCq2):(15-th) ===> [start-->now: 8.396000 ms] [last-->now: 0.049000 ms]
11-21 15:51:33.991  1126  1126 I IspDrv  : {IspDrv} [ProfilingPrint] [Event_IspDrv_Init] atomic_inc:(16-th) ===> [start-->now: 8.440000 ms] [last-->now: 0.044000 ms]
11-21 15:51:33.991  1126  1126 I IspDrv  : {IspDrv} [init] -,ret(1),mInitCount(1)
11-21 15:51:33.991  1126  1126 I IspDrv  : {IspDrv} [ProfilingPrint] [Event_IspDrv_Init] Exit:(17-th) ===> [start-->now: 8.519000 ms] [last-->now: 0.079000 ms]
11-21 15:51:33.992  1126  1126 D SeninfDrvImp: [init][init]: X 
11-21 15:51:33.992  1126  1126 D SensorHal: [initSensor][initSensor]
11-21 15:51:33.992  1126  1126 D ImgSensorDrv: [init][init] mUsers = 0
11-21 15:51:33.992  1126  1126 D ImgSensorDrv: [init][init] m_fdSensor = 15  
11-21 15:51:33.992  1126  1126 D ImgSensorDrv: [init][init]: m_LineTimeInus[0] = 20
11-21 15:51:33.992  1126  1126 D SensorHal: [initSensor]  Main/ATV sensor resolution, Preview: 1632/1224, Full: 3264/2448 
11-21 15:51:33.992  1126  1126 D SensorHal: [initSensor]  Sub/MAIN_2 sensor resolution, Preview: 0/0, Full: 0/0 
11-21 15:51:33.992  1126  1126 D ImgSensorDrv: [getCurrentSensorType][getCurrentSensorType] 
11-21 15:51:33.992  1126  1126 D ImgSensorDrv: [getInfo][getInfo] 
11-21 15:51:33.992  1126  1126 D SensorHal: [getSensorInfo][getSensorInfo]
11-21 15:51:33.992  1126  1126 D ImgSensorDrv: [getInfo][getInfo] 
11-21 15:51:33.992  1126  1126 D ImgSensorDrv: [getCurrentSensorType][getCurrentSensorType] 
11-21 15:51:33.992  1126  1126 D ImgSensorDrv: [getInfo][getInfo] 
11-21 15:51:33.992  1126  1126 D SensorHal: [setTgPhase][setTgPhase] Tg1clk: 24, Tg2clk: 0 
11-21 15:51:33.992  1126  1126 D SensorHal: [setTgPhase]  mclk1: 48000, clkCnt1: 1 
11-21 15:51:33.992  1126  1126 D SensorHal: [setTgPhase][setTgPhase] u4PadPclkInv_1(0),u4PadPclkInv_2(0) 
11-21 15:51:33.993  1126  1126 D SeninfDrvImp: [setTg1PhaseCounter][setTg1PhaseCounter] pcEn(1) clkPol(0)
11-21 15:51:33.994  1126  1126 D SensorHal: [setCSI2Config]enable Tg1 CSI2Config
11-21 15:51:33.994  1126  1126 D SeninfDrvImp: [setTg1CSI2][configTg1CSI2]:DataTermDelay:0 SettleDelay:32 ClkTermDelay:0 VsyncType:1 dlane_num:1 CSI2 enable:1 HeaderOrder:1 DataFlow:0
11-21 15:51:33.994  1126  1126 D SeninfDrvImp: [initTg1CSI2][initCSI2]:type =1, enable = 1
11-21 15:51:33.996  1120  1120 I SamplingProfilerIntegration: Profiling disabled.
11-21 15:51:33.996  1120  1120 D Zygote  : begin preload
