11-21 15:51:39.672  1468  1468 I IspDrv  : {IspDrv} [ProfilingPrint] [Event_IspDrv_Init] memset(tdriMgrInfoCq2):(15-th) ===> [start-->now: 8.887000 ms] [last-->now: 0.042000 ms]
11-21 15:51:39.672  1468  1468 I IspDrv  : {IspDrv} [ProfilingPrint] [Event_IspDrv_Init] atomic_inc:(16-th) ===> [start-->now: 8.922000 ms] [last-->now: 0.035000 ms]
11-21 15:51:39.672  1468  1468 I IspDrv  : {IspDrv} [init] -,ret(1),mInitCount(1)
11-21 15:51:39.672  1468  1468 I IspDrv  : {IspDrv} [ProfilingPrint] [Event_IspDrv_Init] Exit:(17-th) ===> [start-->now: 9.007000 ms] [last-->now: 0.085000 ms]
11-21 15:51:39.672  1468  1468 D SeninfDrvImp: [init][init]: X 
11-21 15:51:39.672  1468  1468 D SensorHal: [initSensor][initSensor]
11-21 15:51:39.672  1468  1468 D ImgSensorDrv: [init][init] mUsers = 0
11-21 15:51:39.672  1468  1468 D ImgSensorDrv: [init][init] m_fdSensor = 15  
11-21 15:51:39.673  1468  1468 D ImgSensorDrv: [init][init]: m_LineTimeInus[0] = 20
11-21 15:51:39.673  1468  1468 D SensorHal: [initSensor]  Main/ATV sensor resolution, Preview: 1632/1224, Full: 3264/2448 
11-21 15:51:39.673  1468  1468 D SensorHal: [initSensor]  Sub/MAIN_2 sensor resolution, Preview: 0/0, Full: 0/0 
11-21 15:51:39.673  1468  1468 D ImgSensorDrv: [getCurrentSensorType][getCurrentSensorType] 
11-21 15:51:39.673  1468  1468 D ImgSensorDrv: [getInfo][getInfo] 
11-21 15:51:39.673  1468  1468 D SensorHal: [getSensorInfo][getSensorInfo]
11-21 15:51:39.673  1468  1468 D ImgSensorDrv: [getInfo][getInfo] 
11-21 15:51:39.673  1468  1468 D ImgSensorDrv: [getCurrentSensorType][getCurrentSensorType] 
11-21 15:51:39.673  1468  1468 D ImgSensorDrv: [getInfo][getInfo] 
11-21 15:51:39.673  1468  1468 D SensorHal: [setTgPhase][setTgPhase] Tg1clk: 24, Tg2clk: 0 
11-21 15:51:39.673  1468  1468 D SensorHal: [setTgPhase]  mclk1: 48000, clkCnt1: 1 
11-21 15:51:39.673  1468  1468 D SensorHal: [setTgPhase][setTgPhase] u4PadPclkInv_1(0),u4PadPclkInv_2(0) 
11-21 15:51:39.673  1468  1468 D SeninfDrvImp: [setTg1PhaseCounter][setTg1PhaseCounter] pcEn(1) clkPol(0)
11-21 15:51:39.674  1468  1468 D SensorHal: [setCSI2Config]enable Tg1 CSI2Config
11-21 15:51:39.674  1468  1468 D SeninfDrvImp: [setTg1CSI2][configTg1CSI2]:DataTermDelay:0 SettleDelay:32 ClkTermDelay:0 VsyncType:1 dlane_num:1 CSI2 enable:1 HeaderOrder:1 DataFlow:0
11-21 15:51:39.674  1468  1468 D SeninfDrvImp: [initTg1CSI2][initCSI2]:type =1, enable = 1
11-21 15:51:39.679  1468  1468 D SeninfDrvImp: [initTg1CSI2][initCSI2]:CSI0 calibration start !
11-21 15:51:39.680  1468  1468 D SeninfDrvImp: [initTg1CSI2][initCSI2]:CSI0 calibration end !
11-21 15:51:39.713  1472  1472 E memtrack: Couldn't load memtrack module (No such file or directory)
11-21 15:51:39.713  1472  1472 E android.os.Debug: failed to load memtrack module: -2
11-21 15:51:39.719  1472  1472 I Radio-JNI: register_android_hardware_Radio DONE
11-21 15:51:39.720  1468  1468 I MtkCam/MtkCamUtils: {CamProfile}[DefaultCam1Device::onInit] Sensor Hal -: (1-th) ===> [start-->now: 60 ms] [last-->now: 58 ms]
11-21 15:51:39.720  1468  1468 D SensorHal: [getInstance][SensorHalImp] getInstance 
11-21 15:51:39.720  1468  1468 D SensorHal: [createImp][createImp]: 1 
11-21 15:51:39.720  1468  1468 D SensorHal: [createImp]  Has created 
11-21 15:51:39.720  1468  1468 D ImgSensorDrv: [getInstance][ImgSensorDrv] getInstance 
11-21 15:51:39.720  1468  1468 D SensorHal: [sendCommand]  Sensor Dev: 1 
11-21 15:51:39.721  1468  1468 D SeninfDrvImp: [sendCommand][sendCommand] cmd: 0x1000 
11-21 15:51:39.721  1468  1468 D SensorHal: [init][init]: 1 
11-21 15:51:39.721  1468  1468 D SensorHal: [init]  Has inited 
11-21 15:51:39.721  1468  1468 D ImgSensorDrv: [getInstance][ImgSensorDrv] getInstance 
11-21 15:51:39.721  1468  1468 D SensorHal: [uninit][uninit]: 2 
11-21 15:51:39.721  1468  1468 D SensorHal: [uninit]  Still users 
11-21 15:51:39.721  1468  1468 D SensorHal: [deleteImp][deleteImp]: 2 
11-21 15:51:39.721  1468  1468 D SensorHal: [deleteImp]  Still users 
11-21 15:51:39.721  1468  1468 D aaa_hal : IState::sm_3APvLogEnable = 0
11-21 15:51:39.721  1468  1468 D aaa_hal : [init()] m_Users: 0 
11-21 15:51:39.721  1468  1468 D aaa_hal : m_i4SensorDev: 1 
11-21 15:51:39.721  1468  1468 D aaa_state: [StateUninit::sendIntent]<eIntent_Init>
11-21 15:51:39.721  1468  1468 D buf_mgr : [int NS3A::BufMgr::init()()] - E. m_Users: 0 
11-21 15:51:39.721  1468  1468 I IspDrv  : {IspDrv} [createInstance] fgIsGdmaMode: 0.
11-21 15:51:39.721  1468  1468 I IspDrv  : {IspDrv} [getInstance] singleton[0xb4896b88]. fgIsGdmaMode: 0.
11-21 15:51:39.721  1468  1468 I IspDrv  : {IspDrv} [init] +,mInitCount(1),m_fgIsGdmaMode(0)
11-21 15:51:39.721  1468  1468 I IspDrv  : {IspDrv} [ProfilingPrint] [Event_IspDrv_Init] atomic_inc:(0-th) ===> [start-->now: 0.032000 ms]
11-21 15:51:39.721  1468  1468 I IspDrv  : {IspDrv} [init] -,ret(1),mInitCount(2)
11-21 15:51:39.721  1468  1468 I IspDrv  : {IspDrv} [ProfilingPrint] [Event_IspDrv_Init] Exit:(1-th) ===> [start-->now: 0.103000 ms] [last-->now: 0.071000 ms]
11-21 15:51:39.721  1468  1468 I IspDrv  : {IspDrv} [getInstance] cq(1),ispVirRegAddr(0xb2b6a000)
11-21 15:51:39.721  1468  1468 I IspDrv  : {IspDrv} [IspDrvVirImp] +
11-21 15:51:39.721  1468  1468 I IspDrv  : {IspDrv} [IspDrvVirImp] +
11-21 15:51:39.721  1468  1468 I IspDrv  : {IspDrv} [IspDrvVirImp] +
11-21 15:51:39.721  1468  1468 I IspDrv  : {IspDrv} [IspDrvVirImp] +
11-21 15:51:39.721  1468  1468 I IspDrv  : {IspDrv} [IspDrvVirImp] +
11-21 15:51:39.721  1468  1468 I IspDrv  : {IspDrv} [IspDrvVirImp] +
11-21 15:51:39.721  1468  1468 I IspDrv  : {IspDrv} [IspDrvVirImp] +
11-21 15:51:39.721  1468  1468 I IspDrv  : {IspDrv} [IspDrvVirImp] +
11-21 15:51:39.722  1468  1468 I Drv/IMem: Drv/IMem[mapPhyAddr] mID(0x10),size(0xd6f0),VA(xb2b0c000),PA(0xd00000),S/C(0/0)
11-21 15:51:39.722  1468  1468 I Drv/IMem: Drv/IMem[mapPhyAddr] mID(0x11),size(0xd6f0),VA(xb2afe000),PA(0xe00000),S/C(0/0)
11-21 15:51:39.722  1468  1468 I Drv/IMem: Drv/IMem[mapPhyAddr] mID(0x12),size(0x128),VA(xb699b000),PA(0xf00000),S/C(0/0)
11-21 15:51:39.722  1468  1468 D aaa_state: [StateCommon::transitState] StateUninit --> StateInit
11-21 15:51:39.722  1468  1468 I IspDrv  : {IspDrv} [createInstance] fgIsGdmaMode: 0.
11-21 15:51:39.722  1468  1468 I IspDrv  : {IspDrv} [getInstance] singleton[0xb4896b88]. fgIsGdmaMode: 0.
11-21 15:51:39.722  1468  1468 I IspDrv  : {IspDrv} [init] +,mInitCount(2),m_fgIsGdmaMode(0)
11-21 15:51:39.723  1468  1468 I IspDrv  : {IspDrv} [ProfilingPrint] [Event_IspDrv_Init] atomic_inc:(0-th) ===> [start-->now: 0.034000 ms]
11-21 15:51:39.723  1468  1468 I IspDrv  : {IspDrv} [init] -,ret(1),mInitCount(3)
11-21 15:51:39.723  1468  1468 I IspDrv  : {IspDrv} [ProfilingPrint] [Event_IspDrv_Init] Exit:(1-th) ===> [start-->now: 0.174000 ms] [last-->now: 0.140000 ms]
11-21 15:51:39.723  1468  1468 I IspDrv  : {IspDrv} [createInstance] fgIsGdmaMode: 0.
11-21 15:51:39.723  1468  1588 D aaa_hal/3Athread: +
11-21 15:51:39.723  1468  1468 I IspDrv  : {IspDrv} [getInstance] singleton[0xb4896b88]. fgIsGdmaMode: 0.
11-21 15:51:39.723  1468  1468 I IspDrv  : {IspDrv} [init] +,mInitCount(3),m_fgIsGdmaMode(0)
11-21 15:51:39.723  1468  1588 D aaa_hal/3Athread: policy:(expect, result)=(2, 2), priority:(expect, result)=(268435545, 89)
11-21 15:51:39.723  1468  1468 I IspDrv  : {IspDrv} [ProfilingPrint] [Event_IspDrv_Init] atomic_inc:(0-th) ===> [start-->now: 0.042000 ms]
11-21 15:51:39.723  1468  1468 I IspDrv  : {IspDrv} [init] -,ret(1),mInitCount(4)
11-21 15:51:39.723  1468  1468 I IspDrv  : {IspDrv} [ProfilingPrint] [Event_IspDrv_Init] Exit:(1-th) ===> [start-->now: 0.128000 ms] [last-->now: 0.086000 ms]
11-21 15:51:39.723  1468  1468 D aaa_hal : [AFThread] Create
11-21 15:51:39.724  1468  1468 D FLICKER : [FLK Hal] FFLK func=getInstance line=185
11-21 15:51:39.724  1468  1468 D FLICKER : [FLK Hal] FFLK func=FlickerHal line=410
11-21 15:51:39.724  1468  1589 D aaa_hal : [AFThread] tid: 1589 
11-21 15:51:39.724  1468  1468 D FLICKER : [FLK Hal] F=createBuf L=2026
11-21 15:51:39.724  1468  1468 I Drv/IMem: Drv/IMem[mapPhyAddr] mID(0x13),size(0x6000),VA(xb28f2000),PA(0x1000000),S/C(0/0)
11-21 15:51:39.725  1468  1468 I Drv/IMem: Drv/IMem[mapPhyAddr] mID(0x14),size(0x6000),VA(xb28ec000),PA(0x1100000),S/C(0/0)
11-21 15:51:39.725  1468  1468 D paramctrl_lifetime: getInstance(): eSensorDev = 1
11-21 15:51:39.725  1468  1468 D SensorHal: [getInstance][SensorHalImp] getInstance 
11-21 15:51:39.725  1468  1468 D SensorHal: [createImp][createImp]: 1 
11-21 15:51:39.725  1468  1468 D SensorHal: [createImp]  Has created 
11-21 15:51:39.725  1468  1468 D ImgSensorDrv: [getInstance][ImgSensorDrv] getInstance 
11-21 15:51:39.725  1468  1468 D SensorHal: [deleteImp][deleteImp]: 2 
11-21 15:51:39.725  1468  1468 D SensorHal: [deleteImp]  Still users 
11-21 15:51:39.725  1468  1468 D NvramDrv: NvramDrv [readNvram] sensor type = 1; NVRAM data type = 0
11-21 15:51:39.725  1468  1468 D NvramDrv: NvramDrv [readNvramData] sensor type = 1; NVRAM data type = 0
11-21 15:51:39.725  1468  1468 D NVRAM   : NVM_GetFileDesc ++
11-21 15:51:39.725  1468  1468 D NVRAM   : NVM_GetCfgFileTable : file_lid = 3
11-21 15:51:39.725  1468  1468 D NVRAM   : NVM_GetCfgFileTable done
11-21 15:51:39.725  1468  1468 D NVRAM   : Open /data/nvram/APCFG/APRDCL/CAMERA_Para,LID:3
11-21 15:51:39.725  1468  1468 D NVRAM   : NVM_CmpFileVerNo 3  
11-21 15:51:39.725  1468  1468 D NVRAM   : NVM_GetCfgFileTable : file_lid = 3
11-21 15:51:39.725  1468  1468 D NVRAM   : Check if FILE_VER exists before openning it!
11-21 15:51:39.726  1468  1468 D NVRAM   : NVM_CheckVerFile: 1
11-21 15:51:39.726  1468  1468 D NVRAM   : New version info file
11-21 15:51:39.726  1468  1468 D NVRAM   : Load File Version: 000, NvRam File Version: 000
11-21 15:51:39.726  1468  1468 D NVRAM   : no need to enc/dnc
11-21 15:51:39.726  1468  1468 D NVRAM   : NVM_GetFileDesc --
11-21 15:51:39.726  1468  1468 D NVRAM   : no need to enc/dnc
11-21 15:51:39.726  1468  1468 D NvramDrv: NvramDrv [checkDataVersion]
11-21 15:51:39.726  1468  1468 D NvramDrv: NvramDrv [ISP] NVRAM data version = 0; F/W data version = 1
11-21 15:51:39.726  1468  1468 D NvramDrv: NvramDrv [readDefaultData] sensor ID = 281; NVRAM data type = 0
11-21 15:51:39.726  1468  1468 D SensorHal: [getInstance][SensorHalImp] getInstance 
11-21 15:51:39.726  1468  1468 D SensorHal: [createImp][createImp]: 1 
11-21 15:51:39.726  1468  1468 D SensorHal: [createImp]  Has created 
11-21 15:51:39.726  1468  1468 D ImgSensorDrv: [getInstance][ImgSensorDrv] getInstance 
11-21 15:51:39.727  1468  1468 D paramctrl_lifetime: [createInstance] 
11-21 15:51:39.727  1468  1468 D NvramDrv: NvramDrv [readNvram] sensor type = 1; NVRAM data type = 2
11-21 15:51:39.727  1468  1468 D NvramDrv: NvramDrv [readNvramData] sensor type = 1; NVRAM data type = 2
11-21 15:51:39.727  1468  1468 D NVRAM   : NVM_GetFileDesc ++
11-21 15:51:39.727  1468  1468 D NVRAM   : NVM_GetCfgFileTable : file_lid = 5
11-21 15:51:39.727  1468  1468 D NVRAM   : NVM_GetCfgFileTable done
11-21 15:51:39.727  1468  1468 D NVRAM   : Open /data/nvram/APCFG/APRDCL/CAMERA_SHADING,LID:5
11-21 15:51:39.727  1468  1468 D NVRAM   : NVM_CmpFileVerNo 5  
11-21 15:51:39.727  1468  1468 D NVRAM   : NVM_GetCfgFileTable : file_lid = 5
11-21 15:51:39.727  1468  1468 D NVRAM   : Check if FILE_VER exists before openning it!
11-21 15:51:39.727  1468  1468 D NVRAM   : NVM_CheckVerFile: 1
11-21 15:51:39.727  1468  1468 D NVRAM   : New version info file
11-21 15:51:39.727  1468  1468 D NVRAM   : Load File Version: 000, NvRam File Version: 000
11-21 15:51:39.727  1468  1468 D NVRAM   : no need to enc/dnc
11-21 15:51:39.727  1468  1468 D NVRAM   : NVM_GetFileDesc --
11-21 15:51:39.732  1468  1468 D NVRAM   : no need to enc/dnc
11-21 15:51:39.732  1468  1468 D NvramDrv: NvramDrv [checkDataVersion]
11-21 15:51:39.732  1468  1468 D NvramDrv: NvramDrv [Shading] NVRAM data version = 0; F/W data version = 1
11-21 15:51:39.732  1468  1468 D NvramDrv: NvramDrv [readDefaultData] sensor ID = 281; NVRAM data type = 2
11-21 15:51:39.733  1472  1472 I SamplingProfilerIntegration: Profiling disabled.
11-21 15:51:39.733  1472  1472 D Zygote  : begin preload
11-21 15:51:39.733  1472  1472 I Zygote  : Preloading classes...
11-21 15:51:39.735  1468  1468 D paramctrl_lifetime: [createInstance] NvramDrvMgr pNvram_Shading 0xb3bfa710
11-21 15:51:39.735  1468  1468 D lsc_mgr : [LscMgr] m_pIMemDrv == 0x00000000
11-21 15:51:39.735  1468  1468 D lsc_mgr : m_rIspLscCfg 0xb3ac4ef4, m_rIspShadingLut 0xb3bfa710, m_rIspSl2Cfg 0xb3ac4fe4, m_rIspNvram 0xb3ac41e4
11-21 15:51:39.735  1468  1468 D lsc_mgr : [LscMgr] Shading
11-21 15:51:39.735  1468  1468 D lsc_mgr :  Version = 0x1
11-21 15:51:39.735  1468  1468 D lsc_mgr :  SensorId =  0x1
11-21 15:51:39.735  1468  1468 D lsc_mgr :  PreviewSVDSize =  0x800
11-21 15:51:39.735  1468  1468 D lsc_mgr :  VideoSVDSize =  0x800
11-21 15:51:39.735  1468  1468 D lsc_mgr :  CaptureSVDSize =  0x800
11-21 15:51:39.735  1468  1468 D lsc_mgr : [LscMgr]  LscMgrLscMgr() Shading param 0x0, 0x0, 0x0, 0x0,0x0 ,0x0 ,0x0 ,0x0, 0x0 
11-21 15:51:39.735  1468  1468 D lsc_mgr : [LscMgr] ENTER LscMgr
11-21 15:51:39.735  1468  1468 D paramctrl_lifetime: [createInstance] LscMgr singleton_main
11-21 15:51:39.735  1468  1468 D SensorHal: [deleteImp][deleteImp]: 2 
11-21 15:51:39.736  1468  1468 D SensorHal: [deleteImp]  Still users 
11-21 15:51:39.736  1468  1468 D ispdrv_mgr: [init()] - E. m_Users: 0 
11-21 15:51:39.736  1468  1468 I IspDrv  : {IspDrv} [createInstance] fgIsGdmaMode: 0.
11-21 15:51:39.736  1468  1468 I IspDrv  : {IspDrv} [getInstance] singleton[0xb4896b88]. fgIsGdmaMode: 0.
11-21 15:51:39.736  1468  1468 I IspDrv  : {IspDrv} [init] +,mInitCount(4),m_fgIsGdmaMode(0)
11-21 15:51:39.736  1468  1468 I IspDrv  : {IspDrv} [ProfilingPrint] [Event_IspDrv_Init] atomic_inc:(0-th) ===> [start-->now: 0.027000 ms]
11-21 15:51:39.736  1468  1468 I IspDrv  : {IspDrv} [init] -,ret(1),mInitCount(5)
11-21 15:51:39.736  1468  1468 I IspDrv  : {IspDrv} [ProfilingPrint] [Event_IspDrv_Init] Exit:(1-th) ===> [start-->now: 0.084000 ms] [last-->now: 0.057000 ms]
11-21 15:51:39.736  1468  1468 I IspDrv  : {IspDrv} [getInstance] cq(1),ispVirRegAddr(0xb2b6a000)
11-21 15:51:39.736  1468  1468 I IspDrv  : {IspDrv} [getInstance] cq(5),ispVirRegAddr(0xb2c6a000)
11-21 15:51:39.736  1468  1468 I IspDrv  : {IspDrv} [getInstance] cq(7),ispVirRegAddr(0xb2cea000)
11-21 15:51:39.736  1468  1468 I TdriMgr : [init] mInitCount(0)
11-21 15:51:39.737  1468  1468 I TpipeDrv: [TpipeDrv][virtual MBOOL TpipeDrvImp::init()] X
11-21 15:51:39.737  1468  1468 I IspDrv  : {IspDrv} [createInstance] fgIsGdmaMode: 0.
11-21 15:51:39.737  1468  1468 I IspDrv  : {IspDrv} [getInstance] singleton[0xb4896b88]. fgIsGdmaMode: 0.
11-21 15:51:39.737  1468  1468 I IspDrv  : {IspDrv} [getInstance] cq(5),ispVirRegAddr(0xb2c6a000)
11-21 15:51:39.737  1468  1468 I IspDrv  : {IspDrv} [getInstance] cq(7),ispVirRegAddr(0xb2cea000)
11-21 15:51:39.737  1468  1468 I IspDrv  : {IspDrv} [init] +,mInitCount(5),m_fgIsGdmaMode(0)
11-21 15:51:39.737  1468  1468 I IspDrv  : {IspDrv} [ProfilingPrint] [Event_IspDrv_Init] atomic_inc:(0-th) ===> [start-->now: 0.027000 ms]
11-21 15:51:39.737  1468  1468 I IspDrv  : {IspDrv} [init] -,ret(1),mInitCount(6)
11-21 15:51:39.737  1468  1468 I IspDrv  : {IspDrv} [ProfilingPrint] [Event_IspDrv_Init] Exit:(1-th) ===> [start-->now: 0.085000 ms] [last-->now: 0.058000 ms]
11-21 15:51:39.737  1468  1468 I TdriMgr : [init] X:
11-21 15:51:39.737  1468  1468 D lsc_mgr : [LscMgr:init] 
11-21 15:51:39.737  1468  1468 I IspDrv  : {IspDrv} [createInstance] fgIsGdmaMode: 0.
11-21 15:51:39.737  1468  1468 I IspDrv  : {IspDrv} [getInstance] singleton[0xb4896b88]. fgIsGdmaMode: 0.
11-21 15:51:39.737  1468  1468 I IspDrv  : {IspDrv} [createInstance] fgIsGdmaMode: 0.
11-21 15:51:39.737  1468  1468 I IspDrv  : {IspDrv} [getInstance] singleton[0xb4896b88]. fgIsGdmaMode: 0.
11-21 15:51:39.737  1468  1468 D lsc_mgr : new pIMemDrv()
11-21 15:51:39.737  1468  1468 D lsc_mgr : sizeof(stRawLscInfo) = 168
11-21 15:51:39.737  1468  1468 D lsc_mgr : m_pIMemDrv createInstance success!
11-21 15:51:39.737  1468  1468 D lsc_mgr : m_pIMemDrv init success!
11-21 15:51:39.737  1468  1468 D lsc_mgr : [RawLscTblInit] -------------stRawLscInfo 0 ---------------
11-21 15:51:39.738  1468  1468 D lsc_mgr : [RawLscTblAlloc] RawLscInfo.u4VirAddr 0x00000000, size 65536
11-21 15:51:39.738  1468  1468 I Drv/IMem: Drv/IMem[mapPhyAddr] mID(0x1a),size(0x10000),VA(xb28dc000),PA(0x1200000),S/C(0/0)
11-21 15:51:39.738  1468  1468 D lsc_mgr : [LscMgr]RawLscInfo.virtAddr 0xb28dc000
11-21 15:51:39.738  1468  1468 D lsc_mgr : [LscMgr]RawLscInfo.phyAddr 0x01200000
11-21 15:51:39.738  1468  1468 D lsc_mgr : [LscMgr]RawLscInfo.size 0x00010000
11-21 15:51:39.738  1468  1468 D lsc_mgr : [RawLscTblInit] -------------stRawLscInfo 1 ---------------
11-21 15:51:39.738  1468  1468 D lsc_mgr : [RawLscTblAlloc] RawLscInfo.u4VirAddr 0x00000000, size 65536
11-21 15:51:39.738  1468  1468 I Drv/IMem: Drv/IMem[mapPhyAddr] mID(0x1b),size(0x10000),VA(xb28cc000),PA(0x1300000),S/C(0/0)
11-21 15:51:39.738  1468  1468 D lsc_mgr : [LscMgr]RawLscInfo.virtAddr 0xb28cc000
11-21 15:51:39.738  1468  1468 D lsc_mgr : [LscMgr]RawLscInfo.phyAddr 0x01300000
11-21 15:51:39.738  1468  1468 D lsc_mgr : [LscMgr]RawLscInfo.size 0x00010000
11-21 15:51:39.738  1468  1468 D lsc_mgr : [RawLscTblInit] -------------stRawLscInfo 2 ---------------
11-21 15:51:39.738  1468  1468 D lsc_mgr : [RawLscTblAlloc] RawLscInfo.u4VirAddr 0x00000000, size 262144
11-21 15:51:39.739  1468  1468 I Drv/IMem: Drv/IMem[mapPhyAddr] mID(0x1c),size(0x40000),VA(xb277e000),PA(0x1400000),S/C(0/0)
11-21 15:51:39.739  1468  1468 D lsc_mgr : [LscMgr]RawLscInfo.virtAddr 0xb277e000
11-21 15:51:39.739  1468  1468 D lsc_mgr : [LscMgr]RawLscInfo.phyAddr 0x01400000
11-21 15:51:39.739  1468  1468 D lsc_mgr : [LscMgr]RawLscInfo.size 0x00040000
11-21 15:51:39.739  1468  1468 D lsc_mgr : [RawLscTblInit] -------------stRawLscInfo 3 ---------------
11-21 15:51:39.739  1468  1468 D lsc_mgr : [RawLscTblAlloc] RawLscInfo.u4VirAddr 0x00000000, size 65536
11-21 15:51:39.739  1468  1468 I Drv/IMem: Drv/IMem[mapPhyAddr] mID(0x1d),size(0x10000),VA(xb276e000),PA(0x1500000),S/C(0/0)
11-21 15:51:39.739  1468  1468 D lsc_mgr : [LscMgr]RawLscInfo.virtAddr 0xb276e000
11-21 15:51:39.739  1468  1468 D lsc_mgr : [LscMgr]RawLscInfo.phyAddr 0x01500000
11-21 15:51:39.739  1468  1468 D lsc_mgr : [LscMgr]RawLscInfo.size 0x00010000
11-21 15:51:39.739  1468  1468 D lsc_mgr : [RawLscTblInit] -------------stRawLscInfo 4 ---------------
11-21 15:51:39.739  1468  1468 D lsc_mgr : [RawLscTblAlloc] RawLscInfo.u4VirAddr 0x00000000, size 65536
11-21 15:51:39.739  1468  1468 I Drv/IMem: Drv/IMem[mapPhyAddr] mID(0x1e),size(0x10000),VA(xb275e000),PA(0x1600000),S/C(0/0)
11-21 15:51:39.739  1468  1468 D lsc_mgr : [LscMgr]RawLscInfo.virtAddr 0xb275e000
11-21 15:51:39.739  1468  1468 D lsc_mgr : [LscMgr]RawLscInfo.phyAddr 0x01600000
11-21 15:51:39.739  1468  1468 D lsc_mgr : [LscMgr]RawLscInfo.size 0x00010000
11-21 15:51:39.739  1468  1468 D lsc_mgr : [RawLscTblInit] -------------stRawLscInfo 5 ---------------
11-21 15:51:39.739  1468  1468 D lsc_mgr : [RawLscTblAlloc] RawLscInfo.u4VirAddr 0x00000000, size 262144
11-21 15:51:39.740  1468  1468 I Drv/IMem: Drv/IMem[mapPhyAddr] mID(0x1f),size(0x40000),VA(xb271e000),PA(0x1700000),S/C(0/0)
11-21 15:51:39.740  1468  1468 D lsc_mgr : [LscMgr]RawLscInfo.virtAddr 0xb271e000
11-21 15:51:39.740  1468  1468 D lsc_mgr : [LscMgr]RawLscInfo.phyAddr 0x01700000
11-21 15:51:39.740  1468  1468 D lsc_mgr : [LscMgr]RawLscInfo.size 0x00040000
11-21 15:51:39.740  1468  1468 D lsc_mgr : [RawLscTblInit] -------------m_rBufInfo[0] ---------------
11-21 15:51:39.740  1468  1468 D lsc_mgr : [RawLscTblAlloc] RawLscInfo.u4VirAddr 0x00000000, size 65536
11-21 15:51:39.740  1468  1468 I Drv/IMem: Drv/IMem[mapPhyAddr] mID(0x20),size(0x10000),VA(xb270e000),PA(0x1800000),S/C(0/0)
11-21 15:51:39.740  1468  1468 D lsc_mgr : [LscMgr]RawLscInfo.virtAddr 0xb270e000
11-21 15:51:39.740  1468  1468 D lsc_mgr : [LscMgr]RawLscInfo.phyAddr 0x01800000
11-21 15:51:39.740  1468  1468 D lsc_mgr : [LscMgr]RawLscInfo.size 0x00010000
11-21 15:51:39.740  1468  1468 D lsc_mgr : [RawLscTblInit] -------------m_rBufInfo[1] ---------------
11-21 15:51:39.740  1468  1468 D lsc_mgr : [RawLscTblAlloc] RawLscInfo.u4VirAddr 0x00000000, size 65536
11-21 15:51:39.740  1468  1468 I Drv/IMem: Drv/IMem[mapPhyAddr] mID(0x21),size(0x10000),VA(xb26fe000),PA(0x1900000),S/C(0/0)
11-21 15:51:39.740  1468  1468 D lsc_mgr : [LscMgr]RawLscInfo.virtAddr 0xb26fe000
11-21 15:51:39.740  1468  1468 D lsc_mgr : [LscMgr]RawLscInfo.phyAddr 0x01900000
11-21 15:51:39.740  1468  1468 D lsc_mgr : [LscMgr]RawLscInfo.size 0x00010000
11-21 15:51:39.741  1468  1468 D lsc_mgr : [RawLscTblInit] -------------m_TSFBuff 0 ---------------
11-21 15:51:39.741  1468  1468 D lsc_mgr : [RawLscTblAlloc] RawLscInfo.u4VirAddr 0x00000000, size 65536
11-21 15:51:39.741  1468  1468 I Drv/IMem: Drv/IMem[mapPhyAddr] mID(0x22),size(0x10000),VA(xb26ee000),PA(0x1a00000),S/C(0/0)
11-21 15:51:39.741  1468  1468 D lsc_mgr : [LscMgr]RawLscInfo.virtAddr 0xb26ee000
11-21 15:51:39.741  1468  1468 D lsc_mgr : [LscMgr]RawLscInfo.phyAddr 0x01a00000
11-21 15:51:39.741  1468  1468 D lsc_mgr : [LscMgr]RawLscInfo.size 0x00010000
11-21 15:51:39.741  1468  1468 D lsc_mgr : [RawLscTblInit] -------------m_TSFBuff 1 ---------------
11-21 15:51:39.741  1468  1468 D lsc_mgr : [RawLscTblAlloc] RawLscInfo.u4VirAddr 0x00000000, size 65536
11-21 15:51:39.742  1468  1468 I Drv/IMem: Drv/IMem[mapPhyAddr] mID(0x23),size(0x10000),VA(xb26de000),PA(0x1b00000),S/C(0/0)
11-21 15:51:39.742  1468  1468 D lsc_mgr : [LscMgr]RawLscInfo.virtAddr 0xb26de000
11-21 15:51:39.742  1468  1468 D lsc_mgr : [LscMgr]RawLscInfo.phyAddr 0x01b00000
11-21 15:51:39.742  1468  1468 D lsc_mgr : [LscMgr]RawLscInfo.size 0x00010000
11-21 15:51:39.742  1468  1468 D lsc_mgr : [RawLscTblInit] -------------m_TSFBuff 2 ---------------
11-21 15:51:39.742  1468  1468 D lsc_mgr : [RawLscTblAlloc] RawLscInfo.u4VirAddr 0x00000000, size 65536
11-21 15:51:39.742  1468  1468 I Drv/IMem: Drv/IMem[mapPhyAddr] mID(0x24),size(0x10000),VA(xb26ce000),PA(0x1c00000),S/C(0/0)
11-21 15:51:39.742  1468  1468 D lsc_mgr : [LscMgr]RawLscInfo.virtAddr 0xb26ce000
11-21 15:51:39.742  1468  1468 D lsc_mgr : [LscMgr]RawLscInfo.phyAddr 0x01c00000
11-21 15:51:39.742  1468  1468 D lsc_mgr : [LscMgr]RawLscInfo.size 0x00010000
11-21 15:51:39.742  1468  1468 D lsc_mgr : [RawLscTblInit] -------------m_TSFBuff 3 ---------------
11-21 15:51:39.743  1468  1468 D lsc_mgr : [RawLscTblAlloc] RawLscInfo.u4VirAddr 0x00000000, size 43200
11-21 15:51:39.743  1468  1468 I Drv/IMem: Drv/IMem[mapPhyAddr] mID(0x25),size(0xa8c0),VA(xb26c3000),PA(0x1d00000),S/C(0/0)
11-21 15:51:39.743  1468  1468 D lsc_mgr : [LscMgr]RawLscInfo.virtAddr 0xb26c3000
11-21 15:51:39.743  1468  1468 D lsc_mgr : [LscMgr]RawLscInfo.phyAddr 0x01d00000
11-21 15:51:39.743  1468  1468 D lsc_mgr : [LscMgr]RawLscInfo.size 0x0000a8c0
11-21 15:51:39.743  1468  1468 D SensorHal: [getInstance][SensorHalImp] getInstance 
11-21 15:51:39.743  1468  1468 D SensorHal: [createImp][createImp]: 1 
11-21 15:51:39.743  1468  1468 D SensorHal: [createImp]  Has created 
11-21 15:51:39.743  1468  1468 D SensorHal: [init][init]: 1 
11-21 15:51:39.743  1468  1468 D SensorHal: [init]  Has inited 
11-21 15:51:39.743  1468  1468 I IspDrv  : {IspDrv} [createInstance] fgIsGdmaMode: 0.
11-21 15:51:39.743  1468  1468 I IspDrv  : {IspDrv} [getInstance] singleton[0xb4896b88]. fgIsGdmaMode: 0.
11-21 15:51:39.743  1468  1468 I IspDrv  : {IspDrv} [init] +,mInitCount(6),m_fgIsGdmaMode(0)
11-21 15:51:39.743  1468  1468 I IspDrv  : {IspDrv} [ProfilingPrint] [Event_IspDrv_Init] atomic_inc:(0-th) ===> [start-->now: 0.036000 ms]
11-21 15:51:39.743  1468  1468 I IspDrv  : {IspDrv} [init] -,ret(1),mInitCount(7)
11-21 15:51:39.743  1468  1468 I IspDrv  : {IspDrv} [ProfilingPrint] [Event_IspDrv_Init] Exit:(1-th) ===> [start-->now: 0.103000 ms] [last-->now: 0.067000 ms]
11-21 15:51:39.743  1468  1468 D lsc_mgr : [init] Create TSF thread(0xb26c2930), m_bTSF(1)
11-21 15:51:39.744  1468  1468 D lsc_mgr : [LscMgr:init] (m_pIMemDrv:0xb4897588) (m_pSensorHal:0xb4896e08) 
11-21 15:51:39.744  1468  1468 D paramctrl_validate: [+validateFrameless]
11-21 15:51:39.744  1468  1468 D paramctrl_frameless: [prepare_Frameless_Shading] mode 0, profile 0
11-21 15:51:39.744  1468  1593 D lsc_mgr : [LscMgr:mThreadLoop]  start state 0
11-21 15:51:39.744  1468  1468 D paramctrl_frameless: prepare_Frameless_Shading m_pLscMgr EOperMode_Normal
11-21 15:51:39.744  1468  1468 D lsc_mgr : [LscMgr] setIspProfile, EIspProfile_T 0
11-21 15:51:39.744  1468  1468 D lsc_mgr : [LscMgr] updateLscScenarioBySensorMode, Dev 1, SensorOp 0 Lsc Scenario 0
11-21 15:51:39.744  1468  1468 D lsc_mgr : [LscMgr] loadLutToSysram <<m_eLscScenario 0>>, m_pvVirTBA 0xb28dc000 
11-21 15:51:39.744  1468  1468 D lsc_mgr : [LscMgr:loadLutToSysram] virAddr 0xb28dc000, size 65536, Lut 0xb3bfa72c, LutSize 65536
11-21 15:51:39.744  1468  1468 D lsc_mgr : [LscMgr:loadLutToSysram] virtAddr 0xb28dc000, src 0xb3bfa72c, size 0x00010000
11-21 15:51:39.745  1468  1593 D AppTsf  : [AppTsf] constructor
11-21 15:51:39.745  1468  1468 D lsc_mgr : [LscMgr:loadLutToSysram] Copy table done (start, end) = (0xb28dc000, 0xb28ec000)
11-21 15:51:39.745  1468  1468 D lsc_mgr : [LscMgr] loadLutToSysram <<m_eLscScenario 1>>, m_pvVirTBA 0xb28cc000 
11-21 15:51:39.745  1468  1468 D lsc_mgr : [LscMgr:loadLutToSysram] virAddr 0xb28cc000, size 65536, Lut 0xb3c0a72c, LutSize 65536
11-21 15:51:39.745  1468  1468 D lsc_mgr : [LscMgr:loadLutToSysram] virtAddr 0xb28cc000, src 0xb3c0a72c, size 0x00010000
11-21 15:51:39.746  1468  1468 D lsc_mgr : [LscMgr:loadLutToSysram] Copy table done (start, end) = (0xb28cc000, 0xb28dc000)
11-21 15:51:39.746  1468  1468 D lsc_mgr : [LscMgr] loadLutToSysram <<m_eLscScenario 2>>, m_pvVirTBA 0xb277e000 
11-21 15:51:39.746  1468  1468 D lsc_mgr : [LscMgr:loadLutToSysram] virAddr 0xb277e000, size 262144, Lut 0xb3c1a72c, LutSize 262144
11-21 15:51:39.746  1468  1468 D lsc_mgr : [LscMgr:loadLutToSysram] virtAddr 0xb277e000, src 0xb3c1a72c, size 0x00040000
11-21 15:51:39.746  1468  1593 D lsc_mgr : [mThreadLoop] MTKTSF_FEATURE_GET_ENV_INFO 
11-21 15:51:39.746  1468  1593 D lsc_mgr : [mThreadLoop] Queried working buffer size : 1168680 bytes
11-21 15:51:39.746  1468  1468 D lsc_mgr : [LscMgr:loadLutToSysram] Copy table done (start, end) = (0xb277e000, 0xb27be000)
11-21 15:51:39.746  1468  1468 D lsc_mgr : [LscMgr] loadLutToSysram <<m_eLscScenario 3>>, m_pvVirTBA 0xb276e000 
11-21 15:51:39.746  1468  1468 D lsc_mgr : [LscMgr:loadLutToSysram] virAddr 0xb276e000, size 65536, Lut 0xb3c5a72c, LutSize 65536
11-21 15:51:39.747  1468  1468 D lsc_mgr : [LscMgr:loadLutToSysram] virtAddr 0xb276e000, src 0xb3c5a72c, size 0x00010000
11-21 15:51:39.747  1468  1468 D lsc_mgr : [LscMgr:loadLutToSysram] Copy table done (start, end) = (0xb276e000, 0xb277e000)
11-21 15:51:39.747  1468  1468 D lsc_mgr : [LscMgr] loadLutToSysram <<m_eLscScenario 4>>, m_pvVirTBA 0xb275e000 
11-21 15:51:39.747  1468  1468 D lsc_mgr : [LscMgr:loadLutToSysram] virAddr 0xb275e000, size 65536, Lut 0xb3bfa72c, LutSize 65536
11-21 15:51:39.747  1468  1468 D lsc_mgr : [LscMgr:loadLutToSysram] virtAddr 0xb275e000, src 0xb3bfa72c, size 0x00010000
11-21 15:51:39.747  1468  1468 D lsc_mgr : [LscMgr:loadLutToSysram] Copy table done (start, end) = (0xb275e000, 0xb276e000)
11-21 15:51:39.747  1468  1468 D lsc_mgr : [LscMgr] loadLutToSysram <<m_eLscScenario 5>>, m_pvVirTBA 0xb271e000 
11-21 15:51:39.747  1468  1468 D lsc_mgr : [LscMgr:loadLutToSysram] virAddr 0xb271e000, size 262144, Lut 0xb3c1a72c, LutSize 262144
11-21 15:51:39.747  1468  1468 D lsc_mgr : [LscMgr:loadLutToSysram] virtAddr 0xb271e000, src 0xb3c1a72c, size 0x00040000
11-21 15:51:39.748  1468  1468 D lsc_mgr : [LscMgr:loadLutToSysram] Copy table done (start, end) = (0xb271e000, 0xb275e000)
11-21 15:51:39.748  1468  1468 D lsc_mgr : [LscMgr] loadLutToSysram Done!
11-21 15:51:39.748  1468  1468 D lsc_mgr : [RawLscTblDump]
11-21 15:51:39.748  1468  1468 D lsc_mgr : [RawLscTblDump] Not to dump (lscOrg)
11-21 15:51:39.748  1468  1468 D lsc_mgr : [ConfigUpdate] !
11-21 15:51:39.748  1468  1468 D lsc_mgr : [getSensorScenarioByLscScenario]  
11-21 15:51:39.748  1468  1468 D ImgSensorDrv: [getInstance][ImgSensorDrv] getInstance 
11-21 15:51:39.748  1468  1468 D SensorHal: [sendCommand]  SENSOR_CMD_GET_SENSOR_INFO 
11-21 15:51:39.748  1468  1468 D lsc_mgr : acdk ACDK_SCENARIO_ID_CAMERA_PREVIEW, sensor SENSOR_CMD_GET_SENSOR_PRV_RANGE
11-21 15:51:39.748  1468  1468 D ImgSensorDrv: [getInstance][ImgSensorDrv] getInstance 
11-21 15:51:39.748  1468  1468 D SensorHal: [sendCommand]  SENSOR_CMD_GET_SENSOR_PRV_RANGE 
11-21 15:51:39.748  1468  1468 D lsc_mgr : [getScenarioResolution] SensorOP 0 GrabX GrabY SrcW SrcH CropW CropH SubW SubH DataFmt (2, 2, 1634, 1226, 1632, 1224, 0, 0, 0)
11-21 15:51:39.749  1468  1468 D lsc_mgr : [LscMgr:ConfigUpdate] LSCScenario 0, sensorOp 0 DMA/EN/W/H/XNum/YNum/OffX/OffY/LW/LH/Addr(1, 1, 51, 38, 15, 15, 0, 0, 51, 42, 0x01200000)
11-21 15:51:39.749  1468  1468 D lsc_mgr : [getSensorScenarioByLscScenario]  
11-21 15:51:39.749  1468  1468 D ImgSensorDrv: [getInstance][ImgSensorDrv] getInstance 
11-21 15:51:39.749  1468  1468 D SensorHal: [sendCommand]  SENSOR_CMD_GET_SENSOR_INFO 
11-21 15:51:39.749  1468  1468 D lsc_mgr : acdk ACDK_SCENARIO_ID_CAMERA_ZSD, sensor SENSOR_CMD_GET_SENSOR_FULL_RANGE
11-21 15:51:39.749  1468  1468 D ImgSensorDrv: [getInstance][ImgSensorDrv] getInstance 
11-21 15:51:39.749  1468  1468 D SensorHal: [sendCommand]  SENSOR_CMD_GET_SENSOR_FULL_RANGE 
11-21 15:51:39.749  1468  1468 D lsc_mgr : [getScenarioResolution] SensorOP 4 GrabX GrabY SrcW SrcH CropW CropH SubW SubH DataFmt (4, 4, 3268, 2452, 3264, 2448, 0, 0, 0)
11-21 15:51:39.749  1468  1468 D lsc_mgr : [LscMgr:ConfigUpdate] LSCScenario 1, sensorOp 4 DMA/EN/W/H/XNum/YNum/OffX/OffY/LW/LH/Addr(1, 1, 102, 76, 15, 15, 0, 0, 102, 84, 0x01300000)
11-21 15:51:39.749  1468  1468 D lsc_mgr : [getSensorScenarioByLscScenario]  
11-21 15:51:39.749  1468  1468 D ImgSensorDrv: [getInstance][ImgSensorDrv] getInstance 
11-21 15:51:39.749  1468  1468 D SensorHal: [sendCommand]  SENSOR_CMD_GET_SENSOR_INFO 
11-21 15:51:39.749  1468  1468 D lsc_mgr : acdk ACDK_SCENARIO_ID_CAMERA_CAPTURE_JPEG, sensor SENSOR_CMD_GET_SENSOR_FULL_RANGE
11-21 15:51:39.749  1468  1468 D ImgSensorDrv: [getInstance][ImgSensorDrv] getInstance 
11-21 15:51:39.749  1468  1468 D SensorHal: [sendCommand]  SENSOR_CMD_GET_SENSOR_FULL_RANGE 
11-21 15:51:39.749  1468  1468 D lsc_mgr : [getScenarioResolution] SensorOP 1 GrabX GrabY SrcW SrcH CropW CropH SubW SubH DataFmt (4, 4, 3268, 2452, 3264, 2448, 0, 0, 0)
11-21 15:51:39.749  1468  1468 D lsc_mgr : [LscMgr:ConfigUpdate] LSCScenario 2, sensorOp 1 DMA/EN/W/H/XNum/YNum/OffX/OffY/LW/LH/Addr(1, 1, 102, 76, 15, 15, 0, 0, 102, 84, 0x01400000)
11-21 15:51:39.749  1468  1468 D lsc_mgr : [getSensorScenarioByLscScenario]  
11-21 15:51:39.749  1468  1468 D ImgSensorDrv: [getInstance][ImgSensorDrv] getInstance 
11-21 15:51:39.749  1468  1468 D SensorHal: [sendCommand]  SENSOR_CMD_GET_SENSOR_INFO 
11-21 15:51:39.749  1468  1468 D lsc_mgr : acdk ACDK_SCENARIO_ID_VIDEO_PREVIEW, sensor SENSOR_CMD_GET_SENSOR_VIDEO_RANGE
11-21 15:51:39.749  1468  1468 D ImgSensorDrv: [getInstance][ImgSensorDrv] getInstance 
11-21 15:51:39.749  1468  1468 D SensorHal: [sendCommand]  SENSOR_CMD_GET_SENSOR_VIDEO_RANGE 
11-21 15:51:39.749  1468  1468 D lsc_mgr : [getScenarioResolution] SensorOP 2 GrabX GrabY SrcW SrcH CropW CropH SubW SubH DataFmt (2, 2, 1634, 1226, 1632, 1224, 0, 0, 0)
11-21 15:51:39.749  1468  1468 D lsc_mgr : [LscMgr:ConfigUpdate] LSCScenario 3, sensorOp 2 DMA/EN/W/H/XNum/YNum/OffX/OffY/LW/LH/Addr(1, 1, 51, 38, 15, 15, 0, 0, 51, 42, 0x01500000)
11-21 15:51:39.749  1468  1468 D lsc_mgr : [getSensorScenarioByLscScenario]  
11-21 15:51:39.749  1468  1468 D ImgSensorDrv: [getInstance][ImgSensorDrv] getInstance 
11-21 15:51:39.749  1468  1468 D SensorHal: [sendCommand]  SENSOR_CMD_GET_SENSOR_INFO 
11-21 15:51:39.749  1468  1468 D lsc_mgr : acdk ACDK_SCENARIO_ID_CAMERA_3D_PREVIEW, sensor SENSOR_CMD_GET_SENSOR_3D_PRV_RANGE
11-21 15:51:39.749  1468  1468 D ImgSensorDrv: [getInstance][ImgSensorDrv] getInstance 
11-21 15:51:39.749  1468  1468 D SensorHal: [sendCommand]  SENSOR_CMD_GET_SENSOR_PRV_RANGE 
11-21 15:51:39.749  1468  1468 D lsc_mgr : [getScenarioResolution] SensorOP 5 GrabX GrabY SrcW SrcH CropW CropH SubW SubH DataFmt (2, 2, 2, 2, 0, 0, 0, 0, 0)
11-21 15:51:39.749  1468  1468 D lsc_mgr : [LscMgr:ConfigUpdate] LSCScenario 4, sensorOp 5 DMA/EN/W/H/XNum/YNum/OffX/OffY/LW/LH/Addr(1, 1, 0, 0, 15, 15, 0, 0, 0, 0, 0x01600000)
11-21 15:51:39.749  1468  1468 D lsc_mgr : [getSensorScenarioByLscScenario]  
11-21 15:51:39.749  1468  1468 D ImgSensorDrv: [getInstance][ImgSensorDrv] getInstance 
11-21 15:51:39.749  1468  1468 D SensorHal: [sendCommand]  SENSOR_CMD_GET_SENSOR_INFO 
11-21 15:51:39.750  1468  1468 D lsc_mgr : acdk ACDK_SCENARIO_ID_CAMERA_3D_CAPTURE, sensor SENSOR_CMD_GET_SENSOR_3D_FULL_RANGE
11-21 15:51:39.750  1468  1468 D ImgSensorDrv: [getInstance][ImgSensorDrv] getInstance 
11-21 15:51:39.750  1468  1468 D SensorHal: [sendCommand]  SENSOR_CMD_GET_SENSOR_FULL_RANGE 
11-21 15:51:39.750  1468  1468 D lsc_mgr : [getScenarioResolution] SensorOP 6 GrabX GrabY SrcW SrcH CropW CropH SubW SubH DataFmt (2, 2, 2, 2, 0, 0, 0, 0, 0)
11-21 15:51:39.750  1468  1468 D lsc_mgr : [LscMgr:ConfigUpdate] LSCScenario 5, sensorOp 6 DMA/EN/W/H/XNum/YNum/OffX/OffY/LW/LH/Addr(1, 1, 0, 0, 15, 15, 0, 0, 0, 0, 0x01700000)
11-21 15:51:39.750  1468  1468 D lsc_mgr : [LscMgr] ConfigUpdate Done!
11-21 15:51:39.750  1468  1468 D lsc_mgr : [LscMgr] importEEPromData, NVRAM buf 0xb3ac41e4 0xb3bfa710
11-21 15:51:39.750  1468  1468 D lsc_mgr : [importEEPromData] Tables don't exist in NVRAM. Need to read eeprom
11-21 15:51:39.750  1468  1468 D lsc_mgr : [importEEPromData]  GetCamCalCalData
11-21 15:51:39.750  1468  1468 D SensorHal: [getInstance][SensorHalImp] getInstance 
11-21 15:51:39.750  1468  1468 D SensorHal: [createImp][createImp]: 2 
11-21 15:51:39.750  1468  1468 D SensorHal: [createImp]  Has created 
11-21 15:51:39.750  1468  1468 D AtvSensorDrv: [getInstance][AtvSensorDrv] getInstance 
11-21 15:51:39.750  1468  1468 D ImgSensorDrv: [getInstance][ImgSensorDrv] getInstance 
11-21 15:51:39.750  1468  1468 D CAM_CUS_MSDK: CAM_CUS_MSDK [GetCameraCalData]: uninit yet
11-21 15:51:39.750  1468  1468 D CAM_CUS_MSDK: 
11-21 15:51:39.750  1468  1468 D SensorHal: [deleteImp][deleteImp]: 3 
11-21 15:51:39.750  1468  1468 D SensorHal: [deleteImp]  Still users 
11-21 15:51:39.750  1468  1468 D lsc_mgr : [importEEPromData] (0x      ff)=m_pCamCalDrvObj->GetCamCalCalData
11-21 15:51:39.750  1468  1468 D lsc_mgr : [importEEPromData] NO err (ERR_NO_SHADING)
11-21 15:51:39.750  1468  1468 D lsc_mgr : [importEEPromData]  module_type 0
11-21 15:51:39.750  1468  1468 D lsc_mgr : [importEEPromData]  CAM_CAL_SINGLE_EEPROM_DATA
11-21 15:51:39.750  1468  1468 D lsc_mgr : [importEEPromData]  CAM_CAL_SINGLE_OTP_DATA
11-21 15:51:39.751  1468  1468 D lsc_mgr : [LscMgr] importEEPromData Done!
11-21 15:51:39.751  1468  1468 D lsc_mgr : [RawLscTblDump]
11-21 15:51:39.751  1468  1468 D lsc_mgr : [RawLscTblDump] Not to dump (lsc123)
11-21 15:51:39.751  1468  1468 D lsc_mgr : [ConfigUpdate] !
11-21 15:51:39.751  1468  1468 D lsc_mgr : [getSensorScenarioByLscScenario]  
11-21 15:51:39.751  1468  1468 D ImgSensorDrv: [getInstance][ImgSensorDrv] getInstance 
11-21 15:51:39.751  1468  1468 D SensorHal: [sendCommand]  SENSOR_CMD_GET_SENSOR_INFO 
11-21 15:51:39.751  1468  1468 D lsc_mgr : acdk ACDK_SCENARIO_ID_CAMERA_PREVIEW, sensor SENSOR_CMD_GET_SENSOR_PRV_RANGE
11-21 15:51:39.751  1468  1468 D ImgSensorDrv: [getInstance][ImgSensorDrv] getInstance 
11-21 15:51:39.751  1468  1468 D SensorHal: [sendCommand]  SENSOR_CMD_GET_SENSOR_PRV_RANGE 
11-21 15:51:39.751  1468  1468 D lsc_mgr : [getScenarioResolution] SensorOP 0 GrabX GrabY SrcW SrcH CropW CropH SubW SubH DataFmt (2, 2, 1634, 1226, 1632, 1224, 0, 0, 0)
11-21 15:51:39.751  1468  1468 D lsc_mgr : [LscMgr:ConfigUpdate] LSCScenario 0, sensorOp 0 DMA/EN/W/H/XNum/YNum/OffX/OffY/LW/LH/Addr(1, 1, 51, 38, 15, 15, 0, 0, 51, 42, 0x01200000)
11-21 15:51:39.751  1468  1468 D lsc_mgr : [getSensorScenarioByLscScenario]  
11-21 15:51:39.751  1468  1468 D ImgSensorDrv: [getInstance][ImgSensorDrv] getInstance 
11-21 15:51:39.751  1468  1468 D SensorHal: [sendCommand]  SENSOR_CMD_GET_SENSOR_INFO 
11-21 15:51:39.751  1468  1468 D lsc_mgr : acdk ACDK_SCENARIO_ID_CAMERA_ZSD, sensor SENSOR_CMD_GET_SENSOR_FULL_RANGE
11-21 15:51:39.751  1468  1468 D ImgSensorDrv: [getInstance][ImgSensorDrv] getInstance 
11-21 15:51:39.751  1468  1468 D SensorHal: [sendCommand]  SENSOR_CMD_GET_SENSOR_FULL_RANGE 
11-21 15:51:39.751  1468  1468 D lsc_mgr : [getScenarioResolution] SensorOP 4 GrabX GrabY SrcW SrcH CropW CropH SubW SubH DataFmt (4, 4, 3268, 2452, 3264, 2448, 0, 0, 0)
11-21 15:51:39.751  1468  1468 D lsc_mgr : [LscMgr:ConfigUpdate] LSCScenario 1, sensorOp 4 DMA/EN/W/H/XNum/YNum/OffX/OffY/LW/LH/Addr(1, 1, 102, 76, 15, 15, 0, 0, 102, 84, 0x01300000)
11-21 15:51:39.751  1468  1468 D lsc_mgr : [getSensorScenarioByLscScenario]  
11-21 15:51:39.751  1468  1468 D ImgSensorDrv: [getInstance][ImgSensorDrv] getInstance 
11-21 15:51:39.751  1468  1468 D SensorHal: [sendCommand]  SENSOR_CMD_GET_SENSOR_INFO 
11-21 15:51:39.751  1468  1468 D lsc_mgr : acdk ACDK_SCENARIO_ID_CAMERA_CAPTURE_JPEG, sensor SENSOR_CMD_GET_SENSOR_FULL_RANGE
11-21 15:51:39.751  1468  1468 D ImgSensorDrv: [getInstance][ImgSensorDrv] getInstance 
11-21 15:51:39.751  1468  1468 D SensorHal: [sendCommand]  SENSOR_CMD_GET_SENSOR_FULL_RANGE 
11-21 15:51:39.751  1468  1468 D lsc_mgr : [getScenarioResolution] SensorOP 1 GrabX GrabY SrcW SrcH CropW CropH SubW SubH DataFmt (4, 4, 3268, 2452, 3264, 2448, 0, 0, 0)
11-21 15:51:39.751  1468  1468 D lsc_mgr : [LscMgr:ConfigUpdate] LSCScenario 2, sensorOp 1 DMA/EN/W/H/XNum/YNum/OffX/OffY/LW/LH/Addr(1, 1, 102, 76, 15, 15, 0, 0, 102, 84, 0x01400000)
11-21 15:51:39.751  1468  1468 D lsc_mgr : [getSensorScenarioByLscScenario]  
11-21 15:51:39.751  1468  1468 D ImgSensorDrv: [getInstance][ImgSensorDrv] getInstance 
11-21 15:51:39.751  1468  1468 D SensorHal: [sendCommand]  SENSOR_CMD_GET_SENSOR_INFO 
11-21 15:51:39.751  1468  1468 D lsc_mgr : acdk ACDK_SCENARIO_ID_VIDEO_PREVIEW, sensor SENSOR_CMD_GET_SENSOR_VIDEO_RANGE
11-21 15:51:39.751  1468  1468 D ImgSensorDrv: [getInstance][ImgSensorDrv] getInstance 
11-21 15:51:39.751  1468  1468 D SensorHal: [sendCommand]  SENSOR_CMD_GET_SENSOR_VIDEO_RANGE 
11-21 15:51:39.751  1468  1468 D lsc_mgr : [getScenarioResolution] SensorOP 2 GrabX GrabY SrcW SrcH CropW CropH SubW SubH DataFmt (2, 2, 1634, 1226, 1632, 1224, 0, 0, 0)
11-21 15:51:39.752  1468  1468 D lsc_mgr : [LscMgr:ConfigUpdate] LSCScenario 3, sensorOp 2 DMA/EN/W/H/XNum/YNum/OffX/OffY/LW/LH/Addr(1, 1, 51, 38, 15, 15, 0, 0, 51, 42, 0x01500000)
11-21 15:51:39.752  1468  1468 D lsc_mgr : [getSensorScenarioByLscScenario]  
11-21 15:51:39.752  1468  1468 D ImgSensorDrv: [getInstance][ImgSensorDrv] getInstance 
11-21 15:51:39.752  1468  1468 D SensorHal: [sendCommand]  SENSOR_CMD_GET_SENSOR_INFO 
11-21 15:51:39.752  1468  1468 D lsc_mgr : acdk ACDK_SCENARIO_ID_CAMERA_3D_PREVIEW, sensor SENSOR_CMD_GET_SENSOR_3D_PRV_RANGE
11-21 15:51:39.752  1468  1468 D lsc_mgr : [getScenarioResolution] SensorOP 5 GrabX GrabY SrcW SrcH CropW CropH SubW SubH DataFmt (2, 2, 2, 2, 0, 0, 0, 0, 0)
11-21 15:51:39.752  1468  1468 D lsc_mgr : [LscMgr:ConfigUpdate] LSCScenario 4, sensorOp 5 DMA/EN/W/H/XNum/YNum/OffX/OffY/LW/LH/Addr(1, 1, 0, 0, 15, 15, 0, 0, 0, 0, 0x01600000)
11-21 15:51:39.752  1468  1468 D lsc_mgr : [getSensorScenarioByLscScenario]  
11-21 15:51:39.752  1468  1468 D ImgSensorDrv: [getInstance][ImgSensorDrv] getInstance 
11-21 15:51:39.752  1468  1468 D SensorHal: [sendCommand]  SENSOR_CMD_GET_SENSOR_INFO 
11-21 15:51:39.752  1468  1468 D lsc_mgr : acdk ACDK_SCENARIO_ID_CAMERA_3D_CAPTURE, sensor SENSOR_CMD_GET_SENSOR_3D_FULL_RANGE
11-21 15:51:39.752  1468  1468 D ImgSensorDrv: [getInstance][ImgSensorDrv] getInstance 
11-21 15:51:39.752  1468  1468 D SensorHal: [sendCommand]  SENSOR_CMD_GET_SENSOR_FULL_RANGE 
11-21 15:51:39.752  1468  1468 D lsc_mgr : [getScenarioResolution] SensorOP 6 GrabX GrabY SrcW SrcH CropW CropH SubW SubH DataFmt (2, 2, 2, 2, 0, 0, 0, 0, 0)
11-21 15:51:39.752  1468  1468 D lsc_mgr : [LscMgr:ConfigUpdate] LSCScenario 5, sensorOp 6 DMA/EN/W/H/XNum/YNum/OffX/OffY/LW/LH/Addr(1, 1, 0, 0, 15, 15, 0, 0, 0, 0, 0x01700000)
11-21 15:51:39.752  1468  1468 D lsc_mgr : [LscMgr] ConfigUpdate Again!
11-21 15:51:39.752  1468  1468 D lsc_mgr : [LscMgr:loadTSFLut] 0x21001406/0x21200000/0x00088800/0x15003a17
11-21 15:51:39.752  1468  1468 D lsc_mgr : [LscMgr] loadTSFLut Done!
11-21 15:51:39.752  1468  1468 D lsc_mgr : [LscMgr] Init TSF table!
11-21 15:51:39.752  1468  1468 D lsc_mgr : [LscMgr:changeTSFState]  old/new state 0/1
11-21 15:51:39.752  1468  1468 D lsc_mgr : [LscMgr] Normal mode!
11-21 15:51:39.752  1468  1468 D lsc_mgr : [setIspProfile] m_bMetaMode(0), PrevLscScenario(0), LscScenario(0)
11-21 15:51:39.752  1468  1593 D lsc_mgr : [mThreadLoop] LSCMGR_TSF_STATE_INIT 
11-21 15:51:39.752  1468  1468 I IspDrv  : {IspDrv} [createInstance] fgIsGdmaMode: 0.
11-21 15:51:39.752  1468  1468 I IspDrv  : {IspDrv} [getInstance] singleton[0xb4896b88]. fgIsGdmaMode: 0.
11-21 15:51:39.752  1468  1593 D lsc_mgr : [LscMgr:loadTSFLut] 0x21001406/0x21200000/0x00088800/0x15003a17
11-21 15:51:39.752  1468  1593 D AppTsf  : [TsfExit] TsfExit
11-21 15:51:39.752  1468  1468 D paramctrl_validate: [validatePerFrame](ParamChangeCount, fgForce)=(2, 1)
11-21 15:51:39.752  1468  1593 D lsc_mgr : [LscMgr:fillTSFInitParams] 
11-21 15:51:39.752  1468  1468 D isp_tuning_custom: [IspCamInfo][dump](eIspProfile, eIdx_Scene)=(0, 0)
11-21 15:51:39.752  1468  1593 D lsc_mgr : [fillTSFLscConfig] lsc, sensor 0, 0, 
11-21 15:51:39.752  1468  1593 D lsc_mgr : (raw_wd, raw_ht, block_wd, block_ht, xgrid, ygrid, wd_last, ht_last) = 
11-21 15:51:39.752  1468  1593 D lsc_mgr : (1632, 1224, 0x00000033, 0x00000026, 0x00000011, 0x00000011, 0x00000033, 0x0000002a) 
11-21 15:51:39.752  1468  1468 D isp_tuning_custom: [RAWIspCamInfo][dump](eIdx_ISO, u4ISOValue, i4ZoomRatio_x100, i4LightValue_x10)=(0, 0, 0, 0, -1097587680)
11-21 15:51:39.752  1468  1593 D SensorHal: [getInstance][SensorHalImp] getInstance 
11-21 15:51:39.753  1468  1593 D SensorHal: [createImp][createImp]: 2 
11-21 15:51:39.753  1468  1593 D SensorHal: [createImp]  Has created 
11-21 15:51:39.753  1468  1593 D ImgSensorDrv: [getInstance][ImgSensorDrv] getInstance 
11-21 15:51:39.753  1468  1593 D SensorHal: [deleteImp][deleteImp]: 3 
11-21 15:51:39.753  1468  1593 D SensorHal: [deleteImp]  Still users 
11-21 15:51:39.753  1468  1593 D NvramDrv: NvramDrv [readNvram] sensor type = 1; NVRAM data type = 6
11-21 15:51:39.753  1468  1593 D NvramDrv: NvramDrv [readDefaultData] sensor ID = 281; NVRAM data type = 6
11-21 15:51:39.753  1468  1468 D isp_tuning_custom: Set Shading Index :0
11-21 15:51:39.753  1468  1468 I IspDrv  : {IspDrv} [createInstance] fgIsGdmaMode: 0.
11-21 15:51:39.753  1468  1468 I IspDrv  : {IspDrv} [getInstance] singleton[0xb4896b88]. fgIsGdmaMode: 0.
11-21 15:51:39.753  1468  1468 I IspDrv  : {IspDrv} [createInstance] fgIsGdmaMode: 0.
11-21 15:51:39.753  1468  1468 I IspDrv  : {IspDrv} [getInstance] singleton[0xb4896b88]. fgIsGdmaMode: 0.
11-21 15:51:39.754  1468  1468 D paramctrl_lifetime: [-ParamctrlRAW::init]err(0)
11-21 15:51:39.754  1468  1593 D lsc_mgr : [fillTSFInitParams] Load TSF table OK, data(0xb3acd358), para(0xb3acccf4)
11-21 15:51:39.754  1468  1468 I MtkCam/MtkCamUtils: {CamProfile}[DefaultCam1Device::onInit] 3A Hal -: (2-th) ===> [start-->now: 93 ms] [last-->now: 33 ms]
11-21 15:51:39.754  1468  1468 D MtkCam/Cam1Device: (1468)(Default:0)[Cam1DeviceBase::onInit] +
11-21 15:51:39.754  1468  1593 D lsc_mgr : [fillTSFInitParams] TSF set SL2 default mode 0
11-21 15:51:39.754  1468  1593 D lsc_mgr : [fillTSFInitParams](ImgWidth, ImgHeight, BayerOrder, ImgAddr, ShadingTbl, Raw16_9Mode) = 
11-21 15:51:39.754  1468  1593 D lsc_mgr : (0x00000078, 0x0000005a, 0x00000000, 0xb26c3000, 0xb3c0272c, 0x00000000, ) 
11-21 15:51:39.754  1468  1468 D MtkCam/ParamsManager: [updateDefaultParams] +
11-21 15:51:39.754  1468  1593 D lsc_mgr : [fillTSFInitParams] 
11-21 15:51:39.754  1468  1593 D lsc_mgr : (raw_wd, raw_ht, block_wd, block_ht, xgrid, ygrid, wd_last, ht_last) = 
11-21 15:51:39.754  1468  1593 D lsc_mgr : (0x00000660, 0x000004c8, 0x00000033, 0x00000026, 0x00000011, 0x00000011, 0x00000033, 0x0000002a, ) 
11-21 15:51:39.754  1468  1468 D MtkCam/ParamsManager: [updateDefaultParams0] +
11-21 15:51:39.754  1468  1593 D AppTsf  : [TsfInit]TSF_DATA 
11-21 15:51:39.754  1468  1593 D AppTsf  : 0117fd96, 0121012b, fd30001f, fd870329 
11-21 15:51:39.754  1468  1468 D MtkCam/ParamsManager: [updateDefaultParams1] +
11-21 15:51:39.754  1468  1468 D MtkCam/ParamsManager: [updateDefaultParams1_ByQuery] +
11-21 15:51:39.754  1468  1468 D MtkCam/ParamsManager: [Feature::init] +
11-21 15:51:39.754  1468  1468 D SensorHal: [getInstance][SensorHalImp] getInstance 
11-21 15:51:39.754  1468  1468 D SensorHal: [createImp][createImp]: 2 
11-21 15:51:39.754  1468  1468 D SensorHal: [createImp]  Has created 
11-21 15:51:39.754  1468  1468 D ImgSensorDrv: [getInstance][ImgSensorDrv] getInstance 
11-21 15:51:39.754  1468  1468 D MtkCam/ParamsManager: [Feature::querySensorInfo] type:0 <0x119/imx219mipiraw/SENSOR_DRVNAME_IMX219_MIPI_RAW>
11-21 15:51:39.754  1468  1468 D SensorHal: [deleteImp][deleteImp]: 3 
11-21 15:51:39.754  1468  1468 D SensorHal: [deleteImp]  Still users 
11-21 15:51:39.754  1468  1468 D MtkCam/P