11-21 15:51:34.255  1126  1126 D lsc_mgr : [getScenarioResolution] SensorOP 5 GrabX GrabY SrcW SrcH CropW CropH SubW SubH DataFmt (2, 2, 2, 2, 0, 0, 0, 0, 0)
11-21 15:51:34.255  1126  1126 D lsc_mgr : [LscMgr:ConfigUpdate] LSCScenario 4, sensorOp 5 DMA/EN/W/H/XNum/YNum/OffX/OffY/LW/LH/Addr(1, 1, 0, 0, 15, 15, 0, 0, 0, 0, 0x01600000)
11-21 15:51:34.255  1126  1126 D lsc_mgr : [getSensorScenarioByLscScenario]  
11-21 15:51:34.255  1126  1126 D ImgSensorDrv: [getInstance][ImgSensorDrv] getInstance 
11-21 15:51:34.255  1126  1126 D SensorHal: [sendCommand]  SENSOR_CMD_GET_SENSOR_INFO 
11-21 15:51:34.255  1126  1126 D lsc_mgr : acdk ACDK_SCENARIO_ID_CAMERA_3D_CAPTURE, sensor SENSOR_CMD_GET_SENSOR_3D_FULL_RANGE
11-21 15:51:34.255  1126  1126 D ImgSensorDrv: [getInstance][ImgSensorDrv] getInstance 
11-21 15:51:34.255  1126  1126 D SensorHal: [sendCommand]  SENSOR_CMD_GET_SENSOR_FULL_RANGE 
11-21 15:51:34.255  1126  1126 D lsc_mgr : [getScenarioResolution] SensorOP 6 GrabX GrabY SrcW SrcH CropW CropH SubW SubH DataFmt (2, 2, 2, 2, 0, 0, 0, 0, 0)
11-21 15:51:34.255  1126  1126 D lsc_mgr : [LscMgr:ConfigUpdate] LSCScenario 5, sensorOp 6 DMA/EN/W/H/XNum/YNum/OffX/OffY/LW/LH/Addr(1, 1, 0, 0, 15, 15, 0, 0, 0, 0, 0x01700000)
11-21 15:51:34.255  1126  1126 D lsc_mgr : [LscMgr] ConfigUpdate Again!
11-21 15:51:34.255  1126  1126 D lsc_mgr : [LscMgr:loadTSFLut] 0x22800c03/0x21f00000/0x00084800/0x1890221c
11-21 15:51:34.255  1126  1126 D lsc_mgr : [LscMgr] loadTSFLut Done!
11-21 15:51:34.255  1126  1126 D lsc_mgr : [LscMgr] Init TSF table!
11-21 15:51:34.255  1126  1126 D lsc_mgr : [LscMgr:changeTSFState]  old/new state 0/1
11-21 15:51:34.256  1126  1126 D lsc_mgr : [LscMgr] Normal mode!
11-21 15:51:34.256  1126  1126 D lsc_mgr : [setIspProfile] m_bMetaMode(0), PrevLscScenario(0), LscScenario(0)
11-21 15:51:34.256  1126  1126 I IspDrv  : {IspDrv} [createInstance] fgIsGdmaMode: 0.
11-21 15:51:34.256  1126  1126 I IspDrv  : {IspDrv} [getInstance] singleton[0xb48b4b88]. fgIsGdmaMode: 0.
11-21 15:51:34.256  1126  1126 D paramctrl_validate: [validatePerFrame](ParamChangeCount, fgForce)=(2, 1)
11-21 15:51:34.256  1126  1126 D isp_tuning_custom: [IspCamInfo][dump](eIspProfile, eIdx_Scene)=(0, 0)
11-21 15:51:34.256  1126  1126 D isp_tuning_custom: [RAWIspCamInfo][dump](eIdx_ISO, u4ISOValue, i4ZoomRatio_x100, i4LightValue_x10)=(0, 0, 0, 0, -1097489376)
11-21 15:51:34.256  1126  1126 D isp_tuning_custom: Set Shading Index :0
11-21 15:51:34.257  1126  1126 I IspDrv  : {IspDrv} [createInstance] fgIsGdmaMode: 0.
11-21 15:51:34.257  1126  1126 I IspDrv  : {IspDrv} [getInstance] singleton[0xb48b4b88]. fgIsGdmaMode: 0.
11-21 15:51:34.257  1126  1126 I IspDrv  : {IspDrv} [createInstance] fgIsGdmaMode: 0.
11-21 15:51:34.257  1126  1126 I IspDrv  : {IspDrv} [getInstance] singleton[0xb48b4b88]. fgIsGdmaMode: 0.
11-21 15:51:34.257  1126  1126 D paramctrl_lifetime: [-ParamctrlRAW::init]err(0)
11-21 15:51:34.257  1126  1126 I MtkCam/MtkCamUtils: {CamProfile}[DefaultCam1Device::onInit] 3A Hal -: (2-th) ===> [start-->now: 136 ms] [last-->now: 31 ms]
11-21 15:51:34.257  1126  1126 D MtkCam/Cam1Device: (1126)(Default:1)[Cam1DeviceBase::onInit] +
11-21 15:51:34.257  1126  1126 D MtkCam/ParamsManager: [updateDefaultParams] +
11-21 15:51:34.257  1126  1126 D MtkCam/ParamsManager: [updateDefaultParams0] +
11-21 15:51:34.257  1126  1126 D MtkCam/ParamsManager: [updateDefaultParams1] +
11-21 15:51:34.258  1126  1126 D MtkCam/ParamsManager: [updateDefaultParams1_ByQuery] +
11-21 15:51:34.258  1126  1126 D MtkCam/ParamsManager: [Feature::init] +
11-21 15:51:34.258  1126  1126 D SensorHal: [getInstance][SensorHalImp] getInstance 
11-21 15:51:34.258  1126  1126 D SensorHal: [createImp][createImp]: 2 
11-21 15:51:34.258  1126  1126 D SensorHal: [createImp]  Has created 
11-21 15:51:34.258  1126  1126 D ImgSensorDrv: [getInstance][ImgSensorDrv] getInstance 
11-21 15:51:34.258  1126  1126 D MtkCam/ParamsManager: [Feature::querySensorInfo] type:0 <0x5648/ov5648mipi/SENSOR_DRVNAME_OV5648_MIPI_RAW>
11-21 15:51:34.258  1126  1126 D SensorHal: [deleteImp][deleteImp]: 3 
11-21 15:51:34.258  1126  1126 D SensorHal: [deleteImp]  Still users 
11-21 15:51:34.258  1126  1126 D MtkCam/ParamsManager: [showCustInfo] MY_CUST_VERSION="2015 01 26  20:34:40 CST rev:0.1.5"
11-21 15:51:34.258  1126  1126 D MtkCam/ParamsManager: [showCustInfo] MY_CUST_FTABLE_FILE_LIST="mediatek/hardware/mtkcam/v1/common/paramsmgr/feature/custom/config/matv/config.ftbl.atv.h out/target/product/sinsoft92_cwet_kk/obj/CUSTGEN/custom//hal/imgsensor/config.ftbl.imx219_mipi_raw.h out/target/product/sinsoft92_cwet_kk/obj/CUSTGEN/custom//hal/imgsensor/config.ftbl.ov2680_mipi_raw.h out/target/product/sinsoft92_cwet_kk/obj/CUSTGEN/custom//hal/imgsensor/config.ftbl.ov5648_mipi_raw.h out/target/product/sinsoft92_cwet_kk/obj/CUSTGEN/custom//hal/imgsensor/config.ftbl.common_yuv.h out/target/product/sinsoft92_cwet_kk/obj/CUSTGEN/custom//hal/imgsensor/config.ftbl.ov8858_mipi_raw.h out/target/product/sinsoft92_cwet_kk/obj/CUSTGEN/custom//hal/imgsensor/config.ftbl.common_raw.h out/target/product/sinsoft92_cwet_kk/obj/CUSTGEN/custom//hal/flashlight/config.ftbl.flashlight.h out/target/product/sinsoft92_cwet_kk/obj/CUSTGEN/custom//hal/camerashot/config.ftbl.camerashot.h"
11-21 15:51:34.258  1126  1126 D MtkCam/ParamsManager: [queryCustCamfeature_SENSOR_DRVNAME_OV5648_MIPI_RAW] 
11-21 15:51:34.259  1126  1126 D MtkCam/ParamsManager: [Feature::initFeatures_Custom_dlsym] - ret(1)
11-21 15:51:34.259  1126  1126 D MtkCam/ParamsManager: [queryCustCamfeature_CUSTOM_FLASHLIGHT] 
11-21 15:51:34.259  1126  1126 D MtkCam/ParamsManager: [queryCustCamfeature_CUSTOM_FLASHLIGHT] facing=yes
11-21 15:51:34.259  1126  1126 D MtkCam/ParamsManager: [queryCustCamfeature_CUSTOM_AFLAMP] 
11-21 15:51:34.259  1126  1126 D MtkCam/ParamsManager: [queryCustCamfeature_CUSTOM_AFLAMP] facing=1
11-21 15:51:34.259  1126  1126 D MtkCam/ParamsManager: [queryCustCamfeature_CUSTOM_CAMERASHOT] 
11-21 15:51:34.260  1126  1126 I MtkCam/ParamsManager: [Feature::initFeatures_NoWarningCorrection] (fgIsLowMem, memory_total_in_byte, getpagesize)=(0, 2065031168, 4096)
11-21 15:51:34.260  1126  1126 D MtkCam/ParamsManager: [Feature::operator()] <focus-mode> has 0 scenes
11-21 15:51:34.260  1126  1126 D MtkCam/ParamsManager: [Feature::init] - ret(1)
11-21 15:51:34.260  1126  1126 D MtkCam/ParamsManager: [updateParams] [00] antibanding=off;antibanding-values=off,50hz,60hz,auto
11-21 15:51:34.260  1126  1126 D MtkCam/ParamsManager: [updateParams] [01] brightness=middle;brightness-values=low,middle,high
11-21 15:51:34.260  1126  1126 D MtkCam/ParamsManager: [updateParams] [02] cap-mode=normal;cap-mode-values=normal,face_beauty,continuousshot,smileshot,bestshot,autorama,mav,asd,motiontrack
11-21 15:51:34.260  1126  1126 D MtkCam/ParamsManager: [updateParams] [03] contrast=middle;contrast-values=low,middle,high
11-21 15:51:34.260  1126  1126 D MtkCam/ParamsManager: [updateParams] [04] cshot-indicator=true;cshot-indicator-supported=true
11-21 15:51:34.260  1126  1126 D MtkCam/ParamsManager: [updateParams] [05] edge=middle;edge-values=low,middle,high
11-21 15:51:34.260  1126  1126 D MtkCam/ParamsManager: [updateParams] [06] effect=none;effect-values=none,mono,negative,sepia,aqua,whiteboard,blackboard
11-21 15:51:34.260  1126  1126 D MtkCam/ParamsManager: [updateExposureCompensationParams] exposure-compensation=0;min-exposure-compensation=-3;max-exposure-compensation=3;exposure-compensation-step=1.0
11-21 15:51:34.260  1126  1126 D MtkCam/ParamsManager: [updateParams] [08] flash-mode=off;flash-mode-values=off
11-21 15:51:34.260  1126  1126 D MtkCam/ParamsManager: [updateParams] [09] focus-mode=auto;focus-mode-values=auto,macro,infinity,continuous-picture,continuous-video,manual,fullscan
11-21 15:51:34.260  1126  1126 D MtkCam/ParamsManager: [updateParams] [10] hue=middle;hue-values=low,middle,high
11-21 15:51:34.260  1126  1126 D MtkCam/ParamsManager: [updateParams] [11] iso-speed=auto;iso-speed-values=auto,100,200,400,800,1600
11-21 15:51:34.260  1126  1126 D MtkCam/ParamsManager: [updateParams] [12] picture-size=2560x1920;picture-size-values=320x240,640x480,1024x768,1280x720,1280x768,1280x960,1600x1200,2048x1536,2560x1440,2560x1920,3264x2448,3328x1872,2880x1728,3600x2160
11-21 15:51:34.261  1126  1126 D MtkCam/ParamsManager: [updatePreviewFpsParams] preview-fps-range=30000,30000;preview-fps-range-values=(15000,15000),(24000,24000),(30000,30000)
11-21 15:51:34.261  1126  1126 D MtkCam/ParamsManager: [updateParams] [14] preview-size=640x480;preview-size-values=176x144,320x240,352x288,480x320,480x368,640x480,720x480,800x480,800x600,864x480,960x540,1280x720
11-21 15:51:34.261  1126  1126 D MtkCam/ParamsManager: [updateParams] [15] saturation=middle;saturation-values=low,middle,high
11-21 15:51:34.261  1126  1126 D MtkCam/ParamsManager: [updateParams] [16] scene-mode=auto;scene-mode-values=auto,portrait,landscape,night,night-portrait,theatre,beach,snow,sunset,steadyphoto,fireworks,sports,party,candlelight,hdr
11-21 15:51:34.261  1126  1126 D MtkCam/ParamsManager: [updateParams] [17] video-size=640x480;video-size-values=176x144,480x320,640x480,864x480,1280x720,1920x1080
11-21 15:51:34.261  1126  1126 D MtkCam/ParamsManager: [updateVideoSnapshotParams] video-snapshot-supported=true
11-21 15:51:34.261  1126  1126 D MtkCam/ParamsManager: [updateParams] [19] video-stabilization=false;video-stabilization-supported=true
11-21 15:51:34.261  1126  1126 D MtkCam/ParamsManager: [updateParams] [20] whitebalance=auto;whitebalance-values=auto,incandescent,fluorescent,warm-fluorescent,daylight,cloudy-daylight,twilight,shade
11-21 15:51:34.261  1126  1126 D MtkCam/ParamsManager: [updateZoomParams]  zoom-ratios=100,114,132,151,174,200,229,263,303,348,400
11-21 15:51:34.261  1126  1126 D MtkCam/ParamsManager: [updateParams] [22] zsd-mode=off;zsd-mode-values=off,on
11-21 15:51:34.261  1126  1126 D MtkCam/ParamsManager: [updateDefaultParams1_ByQuery] - ret(1)
11-21 15:51:34.261  1126  1126 D MtkCam/ParamsManager: [updatePreferredPreviewSize] KEY_PREFERRED_PREVIEW_SIZE_FOR_VIDEO=1280x720
11-21 15:51:34.261  1126  1126 D MtkCam/ParamsManager: [updateDefaultParams1] -
11-21 15:51:34.261  1126  1126 D MtkCam/ParamsManager: [updateDefaultParams2_ByQuery] +
11-21 15:51:34.261  1126  1126 D SensorHal: [getInstance][SensorHalImp] getInstance 
11-21 15:51:34.262  1126  1126 D SensorHal: [createImp][createImp]: 2 
11-21 15:51:34.262  1126  1126 D SensorHal: [createImp]  Has created 
11-21 15:51:34.262  1126  1126 D ImgSensorDrv: [getInstance][ImgSensorDrv] getInstance 
11-21 15:51:34.262  1126  1126 D MtkCam/ParamsManager: [updateDefaultParams2_ByQuery] view-angles:60 40
11-21 15:51:34.262  1126  1126 D ImgSensorDrv: [getInstance][ImgSensorDrv] getInstance 
11-21 15:51:34.262  1126  1126 D ImgSensorDrv: [getInstance][ImgSensorDrv] getInstance 
11-21 15:51:34.262  1126  1126 D MtkCam/ParamsManager: [updateDefaultParams2_ByQuery] KEY_SENSOR_TYPE = 0xFC
11-21 15:51:34.262  1126  1126 D SensorHal: [deleteImp][deleteImp]: 3 
11-21 15:51:34.262  1126  1126 D SensorHal: [deleteImp]  Still users 
11-21 15:51:34.262  1126  1126 D SensorHal: [getInstance][SensorHalImp] getInstance 
11-21 15:51:34.262  1126  1126 D SensorHal: [createImp][createImp]: 2 
11-21 15:51:34.262  1126  1126 D SensorHal: [createImp]  Has created 
11-21 15:51:34.262  1126  1126 D ImgSensorDrv: [getInstance][ImgSensorDrv] getInstance 
11-21 15:51:34.262  1126  1126 D SensorHal: [sendCommand]  Sensor Dev: 2 
11-21 15:51:34.262  1126  1126 D SeninfDrvImp: [sendCommand][sendCommand] cmd: 0x1000 
11-21 15:51:34.262  1126  1126 D SensorHal: [init][init]: 2 
11-21 15:51:34.262  1126  1126 D SensorHal: [init]  Has inited 
11-21 15:51:34.262  1126  1126 D ImgSensorDrv: [getInstance][ImgSensorDrv] getInstance 
11-21 15:51:34.262  1126  1126 D SensorHal: [uninit][uninit]: 3 
11-21 15:51:34.262  1126  1126 D SensorHal: [uninit]  Still users 
11-21 15:51:34.262  1126  1126 D SensorHal: [deleteImp][deleteImp]: 3 
11-21 15:51:34.262  1126  1126 D SensorHal: [deleteImp]  Still users 
11-21 15:51:34.262  1126  1126 D aaa_hal : IState::sm_3APvLogEnable = 0
11-21 15:51:34.262  1126  1126 D aaa_hal : [init()] m_Users: 1 
11-21 15:51:34.262  1126  1126 D aaa_hal : 1 has created 
11-21 15:51:34.262  1126  1126 D ae_mgr  : [getNvramData] Sensor id:2
11-21 15:51:34.262  1126  1126 D SensorHal: [getInstance][SensorHalImp] getInstance 
11-21 15:51:34.262  1126  1126 D SensorHal: [createImp][createImp]: 2 
11-21 15:51:34.262  1126  1126 D SensorHal: [createImp]  Has created 
11-21 15:51:34.262  1126  1126 D ImgSensorDrv: [getInstance][ImgSensorDrv] getInstance 
11-21 15:51:34.262  1126  1126 D SensorHal: [deleteImp][deleteImp]: 3 
11-21 15:51:34.262  1126  1126 D SensorHal: [deleteImp]  Still users 
11-21 15:51:34.262  1126  1126 D NvramDrv: NvramDrv [readNvram] sensor type = 2; NVRAM data type = 1
11-21 15:51:34.263  1126  1126 D NvramDrv: NvramDrv [readNvramData] sensor type = 2; NVRAM data type = 1
11-21 15:51:34.263  1126  1126 D NVRAM   : NVM_GetFileDesc ++
11-21 15:51:34.263  1126  1126 D NVRAM   : NVM_GetCfgFileTable : file_lid = 4
11-21 15:51:34.263  1126  1126 D NVRAM   : NVM_GetCfgFileTable done
11-21 15:51:34.263  1126  1126 D NVRAM   : Open /data/nvram/APCFG/APRDCL/CAMERA_3A,LID:4
11-21 15:51:34.263  1126  1126 D NVRAM   : NVM_CmpFileVerNo 4  
11-21 15:51:34.263  1126  1126 D NVRAM   : NVM_GetCfgFileTable : file_lid = 4
11-21 15:51:34.263  1126  1126 D NVRAM   : Check if FILE_VER exists before openning it!
11-21 15:51:34.263  1126  1126 D NVRAM   : NVM_CheckVerFile: 1
11-21 15:51:34.263  1126  1126 D NVRAM   : New version info file
11-21 15:51:34.263  1126  1126 D NVRAM   : Load File Version: 000, NvRam File Version: 000
11-21 15:51:34.263  1126  1126 D NVRAM   : no need to enc/dnc
11-21 15:51:34.263  1126  1126 D NVRAM   : NVM_GetFileDesc --
11-21 15:51:34.265  1126  1126 D NVRAM   : no need to enc/dnc
11-21 15:51:34.265  1126  1126 D NvramDrv: NvramDrv [checkDataVersion]
11-21 15:51:34.265  1126  1126 D NvramDrv: NvramDrv [3A] NVRAM data version = 0; F/W data version = 1
11-21 15:51:34.265  1126  1126 D NvramDrv: NvramDrv [readDefaultData] sensor ID = 22088; NVRAM data type = 1
11-21 15:51:34.265  1126  1126 D NvramDrv: NvramDrv [readNvram] sensor type = 2; NVRAM data type = 4
11-21 15:51:34.265  1126  1126 D NvramDrv: NvramDrv [readDefaultData] sensor ID = 22088; NVRAM data type = 4
11-21 15:51:34.265  1126  1126 D af_mgr  : [getMaxLensPos]m_pMcuDrv NULL
11-21 15:51:34.265  1126  1126 D af_mgr  : [getMinLensPos]m_pMcuDrv NULL
11-21 15:51:34.266  1126  1126 D flash_mgr.cpp: nvGetBuf-mfdutymax 0
11-21 15:51:34.266  1126  1126 D flash_mgr.cpp: nvGetBuf-mfdutymax 0
11-21 15:51:34.266  1126  1126 D         : cust_getFlashProjectPara nvrame->tuningPara[0].yTar=188
11-21 15:51:34.266  1126  1126 D         : copyTuningPara ytar =188 188
11-21 15:51:34.266  1126  1126 D flash_mgr.cpp: egGetDutyRange 0 1
11-21 15:51:34.266  1126  1126 D MtkCam/ParamsManager: [updateDefaultParams2_ByQuery] duty range = 0 ~ 1
11-21 15:51:34.266  1126  1126 D flash_mgr.cpp: nvGetBuf-mfdutymax 0
11-21 15:51:34.266  1126  1126 D flash_mgr.cpp: nvGetBuf-mfdutymax 0
11-21 15:51:34.266  1126  1126 D         : cust_getFlashProjectPara nvrame->tuningPara[0].yTar=188
11-21 15:51:34.266  1126  1126 D         : copyTuningPara ytar =188 188
11-21 15:51:34.266  1126  1126 D flash_mgr.cpp: egGetStepRange 0 0
11-21 15:51:34.266  1126  1126 D MtkCam/ParamsManager: [updateDefaultParams2_ByQuery] step range = 0 ~ 0
11-21 15:51:34.266  1126  1126 D aaa_hal : [uninit()] m_Users: 2 
11-21 15:51:34.266  1126  1126 D aaa_hal : Still 1 users 
11-21 15:51:34.266  1126  1126 D MtkCam/ParamsManager: [updateDefaultParams2_ByQuery] - ret(1)
11-21 15:51:34.267  1126  1126 D MtkCam/ParamsManager: [showParameters]  5, 3108
11-21 15:51:34.267  1126  1126 D MtkCam/ParamsManager: afeng-max-focus-step=0;afeng-min-focus-step=0;antibanding=off;antibanding-values=off,50hz,60hz,auto;auto-exposure-lock-supported=true;auto-whitebalance-lock-supported=true;brightness=middle;brightness-values=low,middle,high;brightness_value=0;burst-num=1;cap-mode=normal;cap-mode-values=normal,face_beauty,continuousshot,smileshot,bestshot,autorama,mav,asd,motiontrack;capfname=/sdcard/DCIM/cap00;contrast=middle;contrast-values=low,middle,high;cshot-indicator=true;cshot-indicator-supported=true;edge=middle;edge-values=low,middle,high;effect=none;effect-values=none,mono,negative,sepia,aqua,whiteboard,blackboard;eng-flash-duty-max=1;eng-flash-duty-min=0;eng-flash-duty-value=-1;eng-flash-step-max=0;eng-flash-step-min=0;eng-focus-fullscan-frame-interval=0;eng-focus
11-21 15:51:34.267  1126  1126 D MtkCam/ParamsManager: -fullscan-frame-interval-max=65535;eng-focus-fullscan-frame-interval-min=0;eng-save-shading-table=0;eng-shading-table=0;exposure-compensation=0;exposure-compensation-step=1.0;fb-sharp=0;fb-sharp-max=4;fb-sharp-min=-4;fb-skin-color=0;fb-skin-color-max=4;fb-skin-color-min=-4;fb-smooth-level=0;fb-smooth-level-max=4;fb-smooth-level-min=-4;flash-mode=off;flash-mode-values=off;focal-length=3.5;focus-distances=0.95,1.9,Infinity;focus-mode=auto;focus-mode-values=auto,macro,infinity,continuous-picture,continuous-video,manual,fullscan;horizontal-view-angle=60;hue=middle;hue-values=low,middle,high;iso-speed=auto;iso-speed-values=auto,100,200,400,800,1600;jpeg-quality=100;jpeg-thumbnail-height=128;jpeg-thumbnail-quality=100;jpeg-thumbnail-size-values=0x0,160x128,320x240
11-21 15:51:34.267  1126  1126 D MtkCam/ParamsManager: ;jpeg-thumbnail-width=160;max-exposure-compensation=3;max-num-detected-faces-hw=15;max-num-detected-faces-sw=0;max-num-focus-areas=1;max-num-metering-areas=9;max-num-ot=1;max-zoom=10;min-exposure-compensation=-3;mtk-cam-mode=0;picture-format=jpeg;picture-format-values=jpeg;picture-size=2560x1920;picture-size-values=320x240,640x480,1024x768,1280x720,1280x768,1280x960,1600x1200,2048x1536,2560x1440,2560x1920,3264x2448,3328x1872,2880x1728,3600x2160;preferred-preview-size-for-video=1280x720;preview-format=yuv420sp;preview-format-values=yuv420sp,yuv420p,yuv420i-yyuvyy-3plane;preview-fps-range=5000,60000;preview-fps-range-values=(5000,60000);preview-frame-rate=30;preview-frame-rate-values=15,24,30;preview-size=640x480;preview-size-values=176x144,320x240,352x288,480
11-21 15:51:34.267  1126  1126 D MtkCam/ParamsManager: x320,480x368,640x480,720x480,800x480,800x600,864x480,960x540,1280x720;rotation=0;saturation=middle;saturation-values=low,middle,high;scene-mode=auto;scene-mode-values=auto,portrait,landscape,night,night-portrait,theatre,beach,snow,sunset,steadyphoto,fireworks,sports,party,candlelight,hdr;sensor-type=252;smooth-zoom-supported=true;vertical-view-angle=40;video-frame-format=yuv420p;video-size=640x480;video-size-values=176x144,480x320,640x480,864x480,1280x720,1920x1080;video-snapshot-supported=true;video-stabilization=false;video-stabilization-supported=true;whitebalance=auto;whitebalance-values=auto,incandescent,fluorescent,warm-fluorescent,daylight,cloudy-daylight,twilight,shade;zoom=0;zoom-ratios=100,114,132,151,174,200,229,263,303,348,400;zoom-supported=true
11-21 15:51:34.267  1126  1126 D MtkCam/ParamsManager: ;zsd-mode=off;zsd-mode-values=off,onade;zoom=0;zoom-ratios=100,114,132,151,174,200,229,263,303,348,400;zoom-supported=true;zsd-mode=off;zsd-mode-values=off,on
11-21 15:51:34.267  1126  1126 D MtkCam/ParamsManager: [updateDefaultParams] - ret(1)
11-21 15:51:34.267  1126  1126 D MtkCam/ParamsManager: [updateHalAppMode] + KEY_CAMERA_MODE:0
11-21 15:51:34.267  1126  1126 D MtkCam/Utils/Property: [set] pid/tid=1126/1126 (hal.appmode)=(Default)
11-21 15:51:34.267  1126  1126 D MtkCam/ParamsManager: [updateHalAppMode] - property:hal.appmode=Default[0]
11-21 15:51:34.267  1126  1126 D MtkCam/CamClient: (1126)[CamClient] this(0xb604b960)
11-21 15:51:34.267  1126  1126 D MtkCam/CamClient: (1126)[init] +
11-21 15:51:34.267  1126  1126 D MtkCam/PrvCB: (1126)[PreviewClient] + this(0xb6073000)
11-21 15:51:34.267  1126  1126 D MtkCam/PrvCB: (1126)[PreviewClient] - debug.camera.previewclient.loglevel=1
11-21 15:51:34.267  1126  1126 D MtkCam/PrvCB: (1126)[init] +
11-21 15:51:34.267  1126  1126 D MtkCam/PrvCB: (1126)[init] -
11-21 15:51:34.267  1126  1126 D MtkCam/CamClient/RecordClient: (1126)[RecordClient] + this(0xb606c540)
11-21 15:51:34.267  1126  1126 D MtkCam/CamClient/RecordClient: (1126)[init] +
11-21 15:51:34.267  1126  1126 D MtkCam/CamClient/RecordClient: (1126)[init] -
11-21 15:51:34.267  1126  1126 D MtkCam/CamClient/FDClient: (1126)[FDClient] + this(0xb60155a0)
11-21 15:51:34.267  1126  1126 D MtkCam/CamClient/FDClient: (1126)[init] +
11-21 15:51:34.267  1126  1126 D MtkCam/CamClient/FDClient: (1126)[init] -
11-21 15:51:34.267  1126  1250 D MtkCam/CamClient/RecordClient: (1250)[readyToRun] policy:(expect, result)=(2, 2), priority:(expect, result)=(268435546, 90)
11-21 15:51:34.268  1126  1126 D MtkCam/CamClient/OTClient: (1126)[OTClient] + this(0xb60153c0)
11-21 15:51:34.268  1126  1250 D MtkCam/CamClient/RecordClient: (1250)[getCommand] + que size(0)
11-21 15:51:34.268  1126  1126 D MtkCam/CamClient/OTClient: (1126)[init] +
11-21 15:51:34.268  1126  1126 D MtkCam/CamClient/OTClient: (1126)[init] -
11-21 15:51:34.268  1126  1126 D MtkCam/CamClient/PREFEATUREBASE: (1126)[PREFEATUREABSE] + this(0xb600a240)
11-21 15:51:34.268  1126  1126 D MtkCam/CamClient/PREFEATUREBASE: (1126)[init] +
11-21 15:51:34.268  1126  1126 D MtkCam/CamClient/PREFEATUREBASE: (1126)[init] -
11-21 15:51:34.268  1126  1126 D MtkCam/CamClient: (1126)[init] - ret(1)
11-21 15:51:34.268  1126  1126 D MtkCam/Cam1Device: (1126)(Default:1)[Cam1DeviceBase::onInit] - ret(1)
11-21 15:51:34.268  1126  1126 I MtkCam/MtkCamUtils: {CamProfile}[DefaultCam1Device::onInit] : (3-th) ===> [start-->now: 147 ms] [last-->now: 10 ms]
11-21 15:51:34.268  1126  1126 D MtkCam/Cam1Device: (1126)(Default:1)[onInit] - ret(1)
11-21 15:51:34.268  1126  1126 I MtkCam/Cam1DeviceFactory: (1126)[createCam1Device] - 0xb600d300
11-21 15:51:34.268  1126  1126 D MtkCam/devicemgr: [attachDeviceLocked] device: Default 1 OpenTimestamp:13715367850
11-21 15:51:34.268  1126  1126 D MtkCam/CamClient/PREFEATUREBASE: (1126)[setCallbacks] setCallbacks + 
11-21 15:51:34.270  1126  1126 I MtkCam/Cam1Device: (1126)(Default:1)[Cam1DeviceBase::setPreviewWindow] + window(0xb6056b50)
11-21 15:51:34.270  1126  1126 D MtkCam/Cam1Device: (1126)(Default:1)[Cam1DeviceBase::initDisplayClient] + window(0xb6056b50)
11-21 15:51:34.270  1126  1126 D MtkCam/DisplayClient: (1126)[DisplayClient] +
11-21 15:51:34.270  1126  1126 D MtkCam/DisplayClient: (1126)[DisplayClient] - debug.camera.display.loglevel=1
11-21 15:51:34.270  1126  1126 D MtkCam/DisplayClient: (1126)[init] +
11-21 15:51:34.270  1126  1126 D MtkCam/DisplayClient: (1126)[createImgBufQueue] +
11-21 15:51:34.270  1126  1126 D MtkCam/ExtImgProc: (1126)[init]First user(0)
11-21 15:51:34.270  1126  1126 D MtkCam/DisplayClient: (1126)[createImgBufQueue] -
11-21 15:51:34.270  1126  1251 D MtkCam/DisplayClient: (1251)[DisplayThread::readyToRun] policy:(expect, result)=(2, 2), priority:(expect, result)=(268435547, 91)
11-21 15:51:34.270  1126  1126 D MtkCam/DisplayClient: (1126)[init] - ret(1)
11-21 15:51:34.270  1126  1251 D MtkCam/DisplayClient: (1251)[DisplayThread::getCommand] + que size(0)
11-21 15:51:34.270  1126  1126 I MtkCam/DisplayClient: (1126)[setWindow] + window(0xb6056b50), WxH=640x480, count(3)
11-21 15:51:34.270  1126  1126 V MtkCam/MtkCamUtils: [queryBitsPerPixel] [yv12-gpu] bit per pixel: 12
11-21 15:51:34.270  1126  1126 D MtkCam/DisplayClient: [Camera@Display](yv12-gpu@640x480@12-bit)
11-21 15:51:34.270  1126  1126 I MtkCam/DisplayClient: (1126)[set_preview_stream_ops] set_buffer_count(5) = wanted_buf_count(3) + min_undequeued_buf_count(2)
11-21 15:51:34.271  1126  1126 D MtkCam/Cam1Device: (1126)(Default:1)[Cam1DeviceBase::initDisplayClient] - status(0)
11-21 15:51:34.271  1126  1126 V MtkCam/Cam1Device: (1126)(Default:1)[Cam1DeviceBase::previewEnabled] mIsPreviewEnabled:0, mpCamAdapter:0x0
11-21 15:51:34.272  1126  1126 D MtkCam/ParamsManager: [showParameters]  5, 3108
11-21 15:51:34.273  1126  1126 D MtkCam/ParamsManager: afeng-max-focus-step=0;afeng-min-focus-step=0;antibanding=off;antibanding-values=off,50hz,60hz,auto;auto-exposure-lock-supported=true;auto-whitebalance-lock-supported=true;brightness=middle;brightness-values=low,middle,high;brightness_value=0;burst-num=1;cap-mode=normal;cap-mode-values=normal,face_beauty,continuousshot,smileshot,bestshot,autorama,mav,asd,motiontrack;capfname=/sdcard/DCIM/cap00;contrast=middle;contrast-values=low,middle,high;cshot-indicator=true;cshot-indicator-supported=true;edge=middle;edge-values=low,middle,high;effect=none;effect-values=none,mono,negative,sepia,aqua,whiteboard,blackboard;eng-flash-duty-max=1;eng-flash-duty-min=0;eng-flash-duty-value=-1;eng-flash-step-max=0;eng-flash-step-min=0;eng-focus-fullscan-frame-interval=0;eng-focus
11-21 15:51:34.273  1126  1126 D MtkCam/ParamsManager: -fullscan-frame-interval-max=65535;eng-focus-fullscan-frame-interval-min=0;eng-save-shading-table=0;eng-shading-table=0;exposure-compensation=0;exposure-compensation-step=1.0;fb-sharp=0;fb-sharp-max=4;fb-sharp-min=-4;fb-skin-color=0;fb-skin-color-max=4;fb-skin-color-min=-4;fb-smooth-level=0;fb-smooth-level-max=4;fb-smooth-level-min=-4;flash-mode=off;flash-mode-values=off;focal-length=3.5;focus-distances=0.95,1.9,Infinity;focus-mode=auto;focus-mode-values=auto,macro,infinity,continuous-picture,continuous-video,manual,fullscan;horizontal-view-angle=60;hue=middle;hue-values=low,middle,high;iso-speed=auto;iso-speed-values=auto,100,200,400,800,1600;jpeg-quality=100;jpeg-thumbnail-height=128;jpeg-thumbnail-quality=100;jpeg-thumbnail-size-values=0x0,160x128,320x240
11-21 15:51:34.273  1126  1126 D MtkCam/ParamsManager: ;jpeg-thumbnail-width=160;max-exposure-compensation=3;max-num-detected-faces-hw=15;max-num-detected-faces-sw=0;max-num-focus-areas=1;max-num-metering-areas=9;max-num-ot=1;max-zoom=10;min-exposure-compensation=-3;mtk-cam-mode=0;picture-format=jpeg;picture-format-values=jpeg;picture-size=2560x1920;picture-size-values=320x240,640x480,1024x768,1280x720,1280x768,1280x960,1600x1200,2048x1536,2560x1440,2560x1920,3264x2448,3328x1872,2880x1728,3600x2160;preferred-preview-size-for-video=1280x720;preview-format=yuv420sp;preview-format-values=yuv420sp,yuv420p,yuv420i-yyuvyy-3plane;preview-fps-range=5000,60000;preview-fps-range-values=(5000,60000);preview-frame-rate=30;preview-frame-rate-values=15,24,30;preview-size=640x480;preview-size-values=176x144,320x240,352x288,480
11-21 15:51:34.273  1126  1126 D MtkCam/ParamsManager: x320,480x368,640x480,720x480,800x480,800x600,864x480,960x540,1280x720;rotation=0;saturation=middle;saturation-values=low,middle,high;scene-mode=auto;scene-mode-values=auto,portrait,landscape,night,night-portrait,theatre,beach,snow,sunset,steadyphoto,fireworks,sports,party,candlelight,hdr;sensor-type=252;smooth-zoom-supported=true;vertical-view-angle=40;video-frame-format=yuv420p;video-size=640x480;video-size-values=176x144,480x320,640x480,864x480,1280x720,1920x1080;video-snapshot-supported=true;video-stabilization=false;video-stabilization-supported=true;whitebalance=auto;whitebalance-values=auto,incandescent,fluorescent,warm-fluorescent,daylight,cloudy-daylight,twilight,shade;zoom=0;zoom-ratios=100,114,132,151,174,200,229,263,303,348,400;zoom-supported=true
11-21 15:51:34.273  1126  1126 D MtkCam/ParamsManager: ;zsd-mode=off;zsd-mode-values=off,onade;zoom=0;zoom-ratios=100,114,132,151,174,200,229,263,303,348,400;zoom-supported=true;zsd-mode=off;zsd-mode-values=off,on
11-21 15:51:34.273  1126  1126 D MtkCam/ParamsManager: [setParameters] +
11-21 15:51:34.273  1126  1126 D MtkCam/ParamsManager: [setParameters] AutoWLock
11-21 15:51:34.274  1126  1126 D MtkCam/ParamsManager: [updatePreviewSize] +
11-21 15:51:34.274  1126  1126 D MtkCam/ParamsManager: [updatePreviewSize] -
11-21 15:51:34.274  1126  1126 D MtkCam/ParamsManager: [setParameters] -
11-21 15:51:34.274  1126  1126 D ae_mgr  : Unsupport AE frame rate range value: 0 0
11-21 15:51:34.274  1126  1126 D ae_mgr  : setAEMeteringArea m_isAeMeterAreaEn=1
11-21 15:51:34.274  1126  1126 D af_mgr  : [setAFArea][Cnt]0 [L]0 [R]0 [U]0 [B]0
11-21 15:51:34.274  1126  1126 D af_mgr  : [setAFArea][Cnt]1 [L]0 [R]0 [U]0 [B]0 to [Cnt]1 [W]0 [H]0 [X]0 [Y]0
11-21 15:51:34.274  1126  1126 D af_mgr  : [setCamMode]0
11-21 15:51:34.274  1126  1126 D awb_mgr : i4NewAWBMode: 1
11-21 15:51:34.274  1126  1126 D awb_mgr : [AwbMgr::setAWBLock] bAWBLock: 0
11-21 15:51:34.274  1126  1126 D flash_mgr.cpp: setSensorDev
11-21 15:51:34.274  1126  1126 D flash_mgr.cpp: setFlashMode+ mode=2
11-21 15:51:34.274  1126  1126 D flash_mgr.cpp: OA XO XX OO OT TO TT
11-21 15:51:34.274  1126  1126 D flash_mgr.cpp: nonepreview
11-21 15:51:34.274  1126  1126 D flash_mgr.cpp: off
11-21 15:51:34.274  1126  1126 D FlashlightDrv: getInstance line=140
11-21 15:51:34.274  1126  1126 D FlashlightDrv: initTemp line=602
11-21 15:51:34.274  1126  1126 D FlashlightDrv: [initTemp] mUsers = 1
11-21 15:51:34.274  1126  1126 D FlashlightDrv: 
11-21 15:51:34.274  1126  1126 D FlashlightDrv: uninitNoLock user=1
11-21 15:51:34.275  1126  1126 D FlashlightDrv: [init] m_fdSTROBE = 38 t=0
11-21 15:51:34.275  1126  1126 D FlashlightDrv: 
11-21 15:51:34.275  1126  1126 D FlashlightDrv: [init] sensorDev = 2
11-21 15:51:34.275  1126  1126 D FlashlightDrv: 
11-21 15:51:34.275  1126  1126 D flash_mgr.cpp: turnOffFlashDevice line=2880
11-21 15:51:34.275  1126  1126 D FlashlightDrv: getInstance line=140
11-21 15:51:34.275  1126  1126 D aaa_state: FPreF en=0
11-21 15:51:34.275  1126  1126 D FlashlightDrv: setOnOff() isOn = 0
11-21 15:51:34.275  1126  1126 D FlashlightDrv: 
11-21 15:51:34.275  1126  1126 D aaa_state: FPostF en=0
11-21 15:51:34.275  1126  1126 D awb_mgr : setStrobeMode: i4NewStrobeMode=1
11-21 15:51:34.275  1126  1126 D FlashlightDrv: setTimeOutTime(ms=1000)
11-21 15:51:34.275  1126  1126 D flash_mgr.cpp: turnOffFlashDevice-thisFireEndTime=0
11-21 15:51:34.275  1126  1126 D flash_mgr.cpp: setFlashMode-
11-21 15:51:34.275  1126  1126 D flash_mgr.cpp: setShotMode() mode=0
11-21 15:51:34.275  1126  1126 D flash_mgr.cpp: setCamMode mode=0
11-21 15:51:34.275  1126  1126 D flash_mgr.cpp: setEvComp ind=0 evs=0.000000
11-21 15:51:34.275  1126  1126 D FLICKER : [FLK Hal] FFLK func=getInstance line=185
11-21 15:51:34.275  1126  1126 D FLICKER : [FLK Hal] F=setFlickerMode L=2110
11-21 15:51:34.275  1126  1126 D FLICKER : [FLK Hal] 60
11-21 15:51:34.275  1126  1126 D FLICKER : [FLK Hal] other mode - frmAct off mode=0
11-21 15:51:34.275  1126  1126 D aaa_sensor_mgr: setFlickerFrameRateActive en=0
11-21 15:51:34.275  1126  1126 I MtkCam/Cam1Device: (1126)(Default:1)[Cam1DeviceBase::stopPreview] +
11-21 15:51:34.275  1126  1126 V MtkCam/Cam1Device: (1126)(Default:1)[Cam1DeviceBase::previewEnabled] mIsPreviewEnabled:0, mpCamAdapter:0x0
11-21 15:51:34.275  1126  1126 D MtkCam/Cam1Device: (1126)(Default:1)[Cam1DeviceBase::stopPreview] Preview already stopped, perhaps!
11-21 15:51:34.275  1126  1126 D MtkCam/Cam1Device: (1126)(Default:1)[Cam1DeviceBase::stopPreview] We still force to clean up again.
11-21 15:51:34.275  1126  1126 D MtkCam/CamClient: (1126)[stopPreview] +
11-21 15:51:34.275  1126  1126 D MtkCam/PrvCB: (1126)[stopPreview] + current mIsPrvStarted=0
11-21 15:51:34.275  1126  1126 D MtkCam/CamClient/FDClient: (1126)[stopFaceDetection] +
11-21 15:51:34.275  1126  1126 D MtkCam/CamClient/FDClient: (1126)[stopFaceDetection] isEnabledState(0) +
11-21 15:51:34.275  1126  1126 W MtkCam/CamClient/FDClient: (1126)[stopFaceDetection] FD was not running
11-21 15:51:34.275  1126  1126 D MtkCam/CamClient/FDClient: (1126)[stopFaceDetection] -
11-21 15:51:34.275  1126  1126 D SensorHal: [getInstance][SensorHalImp] getInstance 
11-21 15:51:34.276  1126  1126 D SensorHal: [createImp][createImp]: 2 
11-21 15:51:34.276  1126  1126 D SensorHal: [createImp]  Has created 
11-21 15:51:34.276  1126  1126 D ImgSensorDrv: [getInstance][ImgSensorDrv] getInstance 
11-21 15:51:34.276  1126  1126 D SensorHal: [sendCommand]  Sensor Dev: 2 
11-21 15:51:34.276  1126  1126 D SeninfDrvImp: [sendCommand][sendCommand] cmd: 0x1000 
11-21 15:51:34.276  1126  1126 D SensorHal: [init][init]: 2 
11-21 15:51:34.276  1126  1126 D SensorHal: [init]  Has inited 
11-21 15:51:34.276  1126  1126 D ImgSensorDrv: [getInstance][ImgSensorDrv] getInstance 
11-21 15:51:34.276  1126  1126 D SensorHal: [uninit][uninit]: 3 
11-21 15:51:34.276  1126  1126 D SensorHal: [uninit]  Still users 
11-21 15:51:34.276  1126  1126 D SensorHal: [deleteImp][deleteImp]: 3 
11-21 15:51:34.276  1126  1126 D SensorHal: [deleteImp]  Still users 
11-21 15:51:34.276  1126  1126 D aaa_hal : IState::sm_3APvLogEnable = 0
11-21 15:51:34.276  1126  1126 D aaa_hal : [init()] m_Users: 1 
11-21 15:51:34.276  1126  1126 D aaa_hal : 1 has created 
11-21 15:51:34.276  1126  1126 D aaa_hal : [uninit()] m_Users: 2 
11-21 15:51:34.276  1126  1126 D aaa_hal : Still 1 users 
11-21 15:51:34.276  1126  1126 D MtkCam/CamClient/OTClient: (1126)[stopOT] +
11-21 15:51:34.276  1126  1126 D MtkCam/CamClient/OTClient: (1126)[stopOT] isEnabledState(0) +
11-21 15:51:34.276  1126  1126 W MtkCam/CamClient/OTClient: (1126)[stopOT] OT was not running
11-21 15:51:34.276  1126  1126 D MtkCam/CamClient/OTClient: (1126)[stopOT] -
11-21 15:51:34.276  1126  1126 D MtkCam/CamClient: (1126)[stopPreview] -
11-21 15:51:34.276  1126  1126 D MtkCam/DisplayClient: (1126)[disableDisplay] + isDisplayEnabled(0)
11-21 15:51:34.276  1126  1126 D MtkCam/DisplayClient: (1126)[disableDisplay] Display is already disabled
11-21 15:51:34.276  1126  1126 D MtkCam/DisplayClient: (1126)[disableDisplay] - isDisplayEnabled(0)
11-21 15:51:34.276  1126  1126 I MtkCam/Cam1Device: (1126)(Default:1)[Cam1DeviceBase::stopPreview] -
11-21 15:51:34.277  1126  1126 I MtkCam/Cam1Device: (1126)(Default:1)[Cam1DeviceBase::setPreviewWindow] + window(0x0)
11-21 15:51:34.277  1126  1126 D MtkCam/Cam1Device: (1126)(Default:1)[Cam1DeviceBase::initDisplayClient] + window(0x0)
11-21 15:51:34.277  1126  1126 W MtkCam/Cam1Device: (1126)(Default:1)[Cam1DeviceBase::initDisplayClient] NULL window is passed into...
11-21 15:51:34.277  1126  1126 W MtkCam/Cam1Device: (1126)(Default:1)[Cam1DeviceBase::initDisplayClient] destroy the current display client(0xb606c620)...
11-21 15:51:34.277  1126  1126 I MtkCam/DisplayClient: (1126)[uninit] + getStrongCount(2)
11-21 15:51:34.277  1126  1126 D MtkCam/DisplayClient: (1126)[disableDisplay] + isDisplayEnabled(0)
11-21 15:51:34.277  1126  1126 D MtkCam/DisplayClient: (1126)[disableDisplay] Display is already disabled
11-21 15:51:34.277  1126  1126 D MtkCam/DisplayClient: (1126)[disableDisplay] - isDisplayEnabled(0)
11-21 15:51:34.277  1126  1126 D MtkCam/DisplayClient: (1126)[destroyDisplayThread] DisplayThread: (tid, getStrongCount, pDisplayThread)=(1251, 2, 0xb6061800)
11-21 15:51:34.278  1126  1126 D MtkCam/DisplayClient: (1126)[DisplayThread::requestExit] +
11-21 15:51:34.278  1126  1126 D MtkCam/DisplayClient: (1126)[DisplayThread::postCommand] - new command::eID_EXIT
11-21 15:51:34.278  1126  1126 D MtkCam/DisplayClient: (1126)[DisplayThread::requestExit] -
11-21 15:51:34.278  1126  1251 D MtkCam/DisplayClient: (1251)[DisplayThread::getCommand] command:eID_EXIT
11-21 15:51:34.278  1126  1251 D MtkCam/DisplayClient: (1251)[DisplayThread::getCommand] - que size(0), ret(1)
11-21 15:51:34.278  1126  1251 D MtkCam/DisplayClient: (1251)[DisplayThread::threadLoop] Command::eID_EXIT
11-21 15:51:34.278  1126  1251 D MtkCam/DisplayClient: (1251)[DisplayThread::threadLoop] - mpThreadHandler.get(0xb606c624)
11-21 15:51:34.278  1126  1126 D MtkCam/DisplayClient: (1126)[destroyDisplayThread] join() exit
11-21 15:51:34.278  1126  1126 D MtkCam/DisplayClient: (1126)[destroyImgBufQueue] +
11-21 15:51:34.278  1126  1126 D MtkCam/ExtImgProc: (1126)[uninit]Last user(0)
11-21 15:51:34.278  1126  1126 D MtkCam/DisplayClient: (1126)[destroyImgBufQueue] -
11-21 15:51:34.278  1126  1126 I MtkCam/DisplayClient: (1126)[uninit] - getStrongCount(1)
11-21 15:51:34.278  1126  1126 D MtkCam/DisplayClient: (1126)[~DisplayClient] +
11-21 15:51:34.278  1126  1126 D MtkCam/Cam1Device: (1126)(Default:1)[Cam1DeviceBase::initDisplayClient] - status(0)
11-21 15:51:34.278  1126  1126 V MtkCam/Cam1Device: (1126)(Default:1)[Cam1DeviceBase::previewEnabled] mIsPreviewEnabled:0, mpCamAdapter:0x0
11-21 15:51:34.278  1126  1126 D MtkCam/Cam1Device: (1126)(Default:1)[onUninit] +
11-21 15:51:34.278  1126  1126 D MtkCam/Cam1Device: (1126)(Default:1)[Cam1DeviceBase::onUninit] +
11-21 15:51:34.279  1126  1126 I MtkCam/CamClient: (1126)[uninit] + getStrongCount(1)
11-21 15:51:34.279  1126  1126 D MtkCam/PrvCB: (1126)[uninit] +
11-21 15:51:34.279  1126  1126 D MtkCam/PrvCB: (1126)[uninit] getThreadId(1249), getStrongCount(2), this(0xb6073000)
11-21 15:51:34.279  1126  1126 D MtkCam/PrvCB: (1126)[requestExit] +
11-21 15:51:34.279  1126  1126 D MtkCam/PrvCB: (1126)[postCommand] - new command::eID_EXIT
11-21 15:51:34.279  1126  1126 D MtkCam/PrvCB: (1126)[requestExit] -
11-21 15:51:34.279  1126  1249 D MtkCam/PrvCB: (1249)[getCommand] command:eID_EXIT
11-21 15:51:34.279  1126  1249 D MtkCam/PrvCB: (1249)[threadLoop] Command::eID_EXIT
11-21 15:51:34.279  1126  1249 D MtkCam/PrvCB: (1249)[threadLoop] -
11-21 15:51:34.279  1126  1126 D MtkCam/PrvCB: (1126)[uninit] join() exit
11-21 15:51:34.279  1126  1126 D MtkCam/PrvCB: (1126)[uninit] -
11-21 15:51:34.279  1126  1126 D MtkCam/PrvCB: (1126)[~PreviewClient] +
11-21 15:51:34.279  1126  1126 D MtkCam/CamClient/RecordClient: (1126)[uninit] +
11-21 15:51:34.279  1126  1126 D MtkCam/CamClient/RecordClient: (1126)[uninit] getThreadId(1250), getStrongCount(2), this(0xb606c540)
11-21 15:51:34.279  1126  1126 D MtkCam/CamClient/RecordClient: (1126)[requestExit] +
11-21 15:51:34.279  1126  1126 D MtkCam/CamClient/RecordClient: (1126)[postCommand] - new command::eID_EXIT
11-21 15:51:34.279  1126  1126 D MtkCam/CamClient/RecordClient: (1126)[requestExit] -
11-21 15:51:34.279  1126  1250 D MtkCam/CamClient/RecordClient: (1250)[getCommand] command:eID_EXIT
11-21 15:51:34.279  1126  1126 D MtkCam/CamClient/RecordClient: (1126)[uninit] mbThreadExit(0),waitThreadExitCnt(0)
11-21 15:51:34.279  1126  1250 D MtkCam/CamClient/RecordClient: (1250)[getCommand] - que size(0), ret(1)
11-21 15:51:34.279  1126  1250 D MtkCam/CamClient/RecordClient: (1250)[threadLoop] Command::eID_EXIT
11-21 15:51:34.279  1126  1250 D MtkCam/CamClient/RecordClient: (1250)[threadLoop] -
11-21 15:51:34.290  1126  1126 D MtkCam/CamClient/RecordClient: (1126)[uninit] mbThreadExit(1),waitThreadExitCnt(1)
11-21 15:51:34.290  1126  1126 D MtkCam/CamClient/RecordClient: (1126)[uninit] -
11-21 15:51:34.290  1126  1126 D MtkCam/CamClient/RecordClient: (1126)[~RecordClient] -
11-21 15:51:34.290  1126  1126 D MtkCam/CamClient/FDClient: (1126)[uninit] +
11-21 15:51:34.290  1126  1126 D MtkCam/CamClient/FDClient: (1126)[uninit] getThreadId(0), getStrongCount(1), this(0xb60155a0)
11-21 15:51:34.290  1126  1126 D MtkCam/CamClient/FDClient: (1126)[requestExit] +
11-21 15:51:34.290  1126  1126 D MtkCam/CamClient/FDClient: (1126)[postCommand] - new command::1
11-21 15:51:34.290  1126  1126 D MtkCam/CamClient/FDClient: (1126)[requestExit] -
11-21 15:51:34.290  1126  1126 D MtkCam/CamClient/FDClient: (1126)[uninit] join() exit
11-21 15:51:34.290  1126  1126 D MtkCam/CamClient/FDClient: (1126)[uninit] -
11-21 15:51:34.290  1126  1126 D MtkCam/CamClient/FDClient: (1126)[~FDClient] -
11-21 15:51:34.290  1126  1126 D MtkCam/CamClient/OTClient: (1126)[uninit] +
11-21 15:51:34.290  1126  1126 D MtkCam/CamClient/OTClient: (1126)[uninit] getThreadId(0), getStrongCount(1), this(0xb60153c0)
11-21 15:51:34.290  1126  1126 D MtkCam/CamClient/OTClient: (1126)[requestExit] +
11-21 15:51:34.290  1126  1126 D MtkCam/CamClient/OTClient: (1126)[postCommand] - new command::1
11-21 15:51:34.290  1126  1126 D MtkCam/CamClient/OTClient: (1126)[requestExit] -
11-21 15:51:34.290  1126  1126 D MtkCam/CamClient/OTClient: (1126)[uninit] join() exit
11-21 15:51:34.290  1126  1126 D MtkCam/CamClient/OTClient: (1126)[uninit] -
11-21 15:51:34.290  1126  1126 D MtkCam/CamClient/OTClient: (1126)[~OTClient] -
11-21 15:51:34.290  1126  1126 D MtkCam/CamClient/PREFEATUREBASE: (1126)[uninit] +
11-21 15:51:34.290  1126  1126 D MtkCam/MtkCamUtils: (PrvFeatureBuf@ImgBufQue)[flushProcessor] TODO Que.size(0)
11-21 15:51:34.290  1126  1126 D MtkCam/CamClient/PREFEATUREBASE: (1126)[uninit] -
11-21 15:51:34.290  1126  1126 D MtkCam/CamClient/PREFEATUREBASE: (1126)[~PREFEATUREABSE] -
11-21 15:51:34.290  1126  1126 I MtkCam/CamClient: (1126)[uninit] - getStrongCount(1)
11-21 15:51:34.290  1126  1126 D MtkCam/CamClient: (1126)[~CamClient] 
11-21 15:51:34.290  1126  1126 D MtkCam/Cam1Device: (1126)(Default:1)[Cam1DeviceBase::onUninit] -
11-21 15:51:34.290  1126  1126 I MtkCam/MtkCamUtils: {CamProfile}[DefaultCam1Device::onUninit] Cam1DeviceBase::onUninit() -: (0-th) ===> [start-->now: 11 ms]
11-21 15:51:34.290  1126  1126 D aaa_hal : [uninit()] m_Users: 1 
11-21 15:51:34.290  1126  1126 D aaa_hal/3Athread: +
11-21 15:51:34.290  1126  1126 D aaa_hal/3Athread: mCmdQ size(0) + cmd(12)
11-21 15:51:34.291  1126  1243 D aaa_hal/3Athread: CmdQ-size(1), todo(12)
11-21 15:51:34.291  1126  1243 D aaa_hal/3Athread: -
11-21 15:51:34.291  1126  1126 D aaa_hal/3Athread: -
11-21 15:51:34.291  1126  1126 I IspDrv  : {IspDrv} [uninit] +,mInitCount(7)
11-21 15:51:34.291  1126  1126 I IspDrv  : {IspDrv} [ProfilingPrint] [Event_IspDrv_Uninit] atomic_dec:(0-th) ===> [start-->now: 0.036000 ms]
11-21 15:51:34.291  1126  1126 I IspDrv  : {IspDrv} [uninit] -,ret(1),mInitCount(6)
11-21 15:51:34.291  1126  1126 I IspDrv  : {IspDrv} [ProfilingPrint] [Event_IspDrv_Uninit] Exit:(1-th) ===> [start-->now: 0.112000 ms] [last-->now: 0.076000 ms]
11-21 15:51:34.291  1126  1244 D aaa_hal : [Hal3A::AFThreadFunc] sem_wait g_semAFThreadstart done
11-21 15:51:34.291  1126  1244 D aaa_hal : [AFThread] End 
11-21 15:51:34.292  1126  1126 D aaa_hal : [AFThread] Delete
11-21 15:51:34.292  1126  1126 D aaa_state: [StateInit::sendIntent]<eIntent_Uninit>
11-21 15:51:34.292  1126  1126 D flash_mgr.cpp: turnOffFlashDevice line=2880
11-21 15:51:34.292  1126  1126 D FlashlightDrv: getInstance line=140
11-21 15:51:34.292  1126  1126 D aaa_state: FPreF en=0
11-21 15:51:34.292  1126  1126 D FlashlightDrv: setOnOff() isOn = 0
11-21 15:51:34.292  1126  1126 D FlashlightDrv: 
11-21 15:51:34.292  1126  1126 D aaa_state: FPostF en=0
11-21 15:51:34.292  1126  1126 D awb_mgr : setStrobeMode: i4NewStrobeMode=1
11-21 15:51:34.292  1126  1126 D FlashlightDrv: setTimeOutTime(ms=1000)
11-21 15:51:34.292  1126  1126 D flash_mgr.cpp: turnOffFlashDevice-thisFireEndTime=0
11-21 15:51:34.292  1126  1126 D buf_mgr : [int NS3A::BufMgr::uninit()()] - E. m_Users: 1 
11-21 15:51:34.292  1126  1126 I Drv/IMem: Drv/IMem[freeVirtBuf] mID[0x10]/size[0xd6f0]/VA[0xb2b1f000]/PA[0xd00000]
11-21 15:51:34.292  1126  1126 I Drv/IMem: Drv/IMem[freeVirtBuf] mID[0x11]/size[0xd6f0]/VA[0xb2b11000]/PA[0xe00000]
11-21 15:51:34.293  1126  1126 I Drv/IMem: Drv/IMem[freeVirtBuf] mID[0x12]/size[0x128]/VA[0xb69b4000]/PA[0xf00000]
11-21 15:51:34.293  1126  1126 I IspDrv  : {IspDrv} [uninit] +,mInitCount(6)
11-21 15:51:34.293  1126  1126 I IspDrv  : {IspDrv} [ProfilingPrint] [Event_IspDrv_Uninit] atomic_dec:(0-th) ===> [start-->now: 0.042000 ms]
11-21 15:51:34.293  1126  1126 I IspDrv  : {IspDrv} [uninit] -,ret(1),mInitCount(5)
11-21 15:51:34.293  1126  1126 I IspDrv  : {IspDrv} [ProfilingPrint] [Event_IspDrv_Uninit] Exit:(1-th) ===> [start-->now: 0.110000 ms] [last-->now: 0.068000 ms]
11-21 15:51:34.293  1126  1126 D aaa_state: [StateCommon::transitState] StateInit --> StateUninit
11-21 15:51:34.293  1126  1126 I IspDrv  : {IspDrv} [uninit] +,mInitCount(5)
11-21 15:51:34.293  1126  1126 I IspDrv  : {IspDrv} [ProfilingPrint] [Event_IspDrv_Uninit] atomic_dec:(0-th) ===> [start-->now: 0.026000 ms]
11-21 15:51:34.293  1126  1126 I IspDrv  : {IspDrv} [uninit] -,ret(1),mInitCount(4)
11-21 15:51:34.293  1126  1126 I IspDrv  : {IspDrv} [ProfilingPrint] [Event_IspDrv_Uninit] Exit:(1-th) ===> [start-->now: 0.093000 ms] [last-->now: 0.067000 ms]
11-21 15:51:34.293  1126  1126 D paramctrl_lifetime: [+uninit]
11-21 15:51:34.293  1126  1126 D ispdrv_mgr: [uninit()] - E. m_Users: 1 
11-21 15:51:34.293  1126  1126 I IspDrv  : {IspDrv} [uninit] +,mInitCount(4)
11-21 15:51:34.293  1126  1126 I IspDrv  : {IspDrv} [ProfilingPrint] [Event_IspDrv_Uninit] atomic_dec:(0-th) ===> [start-->now: 0.023000 ms]
11-21 15:51:34.293  1126  1126 I IspDrv  : {IspDrv} [uninit] -,ret(1),mInitCount(3)
11-21 15:51:34.293  1126  1126 I IspDrv  : {IspDrv} [ProfilingPrint] [Event_IspDrv_Uninit] Exit:(1-th) ===> [start-->now: 0.079000 ms] [last-->now: 0.056000 ms]
11-21 15:51:34.293  1126  1126 I TdriMgr : [uninit] mInitCount(1)
11-21 15:51:34.293  1126  1126 I Drv/IMem: Drv/IMem[freeVirtBuf] mID[0x15]/size[0x150]/VA[0xb69ae000]/PA[0x0]
11-21 15:51:34.294  1126  1126 I Drv/IMem: Drv/IMem[freeVirtBuf] mID[0x16]/size[0x144]/VA[0xb69a3000]/PA[0x0]
11-21 15:51:34.294  1126  1126 I Drv/IMem: Drv/IMem[freeVirtBuf] mID[0x17]/size[0x144]/VA[0xb699b000]/PA[0x0]
11-21 15:51:34.294  1126  1126 I Drv/IMem: Drv/IMem[freeVirtBuf] mID[0x18]/size[0x144]/VA[0xb6993000]/PA[0x0]
11-21 15:51:34.294  1126  1126 I Drv/IMem: Drv/IMem[freeVirtBuf] mID[0x19]/size[0xc18cc]/VA[0xb27f8000]/PA[0x0]
11-21 15:51:34.294  1126  1126 I TpipeDrv: [TpipeDrv][virtual MBOOL TpipeDrvImp::uninit()] X
11-21 15:51:34.294  1126  1126 I IspDrv  : {IspDrv} [uninit] +,mInitCount(3)
11-21 15:51:34.294  1126  1126 I IspDrv  : {IspDrv} [ProfilingPrint] [Event_IspDrv_Uninit] atomic_dec:(0-th) ===> [start-->now: 0.022000 ms]
11-21 15:51:34.294  1126  1126 I IspDrv  : {IspDrv} [uninit] -,ret(1),mInitCount(2)
11-21 15:51:34.294  1126  1126 I IspDrv  : {IspDrv} [ProfilingPrint] [Event_IspDrv_Uninit] Exit:(1-th) ===> [start-->now: 0.080000 ms] [last-->now: 0.058000 ms]
11-21 15:51:34.294  1126  1126 I TdriMgr : [uninit] Release
11-21 15:51:34.294  1126  1126 D lsc_mgr : [LscMgr:uninit] 
11-21 15:51:34.294  1126  1126 I IspDrv  : {IspDrv} [uninit] +,mInitCount(2)
11-21 15:51:34.294  1126  1126 I IspDrv  : {IspDrv} [ProfilingPrint] [Event_IspDrv_Uninit] atomic_dec:(0-th) ===> [start-->now: 0.020000 ms]
11-21 15:51:34.294  1126  1126 I IspDrv  : {IspDrv} [uninit] -,ret(1),mInitCount(1)
11-21 15:51:34.294  1126  1126 I IspDrv  : {IspDrv} [ProfilingPrint] [Event_IspDrv_Uninit] Exit:(1-th) ===> [start-->now: 0.065000 ms] [last-->now: 0.045000 ms]
11-21 15:51:34.294  1126  1245 D AppTsf  : [TsfExit] TsfExit
11-21 15:51:34.294  1126  1245 D AppTsf  : [~AppTsf] destructor
11-21 15:51:34.295  1126  1245 D lsc_mgr : [LscMgr:mThreadLoop]  end
11-21 15:51:34.295  1126  1126 D lsc_mgr : ~ RawLscTblUnInit(0)!!!
11-21 15:51:34.295  1126  1126 I Drv/IMem: Drv/IMem[freeVirtBuf] mID[0x1a]/size[0x10000]/VA[0xb27e8000]/PA[0x1200000]
11-21 15:51:34.296  1126  1126 D lsc_mgr : RawLsc free VirtBuf/PhyBuf 0xb27e8000/0x01200000 success
11-21 15:51:34.296  1126  1126 D lsc_mgr : ~ RawLscTblUnInit(1)!!!
11-21 15:51:34.296  1126  1126 I Drv/IMem: Drv/IMem[freeVirtBuf] mID[0x1b]/size[0x10000]/VA[0xb27d8000]/PA[0x1300000]
11-21 15:51:34.296  1126  1126 D lsc_mgr : RawLsc free VirtBuf/PhyBuf 0xb27d8000/0x01300000 success
11-21 15:51:34.296  1126  1126 D lsc_mgr : ~ RawLscTblUnInit(2)!!!
11-21 15:51:34.296  1126  1126 I Drv/IMem: Drv/IMem[freeVirtBuf] mID[0x1c]/size[0x40000]/VA[0xb2798000]/PA[0x1400000]
11-21 15:51:34.296  1126  1126 D lsc_mgr : RawLsc free VirtBuf/PhyBuf 0xb2798000/0x01400000 success
11-21 15:51:34.296  1126  1126 D lsc_mgr : ~ RawLscTblUnInit(3)!!!
11-21 15:51:34.296  1126  1126 I Drv/IMem: Drv/IMem[freeVirtBuf] mID[0x1d]/size[0x10000]/VA[0xb2788000]/PA[0x1500000]
11-21 15:51:34.296  1126  1126 D lsc_mgr : RawLsc free VirtBuf/PhyBuf 0xb2788000/0x01500000 success
11-21 15:51:34.296  1126  1126 D lsc_mgr : ~ RawLscTblUnInit(4)!!!
11-21 15:51:34.296  1126  1126 I Drv/IMem: Drv/IMem[freeVirtBuf] mID[0x1e]/size[0x10000]/VA[0xb2778000]/PA[0x1600000]
11-21 15:51:34.296  1126  1126 D lsc_mgr : RawLsc free VirtBuf/PhyBuf 0xb2778000/0x01600000 success
11-21 15:51:34.296  1126  1126 D lsc_mgr : ~ RawLscTblUnInit(5)!!!
11-21 15:51:34.296  1126  1126 I Drv/IMem: Drv/IMem[freeVirtBuf] mID[0x1f]/size[0x40000]/VA[0xb2738000]/PA[0x1700000]
11-21 15:51:34.297  1126  1126 D lsc_mgr : RawLsc free VirtBuf/PhyBuf 0xb2738000/0x01700000 success
11-21 15:51:34.297  1126  1126 D lsc_mgr : ~ RawLscTblUnInit(0)!!!
11-21 15:51:34.297  1126  1126 I Drv/IMem: Drv/IMem[freeVirtBuf] mID[0x20]/size[0x10000]/VA[0xb2728000]/PA[0x1800000]
11-21 15:51:34.297  1126  1126 D lsc_mgr : RawLsc free VirtBuf/PhyBuf 0xb2728000/0x01800000 success
11-21 15:51:34.297  1126  1126 D lsc_mgr : ~ RawLscTblUnInit(1)!!!
11-21 15:51:34.297  1126  1126 I Drv/IMem: Drv/IMem[freeVirtBuf] mID[0x21]/size[0x10000]/VA[0xb2718000]/PA[0x1900000]
11-21 15:51:34.297  1126  1126 D lsc_mgr : RawLsc free VirtBuf/PhyBuf 0xb2718000/0x01900000 success
11-21 15:51:34.297  1126  1126 I Drv/IMem: Drv/IMem[freeVirtBuf] mID[0x22]/size[0x10000]/VA[0xb2708000]/PA[0x1a00000]
11-21 15:51:34.297  1126  1126 D lsc_mgr : RawLsc free VirtBuf/PhyBuf 0xb2708000/0x01a00000 success
11-21 15:51:34.297  1126  1126 I Drv/IMem: Drv/IMem[freeVirtBuf] mID[0x23]/size[0x10000]/VA[0xb26f8000]/PA[0x1b00000]
11-21 15:51:34.297  1126  1126 D lsc_mgr : RawLsc free VirtBuf/PhyBuf 0xb26f8000/0x01b00000 success
11-21 15:51:34.297  1126  1126 I Drv/IMem: Drv/IMem[freeVirtBuf] mID[0x24]/size[0x10000]/VA[0xb26e8000]/PA[0x1c00000]
11-21 15:51:34.298  1126  1126 D lsc_mgr : RawLsc free VirtBuf/PhyBuf 0xb26e8000/0x01c00000 success
